This file contains any messages produced by compilers while
running configure, to aid debugging if configure makes a mistake.

It was created by libsecp256k1 configure 0.1.0-pre, which was
generated by GNU Autoconf 2.71.  Invocation command line was

  $ ../../../../libwally-core/src/secp256k1/configure --disable-option-checking --prefix=/ CC=cc --enable-static=yes --enable-module-recovery --enable-module-extrakeys --enable-module-schnorrsig --enable-module-musig --enable-elements --enable-shared=no --libdir=/ --enable-debug CFLAGS=-std=c99 PYTHON_VERSION=3 --disable-shared --with-pic --with-bignum=no --enable-experimental --enable-module-ecdh --enable-module-recovery --enable-module-ecdsa-s2c --enable-module-rangeproof --enable-module-surjectionproof --enable-module-whitelist --enable-module-generator --disable-tests --enable-openssl-tests=no --enable-exhaustive-tests=no --enable-benchmark=no --disable-dependency-tracking --with-asm=no --cache-file=/dev/null --srcdir=../../../../libwally-core/src/secp256k1

## --------- ##
## Platform. ##
## --------- ##

hostname = greg-Laptop
uname -m = x86_64
uname -r = 6.8.0-90-generic
uname -s = Linux
uname -v = #91-Ubuntu SMP PREEMPT_DYNAMIC Tue Nov 18 14:14:30 UTC 2025

/usr/bin/uname -p = x86_64
/bin/uname -X     = unknown

/bin/arch              = x86_64
/usr/bin/arch -k       = unknown
/usr/convex/getsysinfo = unknown
/usr/bin/hostinfo      = unknown
/bin/machine           = unknown
/usr/bin/oslevel       = unknown
/bin/universe          = unknown

PATH: /home/greg/go/bin/
PATH: /usr/lib/ccache/
PATH: /home/greg/.local/bin/
PATH: /home/greg/.cargo/bin/
PATH: /home/greg/.local/bin/
PATH: /home/greg/.config/guix/current/bin/
PATH: /usr/local/sbin/
PATH: /usr/local/bin/
PATH: /usr/sbin/
PATH: /usr/bin/
PATH: /sbin/
PATH: /bin/
PATH: /usr/games/
PATH: /usr/local/games/
PATH: /snap/bin/
PATH: /snap/bin/


## ----------- ##
## Core tests. ##
## ----------- ##

configure:2507: looking for aux files: ltmain.sh ar-lib compile missing install-sh config.guess config.sub
configure:2520:  trying ../../../../libwally-core/src/secp256k1/build-aux/
configure:2549:   ../../../../libwally-core/src/secp256k1/build-aux/ltmain.sh found
configure:2549:   ../../../../libwally-core/src/secp256k1/build-aux/ar-lib found
configure:2549:   ../../../../libwally-core/src/secp256k1/build-aux/compile found
configure:2549:   ../../../../libwally-core/src/secp256k1/build-aux/missing found
configure:2531:   ../../../../libwally-core/src/secp256k1/build-aux/install-sh found
configure:2549:   ../../../../libwally-core/src/secp256k1/build-aux/config.guess found
configure:2549:   ../../../../libwally-core/src/secp256k1/build-aux/config.sub found
configure:2670: checking build system type
configure:2685: result: x86_64-pc-linux-gnu
configure:2705: checking host system type
configure:2719: result: x86_64-pc-linux-gnu
configure:2761: checking for a BSD-compatible install
configure:2834: result: /usr/bin/install -c
configure:2845: checking whether build environment is sane
configure:2900: result: yes
configure:3059: checking for a race-free mkdir -p
configure:3103: result: /usr/bin/mkdir -p
configure:3110: checking for gawk
configure:3145: result: no
configure:3110: checking for mawk
configure:3131: found /usr/bin/mawk
configure:3142: result: mawk
configure:3153: checking whether make sets $(MAKE)
configure:3176: result: yes
configure:3206: checking whether make supports nested variables
configure:3224: result: yes
configure:3374: checking whether make supports nested variables
configure:3392: result: yes
configure:3466: checking for gcc
configure:3498: result: cc
configure:3851: checking for C compiler version
configure:3860: cc --version >&5
cc (Ubuntu 13.3.0-6ubuntu2~24.04) 13.3.0
Copyright (C) 2023 Free Software Foundation, Inc.
This is free software; see the source for copying conditions.  There is NO
warranty; not even for MERCHANTABILITY or FITNESS FOR A PARTICULAR PURPOSE.

configure:3871: $? = 0
configure:3860: cc -v >&5
Using built-in specs.
COLLECT_GCC=/usr/bin/cc
COLLECT_LTO_WRAPPER=/usr/libexec/gcc/x86_64-linux-gnu/13/lto-wrapper
OFFLOAD_TARGET_NAMES=nvptx-none:amdgcn-amdhsa
OFFLOAD_TARGET_DEFAULT=1
Target: x86_64-linux-gnu
Configured with: ../src/configure -v --with-pkgversion='Ubuntu 13.3.0-6ubuntu2~24.04' --with-bugurl=file:///usr/share/doc/gcc-13/README.Bugs --enable-languages=c,ada,c++,go,d,fortran,objc,obj-c++,m2 --prefix=/usr --with-gcc-major-version-only --program-suffix=-13 --program-prefix=x86_64-linux-gnu- --enable-shared --enable-linker-build-id --libexecdir=/usr/libexec --without-included-gettext --enable-threads=posix --libdir=/usr/lib --enable-nls --enable-bootstrap --enable-clocale=gnu --enable-libstdcxx-debug --enable-libstdcxx-time=yes --with-default-libstdcxx-abi=new --enable-libstdcxx-backtrace --enable-gnu-unique-object --disable-vtable-verify --enable-plugin --enable-default-pie --with-system-zlib --enable-libphobos-checking=release --with-target-system-zlib=auto --enable-objc-gc=auto --enable-multiarch --disable-werror --enable-cet --with-arch-32=i686 --with-abi=m64 --with-multilib-list=m32,m64,mx32 --enable-multilib --with-tune=generic --enable-offload-targets=nvptx-none=/build/gcc-13-fG75Ri/gcc-13-13.3.0/debian/tmp-nvptx/usr,amdgcn-amdhsa=/build/gcc-13-fG75Ri/gcc-13-13.3.0/debian/tmp-gcn/usr --enable-offload-defaulted --without-cuda-driver --enable-checking=release --build=x86_64-linux-gnu --host=x86_64-linux-gnu --target=x86_64-linux-gnu --with-build-config=bootstrap-lto-lean --enable-link-serialization=2
Thread model: posix
Supported LTO compression algorithms: zlib zstd
gcc version 13.3.0 (Ubuntu 13.3.0-6ubuntu2~24.04) 
... rest of stderr output deleted ...
configure:3871: $? = 0
configure:3860: cc -V >&5
cc: error: unrecognized command-line option '-V'
cc: fatal error: no input files
compilation terminated.
configure:3871: $? = 1
configure:3860: cc -qversion >&5
cc: error: unrecognized command-line option '-qversion'; did you mean '--version'?
cc: fatal error: no input files
compilation terminated.
configure:3871: $? = 1
configure:3860: cc -version >&5
cc: error: unrecognized command-line option '-version'
cc: fatal error: no input files
compilation terminated.
configure:3871: $? = 1
configure:3891: checking whether the C compiler works
configure:3913: cc -std=c99   -O0 -ggdb conftest.c  >&5
configure:3917: $? = 0
configure:3967: result: yes
configure:3970: checking for C compiler default output file name
configure:3972: result: a.out
configure:3978: checking for suffix of executables
configure:3985: cc -o conftest -std=c99   -O0 -ggdb conftest.c  >&5
configure:3989: $? = 0
configure:4012: result: 
configure:4034: checking whether we are cross compiling
configure:4042: cc -o conftest -std=c99   -O0 -ggdb conftest.c  >&5
configure:4046: $? = 0
configure:4053: ./conftest
configure:4057: $? = 0
configure:4072: result: no
configure:4077: checking for suffix of object files
configure:4100: cc -c -std=c99  conftest.c >&5
configure:4104: $? = 0
configure:4126: result: o
configure:4130: checking whether the compiler supports GNU C
configure:4150: cc -c -std=c99  conftest.c >&5
configure:4150: $? = 0
configure:4160: result: yes
configure:4171: checking whether cc accepts -g
configure:4192: cc -c -g  conftest.c >&5
configure:4192: $? = 0
configure:4236: result: yes
configure:4256: checking for cc option to enable C11 features
configure:4271: cc  -c -std=c99  conftest.c >&5
conftest.c:167:3: error: #error "Compiler does not advertise C11 conformance"
  167 | # error "Compiler does not advertise C11 conformance"
      |   ^~~~~
conftest.c:198:12: error: 'syntax' undeclared here (not in a function)
  198 | #define u8 syntax error!
      |            ^~~~~~
conftest.c:199:29: note: in expansion of macro 'u8'
  199 | char const utf8_literal[] = u8"happens to be ASCII" "another string";
      |                             ^~
conftest.c:198:19: error: expected ',' or ';' before 'error'
  198 | #define u8 syntax error!
      |                   ^~~~~
conftest.c:199:29: note: in expansion of macro 'u8'
  199 | char const utf8_literal[] = u8"happens to be ASCII" "another string";
      |                             ^~
configure:4271: $? = 1
configure: failed program was:
| /* confdefs.h */
| #define PACKAGE_NAME "libsecp256k1"
| #define PACKAGE_TARNAME "libsecp256k1"
| #define PACKAGE_VERSION "0.1.0-pre"
| #define PACKAGE_STRING "libsecp256k1 0.1.0-pre"
| #define PACKAGE_BUGREPORT "https://github.com/bitcoin-core/secp256k1/issues"
| #define PACKAGE_URL "https://github.com/bitcoin-core/secp256k1"
| #define PACKAGE "libsecp256k1"
| #define VERSION "0.1.0-pre"
| /* end confdefs.h.  */
| 
| /* Does the compiler advertise C89 conformance?
|    Do not test the value of __STDC__, because some compilers set it to 0
|    while being otherwise adequately conformant. */
| #if !defined __STDC__
| # error "Compiler does not advertise C89 conformance"
| #endif
| 
| #include <stddef.h>
| #include <stdarg.h>
| struct stat;
| /* Most of the following tests are stolen from RCS 5.7 src/conf.sh.  */
| struct buf { int x; };
| struct buf * (*rcsopen) (struct buf *, struct stat *, int);
| static char *e (p, i)
|      char **p;
|      int i;
| {
|   return p[i];
| }
| static char *f (char * (*g) (char **, int), char **p, ...)
| {
|   char *s;
|   va_list v;
|   va_start (v,p);
|   s = g (p, va_arg (v,int));
|   va_end (v);
|   return s;
| }
| 
| /* OSF 4.0 Compaq cc is some sort of almost-ANSI by default.  It has
|    function prototypes and stuff, but not \xHH hex character constants.
|    These do not provoke an error unfortunately, instead are silently treated
|    as an "x".  The following induces an error, until -std is added to get
|    proper ANSI mode.  Curiously \x00 != x always comes out true, for an
|    array size at least.  It is necessary to write \x00 == 0 to get something
|    that is true only with -std.  */
| int osf4_cc_array ['\x00' == 0 ? 1 : -1];
| 
| /* IBM C 6 for AIX is almost-ANSI by default, but it replaces macro parameters
|    inside strings and character constants.  */
| #define FOO(x) 'x'
| int xlc6_cc_array[FOO(a) == 'x' ? 1 : -1];
| 
| int test (int i, double x);
| struct s1 {int (*f) (int a);};
| struct s2 {int (*f) (double a);};
| int pairnames (int, char **, int *(*)(struct buf *, struct stat *, int),
|                int, int);
| 
| // Does the compiler advertise C99 conformance?
| #if !defined __STDC_VERSION__ || __STDC_VERSION__ < 199901L
| # error "Compiler does not advertise C99 conformance"
| #endif
| 
| #include <stdbool.h>
| extern int puts (const char *);
| extern int printf (const char *, ...);
| extern int dprintf (int, const char *, ...);
| extern void *malloc (size_t);
| 
| // Check varargs macros.  These examples are taken from C99 6.10.3.5.
| // dprintf is used instead of fprintf to avoid needing to declare
| // FILE and stderr.
| #define debug(...) dprintf (2, __VA_ARGS__)
| #define showlist(...) puts (#__VA_ARGS__)
| #define report(test,...) ((test) ? puts (#test) : printf (__VA_ARGS__))
| static void
| test_varargs_macros (void)
| {
|   int x = 1234;
|   int y = 5678;
|   debug ("Flag");
|   debug ("X = %d\n", x);
|   showlist (The first, second, and third items.);
|   report (x>y, "x is %d but y is %d", x, y);
| }
| 
| // Check long long types.
| #define BIG64 18446744073709551615ull
| #define BIG32 4294967295ul
| #define BIG_OK (BIG64 / BIG32 == 4294967297ull && BIG64 % BIG32 == 0)
| #if !BIG_OK
|   #error "your preprocessor is broken"
| #endif
| #if BIG_OK
| #else
|   #error "your preprocessor is broken"
| #endif
| static long long int bignum = -9223372036854775807LL;
| static unsigned long long int ubignum = BIG64;
| 
| struct incomplete_array
| {
|   int datasize;
|   double data[];
| };
| 
| struct named_init {
|   int number;
|   const wchar_t *name;
|   double average;
| };
| 
| typedef const char *ccp;
| 
| static inline int
| test_restrict (ccp restrict text)
| {
|   // See if C++-style comments work.
|   // Iterate through items via the restricted pointer.
|   // Also check for declarations in for loops.
|   for (unsigned int i = 0; *(text+i) != '\0'; ++i)
|     continue;
|   return 0;
| }
| 
| // Check varargs and va_copy.
| static bool
| test_varargs (const char *format, ...)
| {
|   va_list args;
|   va_start (args, format);
|   va_list args_copy;
|   va_copy (args_copy, args);
| 
|   const char *str = "";
|   int number = 0;
|   float fnumber = 0;
| 
|   while (*format)
|     {
|       switch (*format++)
| 	{
| 	case 's': // string
| 	  str = va_arg (args_copy, const char *);
| 	  break;
| 	case 'd': // int
| 	  number = va_arg (args_copy, int);
| 	  break;
| 	case 'f': // float
| 	  fnumber = va_arg (args_copy, double);
| 	  break;
| 	default:
| 	  break;
| 	}
|     }
|   va_end (args_copy);
|   va_end (args);
| 
|   return *str && number && fnumber;
| }
| 
| 
| // Does the compiler advertise C11 conformance?
| #if !defined __STDC_VERSION__ || __STDC_VERSION__ < 201112L
| # error "Compiler does not advertise C11 conformance"
| #endif
| 
| // Check _Alignas.
| char _Alignas (double) aligned_as_double;
| char _Alignas (0) no_special_alignment;
| extern char aligned_as_int;
| char _Alignas (0) _Alignas (int) aligned_as_int;
| 
| // Check _Alignof.
| enum
| {
|   int_alignment = _Alignof (int),
|   int_array_alignment = _Alignof (int[100]),
|   char_alignment = _Alignof (char)
| };
| _Static_assert (0 < -_Alignof (int), "_Alignof is signed");
| 
| // Check _Noreturn.
| int _Noreturn does_not_return (void) { for (;;) continue; }
| 
| // Check _Static_assert.
| struct test_static_assert
| {
|   int x;
|   _Static_assert (sizeof (int) <= sizeof (long int),
|                   "_Static_assert does not work in struct");
|   long int y;
| };
| 
| // Check UTF-8 literals.
| #define u8 syntax error!
| char const utf8_literal[] = u8"happens to be ASCII" "another string";
| 
| // Check duplicate typedefs.
| typedef long *long_ptr;
| typedef long int *long_ptr;
| typedef long_ptr long_ptr;
| 
| // Anonymous structures and unions -- taken from C11 6.7.2.1 Example 1.
| struct anonymous
| {
|   union {
|     struct { int i; int j; };
|     struct { int k; long int l; } w;
|   };
|   int m;
| } v1;
| 
| 
| int
| main (int argc, char **argv)
| {
|   int ok = 0;
|   
| ok |= (argc == 0 || f (e, argv, 0) != argv[0] || f (e, argv, 1) != argv[1]);
| 
|   
|   // Check bool.
|   _Bool success = false;
|   success |= (argc != 0);
| 
|   // Check restrict.
|   if (test_restrict ("String literal") == 0)
|     success = true;
|   char *restrict newvar = "Another string";
| 
|   // Check varargs.
|   success &= test_varargs ("s, d' f .", "string", 65, 34.234);
|   test_varargs_macros ();
| 
|   // Check flexible array members.
|   struct incomplete_array *ia =
|     malloc (sizeof (struct incomplete_array) + (sizeof (double) * 10));
|   ia->datasize = 10;
|   for (int i = 0; i < ia->datasize; ++i)
|     ia->data[i] = i * 1.234;
| 
|   // Check named initializers.
|   struct named_init ni = {
|     .number = 34,
|     .name = L"Test wide string",
|     .average = 543.34343,
|   };
| 
|   ni.number = 58;
| 
|   int dynamic_array[ni.number];
|   dynamic_array[0] = argv[0][0];
|   dynamic_array[ni.number - 1] = 543;
| 
|   // work around unused variable warnings
|   ok |= (!success || bignum == 0LL || ubignum == 0uLL || newvar[0] == 'x'
| 	 || dynamic_array[ni.number - 1] != 543);
| 
|   
|   _Static_assert ((offsetof (struct anonymous, i)
| 		   == offsetof (struct anonymous, w.k)),
| 		  "Anonymous union alignment botch");
|   v1.i = 2;
|   v1.w.k = 5;
|   ok |= v1.i != 5;
| 
|   return ok;
| }
| 
configure:4271: cc -std=gnu11 -c -std=c99  conftest.c >&5
conftest.c:167:3: error: #error "Compiler does not advertise C11 conformance"
  167 | # error "Compiler does not advertise C11 conformance"
      |   ^~~~~
conftest.c:198:12: error: 'syntax' undeclared here (not in a function)
  198 | #define u8 syntax error!
      |            ^~~~~~
conftest.c:199:29: note: in expansion of macro 'u8'
  199 | char const utf8_literal[] = u8"happens to be ASCII" "another string";
      |                             ^~
conftest.c:198:19: error: expected ',' or ';' before 'error'
  198 | #define u8 syntax error!
      |                   ^~~~~
conftest.c:199:29: note: in expansion of macro 'u8'
  199 | char const utf8_literal[] = u8"happens to be ASCII" "another string";
      |                             ^~
configure:4271: $? = 1
configure: failed program was:
| /* confdefs.h */
| #define PACKAGE_NAME "libsecp256k1"
| #define PACKAGE_TARNAME "libsecp256k1"
| #define PACKAGE_VERSION "0.1.0-pre"
| #define PACKAGE_STRING "libsecp256k1 0.1.0-pre"
| #define PACKAGE_BUGREPORT "https://github.com/bitcoin-core/secp256k1/issues"
| #define PACKAGE_URL "https://github.com/bitcoin-core/secp256k1"
| #define PACKAGE "libsecp256k1"
| #define VERSION "0.1.0-pre"
| /* end confdefs.h.  */
| 
| /* Does the compiler advertise C89 conformance?
|    Do not test the value of __STDC__, because some compilers set it to 0
|    while being otherwise adequately conformant. */
| #if !defined __STDC__
| # error "Compiler does not advertise C89 conformance"
| #endif
| 
| #include <stddef.h>
| #include <stdarg.h>
| struct stat;
| /* Most of the following tests are stolen from RCS 5.7 src/conf.sh.  */
| struct buf { int x; };
| struct buf * (*rcsopen) (struct buf *, struct stat *, int);
| static char *e (p, i)
|      char **p;
|      int i;
| {
|   return p[i];
| }
| static char *f (char * (*g) (char **, int), char **p, ...)
| {
|   char *s;
|   va_list v;
|   va_start (v,p);
|   s = g (p, va_arg (v,int));
|   va_end (v);
|   return s;
| }
| 
| /* OSF 4.0 Compaq cc is some sort of almost-ANSI by default.  It has
|    function prototypes and stuff, but not \xHH hex character constants.
|    These do not provoke an error unfortunately, instead are silently treated
|    as an "x".  The following induces an error, until -std is added to get
|    proper ANSI mode.  Curiously \x00 != x always comes out true, for an
|    array size at least.  It is necessary to write \x00 == 0 to get something
|    that is true only with -std.  */
| int osf4_cc_array ['\x00' == 0 ? 1 : -1];
| 
| /* IBM C 6 for AIX is almost-ANSI by default, but it replaces macro parameters
|    inside strings and character constants.  */
| #define FOO(x) 'x'
| int xlc6_cc_array[FOO(a) == 'x' ? 1 : -1];
| 
| int test (int i, double x);
| struct s1 {int (*f) (int a);};
| struct s2 {int (*f) (double a);};
| int pairnames (int, char **, int *(*)(struct buf *, struct stat *, int),
|                int, int);
| 
| // Does the compiler advertise C99 conformance?
| #if !defined __STDC_VERSION__ || __STDC_VERSION__ < 199901L
| # error "Compiler does not advertise C99 conformance"
| #endif
| 
| #include <stdbool.h>
| extern int puts (const char *);
| extern int printf (const char *, ...);
| extern int dprintf (int, const char *, ...);
| extern void *malloc (size_t);
| 
| // Check varargs macros.  These examples are taken from C99 6.10.3.5.
| // dprintf is used instead of fprintf to avoid needing to declare
| // FILE and stderr.
| #define debug(...) dprintf (2, __VA_ARGS__)
| #define showlist(...) puts (#__VA_ARGS__)
| #define report(test,...) ((test) ? puts (#test) : printf (__VA_ARGS__))
| static void
| test_varargs_macros (void)
| {
|   int x = 1234;
|   int y = 5678;
|   debug ("Flag");
|   debug ("X = %d\n", x);
|   showlist (The first, second, and third items.);
|   report (x>y, "x is %d but y is %d", x, y);
| }
| 
| // Check long long types.
| #define BIG64 18446744073709551615ull
| #define BIG32 4294967295ul
| #define BIG_OK (BIG64 / BIG32 == 4294967297ull && BIG64 % BIG32 == 0)
| #if !BIG_OK
|   #error "your preprocessor is broken"
| #endif
| #if BIG_OK
| #else
|   #error "your preprocessor is broken"
| #endif
| static long long int bignum = -9223372036854775807LL;
| static unsigned long long int ubignum = BIG64;
| 
| struct incomplete_array
| {
|   int datasize;
|   double data[];
| };
| 
| struct named_init {
|   int number;
|   const wchar_t *name;
|   double average;
| };
| 
| typedef const char *ccp;
| 
| static inline int
| test_restrict (ccp restrict text)
| {
|   // See if C++-style comments work.
|   // Iterate through items via the restricted pointer.
|   // Also check for declarations in for loops.
|   for (unsigned int i = 0; *(text+i) != '\0'; ++i)
|     continue;
|   return 0;
| }
| 
| // Check varargs and va_copy.
| static bool
| test_varargs (const char *format, ...)
| {
|   va_list args;
|   va_start (args, format);
|   va_list args_copy;
|   va_copy (args_copy, args);
| 
|   const char *str = "";
|   int number = 0;
|   float fnumber = 0;
| 
|   while (*format)
|     {
|       switch (*format++)
| 	{
| 	case 's': // string
| 	  str = va_arg (args_copy, const char *);
| 	  break;
| 	case 'd': // int
| 	  number = va_arg (args_copy, int);
| 	  break;
| 	case 'f': // float
| 	  fnumber = va_arg (args_copy, double);
| 	  break;
| 	default:
| 	  break;
| 	}
|     }
|   va_end (args_copy);
|   va_end (args);
| 
|   return *str && number && fnumber;
| }
| 
| 
| // Does the compiler advertise C11 conformance?
| #if !defined __STDC_VERSION__ || __STDC_VERSION__ < 201112L
| # error "Compiler does not advertise C11 conformance"
| #endif
| 
| // Check _Alignas.
| char _Alignas (double) aligned_as_double;
| char _Alignas (0) no_special_alignment;
| extern char aligned_as_int;
| char _Alignas (0) _Alignas (int) aligned_as_int;
| 
| // Check _Alignof.
| enum
| {
|   int_alignment = _Alignof (int),
|   int_array_alignment = _Alignof (int[100]),
|   char_alignment = _Alignof (char)
| };
| _Static_assert (0 < -_Alignof (int), "_Alignof is signed");
| 
| // Check _Noreturn.
| int _Noreturn does_not_return (void) { for (;;) continue; }
| 
| // Check _Static_assert.
| struct test_static_assert
| {
|   int x;
|   _Static_assert (sizeof (int) <= sizeof (long int),
|                   "_Static_assert does not work in struct");
|   long int y;
| };
| 
| // Check UTF-8 literals.
| #define u8 syntax error!
| char const utf8_literal[] = u8"happens to be ASCII" "another string";
| 
| // Check duplicate typedefs.
| typedef long *long_ptr;
| typedef long int *long_ptr;
| typedef long_ptr long_ptr;
| 
| // Anonymous structures and unions -- taken from C11 6.7.2.1 Example 1.
| struct anonymous
| {
|   union {
|     struct { int i; int j; };
|     struct { int k; long int l; } w;
|   };
|   int m;
| } v1;
| 
| 
| int
| main (int argc, char **argv)
| {
|   int ok = 0;
|   
| ok |= (argc == 0 || f (e, argv, 0) != argv[0] || f (e, argv, 1) != argv[1]);
| 
|   
|   // Check bool.
|   _Bool success = false;
|   success |= (argc != 0);
| 
|   // Check restrict.
|   if (test_restrict ("String literal") == 0)
|     success = true;
|   char *restrict newvar = "Another string";
| 
|   // Check varargs.
|   success &= test_varargs ("s, d' f .", "string", 65, 34.234);
|   test_varargs_macros ();
| 
|   // Check flexible array members.
|   struct incomplete_array *ia =
|     malloc (sizeof (struct incomplete_array) + (sizeof (double) * 10));
|   ia->datasize = 10;
|   for (int i = 0; i < ia->datasize; ++i)
|     ia->data[i] = i * 1.234;
| 
|   // Check named initializers.
|   struct named_init ni = {
|     .number = 34,
|     .name = L"Test wide string",
|     .average = 543.34343,
|   };
| 
|   ni.number = 58;
| 
|   int dynamic_array[ni.number];
|   dynamic_array[0] = argv[0][0];
|   dynamic_array[ni.number - 1] = 543;
| 
|   // work around unused variable warnings
|   ok |= (!success || bignum == 0LL || ubignum == 0uLL || newvar[0] == 'x'
| 	 || dynamic_array[ni.number - 1] != 543);
| 
|   
|   _Static_assert ((offsetof (struct anonymous, i)
| 		   == offsetof (struct anonymous, w.k)),
| 		  "Anonymous union alignment botch");
|   v1.i = 2;
|   v1.w.k = 5;
|   ok |= v1.i != 5;
| 
|   return ok;
| }
| 
configure:4284: result: unsupported
configure:4302: checking for cc option to enable C99 features
configure:4317: cc  -c -std=c99  conftest.c >&5
configure:4317: $? = 0
configure:4335: result: none needed
configure:4405: checking whether cc understands -c and -o together
configure:4428: cc -c conftest.c -o conftest2.o
configure:4431: $? = 0
configure:4428: cc -c conftest.c -o conftest2.o
configure:4431: $? = 0
configure:4443: result: yes
configure:4463: checking whether make supports the include directive
configure:4478: make -f confmf.GNU && cat confinc.out
make[1]: Entering directory '/home/greg/bitcoin-dev/cleanroom/claudelnsym/cln-lnsymmetry/external/x86_64-linux-gnu/libwally-core-build/src/secp256k1'
make[1]: Leaving directory '/home/greg/bitcoin-dev/cleanroom/claudelnsym/cln-lnsymmetry/external/x86_64-linux-gnu/libwally-core-build/src/secp256k1'
this is the am__doit target
configure:4481: $? = 0
configure:4500: result: yes (GNU style)
configure:4526: checking dependency style of cc
configure:4638: result: none
configure:4665: checking dependency style of cc
configure:4775: result: none
configure:4904: checking the archiver (ar) interface
configure:4921: cc -c -std=c99  conftest.c >&5
configure:4921: $? = 0
configure:4924: ar cru libconftest.a conftest.o >&5
ar: `u' modifier ignored since `D' is the default (see `U')
configure:4927: $? = 0
configure:4955: result: ar
configure:5023: checking how to print strings
configure:5050: result: printf
configure:5071: checking for a sed that does not truncate output
configure:5141: result: /usr/bin/sed
configure:5159: checking for grep that handles long lines and -e
configure:5223: result: /usr/bin/grep
configure:5228: checking for egrep
configure:5296: result: /usr/bin/grep -E
configure:5301: checking for fgrep
configure:5369: result: /usr/bin/grep -F
configure:5405: checking for ld used by cc
configure:5473: result: /usr/bin/ld -m elf_x86_64
configure:5480: checking if the linker (/usr/bin/ld -m elf_x86_64) is GNU ld
configure:5496: result: yes
configure:5508: checking for BSD- or MS-compatible name lister (nm)
configure:5563: result: /usr/bin/nm -B
configure:5703: checking the name lister (/usr/bin/nm -B) interface
configure:5711: cc -c -std=c99  conftest.c >&5
configure:5714: /usr/bin/nm -B "conftest.o"
configure:5717: output
0000000000000000 B some_variable
configure:5724: result: BSD nm
configure:5727: checking whether ln -s works
configure:5731: result: yes
configure:5739: checking the maximum length of command line arguments
configure:5871: result: 1572864
configure:5919: checking how to convert x86_64-pc-linux-gnu file names to x86_64-pc-linux-gnu format
configure:5960: result: func_convert_file_noop
configure:5967: checking how to convert x86_64-pc-linux-gnu file names to toolchain format
configure:5988: result: func_convert_file_noop
configure:5995: checking for /usr/bin/ld -m elf_x86_64 option to reload object files
configure:6003: result: -r
configure:6082: checking for file
configure:6103: found /usr/bin/file
configure:6114: result: file
configure:6190: checking for objdump
configure:6211: found /usr/bin/objdump
configure:6222: result: objdump
configure:6251: checking how to recognize dependent libraries
configure:6452: result: pass_all
configure:6542: checking for dlltool
configure:6577: result: no
configure:6604: checking how to associate runtime and link libraries
configure:6632: result: printf %s\n
configure:6782: checking for archiver @FILE support
configure:6800: cc -c -std=c99  conftest.c >&5
configure:6800: $? = 0
configure:6804: ar cr libconftest.a @conftest.lst >&5
configure:6807: $? = 0
configure:6812: ar cr libconftest.a @conftest.lst >&5
ar: conftest.o: No such file or directory
configure:6815: $? = 1
configure:6827: result: @
configure:6890: checking for strip
configure:6911: found /usr/bin/strip
configure:6922: result: strip
configure:6999: checking for ranlib
configure:7020: found /usr/bin/ranlib
configure:7031: result: ranlib
configure:7133: checking command to parse /usr/bin/nm -B output from cc object
configure:7287: cc -c -std=c99  conftest.c >&5
configure:7290: $? = 0
configure:7294: /usr/bin/nm -B conftest.o | /usr/bin/sed -n -e 's/^.*[	 ]\([ABCDGIRSTW][ABCDGIRSTW]*\)[	 ][	 ]*\([_A-Za-z][_A-Za-z0-9]*\)$/\1 \2 \2/p' | /usr/bin/sed '/ __gnu_lto/d' > conftest.nm
configure:7360: cc -o conftest -std=c99   -O0 -ggdb conftest.c conftstm.o >&5
configure:7363: $? = 0
configure:7401: result: ok
configure:7448: checking for sysroot
configure:7479: result: no
configure:7486: checking for a working dd
configure:7530: result: /usr/bin/dd
configure:7534: checking how to truncate binary pipes
configure:7550: result: /usr/bin/dd bs=4096 count=1
configure:7687: cc -c -std=c99  conftest.c >&5
configure:7690: $? = 0
configure:7887: checking for mt
configure:7908: found /usr/bin/mt
configure:7919: result: mt
configure:7942: checking if mt is a manifest tool
configure:7949: mt '-?'
configure:7957: result: no
configure:8682: checking for stdio.h
configure:8682: cc -c -std=c99  conftest.c >&5
configure:8682: $? = 0
configure:8682: result: yes
configure:8682: checking for stdlib.h
configure:8682: cc -c -std=c99  conftest.c >&5
configure:8682: $? = 0
configure:8682: result: yes
configure:8682: checking for string.h
configure:8682: cc -c -std=c99  conftest.c >&5
configure:8682: $? = 0
configure:8682: result: yes
configure:8682: checking for inttypes.h
configure:8682: cc -c -std=c99  conftest.c >&5
configure:8682: $? = 0
configure:8682: result: yes
configure:8682: checking for stdint.h
configure:8682: cc -c -std=c99  conftest.c >&5
configure:8682: $? = 0
configure:8682: result: yes
configure:8682: checking for strings.h
configure:8682: cc -c -std=c99  conftest.c >&5
configure:8682: $? = 0
configure:8682: result: yes
configure:8682: checking for sys/stat.h
configure:8682: cc -c -std=c99  conftest.c >&5
configure:8682: $? = 0
configure:8682: result: yes
configure:8682: checking for sys/types.h
configure:8682: cc -c -std=c99  conftest.c >&5
configure:8682: $? = 0
configure:8682: result: yes
configure:8682: checking for unistd.h
configure:8682: cc -c -std=c99  conftest.c >&5
configure:8682: $? = 0
configure:8682: result: yes
configure:8707: checking for dlfcn.h
configure:8707: cc -c -std=c99  conftest.c >&5
configure:8707: $? = 0
configure:8707: result: yes
configure:9294: checking for objdir
configure:9310: result: .libs
configure:9574: checking if cc supports -fno-rtti -fno-exceptions
configure:9593: cc -c -std=c99  -fno-rtti -fno-exceptions conftest.c >&5
cc1: warning: command-line option '-fno-rtti' is valid for C++/D/ObjC++ but not for C
configure:9597: $? = 0
configure:9610: result: no
configure:9974: checking for cc option to produce PIC
configure:9982: result: -fPIC -DPIC
configure:9990: checking if cc PIC flag -fPIC -DPIC works
configure:10009: cc -c -std=c99  -fPIC -DPIC -DPIC conftest.c >&5
configure:10013: $? = 0
configure:10026: result: yes
configure:10055: checking if cc static flag -static works
configure:10084: result: yes
configure:10099: checking if cc supports -c -o file.o
configure:10121: cc -c -std=c99  -o out/conftest2.o conftest.c >&5
configure:10125: $? = 0
configure:10147: result: yes
configure:10155: checking if cc supports -c -o file.o
configure:10203: result: yes
configure:10236: checking whether the cc linker (/usr/bin/ld -m elf_x86_64 -m elf_x86_64) supports shared libraries
configure:11510: result: yes
configure:11751: checking dynamic linker characteristics
configure:12333: cc -o conftest -std=c99   -O0 -ggdb -Wl,-rpath -Wl,/foo conftest.c  >&5
configure:12333: $? = 0
configure:12584: result: GNU/Linux ld.so
configure:12706: checking how to hardcode library paths into programs
configure:12731: result: immediate
configure:13283: checking whether stripping libraries is possible
configure:13292: result: yes
configure:13334: checking if libtool supports shared libraries
configure:13336: result: yes
configure:13339: checking whether to build shared libraries
configure:13364: result: no
configure:13367: checking whether to build static libraries
configure:13371: result: yes
configure:13543: checking if cc supports -Werror=unknown-warning-option
configure:13551: cc -c -Werror=unknown-warning-option -std=c99  conftest.c >&5
cc1: error: '-Werror=unknown-warning-option': no option '-Wunknown-warning-option'
configure:13551: $? = 1
configure: failed program was:
| /* confdefs.h */
| #define PACKAGE_NAME "libsecp256k1"
| #define PACKAGE_TARNAME "libsecp256k1"
| #define PACKAGE_VERSION "0.1.0-pre"
| #define PACKAGE_STRING "libsecp256k1 0.1.0-pre"
| #define PACKAGE_BUGREPORT "https://github.com/bitcoin-core/secp256k1/issues"
| #define PACKAGE_URL "https://github.com/bitcoin-core/secp256k1"
| #define PACKAGE "libsecp256k1"
| #define VERSION "0.1.0-pre"
| #define HAVE_STDIO_H 1
| #define HAVE_STDLIB_H 1
| #define HAVE_STRING_H 1
| #define HAVE_INTTYPES_H 1
| #define HAVE_STDINT_H 1
| #define HAVE_STRINGS_H 1
| #define HAVE_SYS_STAT_H 1
| #define HAVE_SYS_TYPES_H 1
| #define HAVE_UNISTD_H 1
| #define STDC_HEADERS 1
| #define HAVE_DLFCN_H 1
| #define LT_OBJDIR ".libs/"
| /* end confdefs.h.  */
| char foo;
configure:13558: result: no
configure:13569: checking if cc supports -std=c89 -pedantic -Wno-long-long -Wnested-externs -Wshadow -Wstrict-prototypes -Wundef
configure:13577: cc -c -std=c89 -pedantic -Wno-long-long -Wnested-externs -Wshadow -Wstrict-prototypes -Wundef -std=c99  conftest.c >&5
configure:13577: $? = 0
configure:13584: result: yes
configure:13594: checking if cc supports -Wno-overlength-strings
configure:13602: cc -c -Wno-overlength-strings -std=c99  conftest.c >&5
configure:13602: $? = 0
configure:13609: result: yes
configure:13619: checking if cc supports -Wall
configure:13627: cc -c -Wall -std=c99  conftest.c >&5
configure:13627: $? = 0
configure:13634: result: yes
configure:13644: checking if cc supports -Wno-unused-function
configure:13652: cc -c -Wno-unused-function -std=c99  conftest.c >&5
configure:13652: $? = 0
configure:13659: result: yes
configure:13669: checking if cc supports -Wextra
configure:13677: cc -c -Wextra -std=c99  conftest.c >&5
configure:13677: $? = 0
configure:13684: result: yes
configure:13694: checking if cc supports -Wcast-align
configure:13702: cc -c -Wcast-align -std=c99  conftest.c >&5
configure:13702: $? = 0
configure:13709: result: yes
configure:13719: checking if cc supports -Wcast-align=strict
configure:13727: cc -c -Wcast-align=strict -std=c99  conftest.c >&5
configure:13727: $? = 0
configure:13734: result: yes
configure:13744: checking if cc supports -Wconditional-uninitialized
configure:13752: cc -c -Wconditional-uninitialized -std=c99  conftest.c >&5
cc: error: unrecognized command-line option '-Wconditional-uninitialized'; did you mean '-Wno-uninitialized'?
configure:13752: $? = 1
configure: failed program was:
| /* confdefs.h */
| #define PACKAGE_NAME "libsecp256k1"
| #define PACKAGE_TARNAME "libsecp256k1"
| #define PACKAGE_VERSION "0.1.0-pre"
| #define PACKAGE_STRING "libsecp256k1 0.1.0-pre"
| #define PACKAGE_BUGREPORT "https://github.com/bitcoin-core/secp256k1/issues"
| #define PACKAGE_URL "https://github.com/bitcoin-core/secp256k1"
| #define PACKAGE "libsecp256k1"
| #define VERSION "0.1.0-pre"
| #define HAVE_STDIO_H 1
| #define HAVE_STDLIB_H 1
| #define HAVE_STRING_H 1
| #define HAVE_INTTYPES_H 1
| #define HAVE_STDINT_H 1
| #define HAVE_STRINGS_H 1
| #define HAVE_SYS_STAT_H 1
| #define HAVE_SYS_TYPES_H 1
| #define HAVE_UNISTD_H 1
| #define STDC_HEADERS 1
| #define HAVE_DLFCN_H 1
| #define LT_OBJDIR ".libs/"
| /* end confdefs.h.  */
| char foo;
configure:13759: result: no
configure:13769: checking if cc supports -fvisibility=hidden
configure:13777: cc -c -fvisibility=hidden -std=c99  conftest.c >&5
configure:13777: $? = 0
configure:13784: result: yes
configure:14234: cc -c -std=c99   conftest.c >&5
configure:14234: $? = 0
configure:14274: checking for __builtin_popcount
configure:14280: cc -o conftest -std=c99    -O0 -ggdb conftest.c  >&5
/usr/bin/ld: /usr/lib/gcc/x86_64-linux-gnu/13/../../../x86_64-linux-gnu/Scrt1.o: in function `_start':
(.text+0x1b): undefined reference to `main'
collect2: error: ld returned 1 exit status
configure:14280: $? = 1
configure: failed program was:
| /* confdefs.h */
| #define PACKAGE_NAME "libsecp256k1"
| #define PACKAGE_TARNAME "libsecp256k1"
| #define PACKAGE_VERSION "0.1.0-pre"
| #define PACKAGE_STRING "libsecp256k1 0.1.0-pre"
| #define PACKAGE_BUGREPORT "https://github.com/bitcoin-core/secp256k1/issues"
| #define PACKAGE_URL "https://github.com/bitcoin-core/secp256k1"
| #define PACKAGE "libsecp256k1"
| #define VERSION "0.1.0-pre"
| #define HAVE_STDIO_H 1
| #define HAVE_STDLIB_H 1
| #define HAVE_STRING_H 1
| #define HAVE_INTTYPES_H 1
| #define HAVE_STDINT_H 1
| #define HAVE_STRINGS_H 1
| #define HAVE_SYS_STAT_H 1
| #define HAVE_SYS_TYPES_H 1
| #define HAVE_UNISTD_H 1
| #define STDC_HEADERS 1
| #define HAVE_DLFCN_H 1
| #define LT_OBJDIR ".libs/"
| #define HAVE_VALGRIND 1
| /* end confdefs.h.  */
| void myfunc() {__builtin_popcount(0);}
configure:14287: result: no
configure:14294: checking for  __builtin_clzll
configure:14300: cc -o conftest -std=c99    -O0 -ggdb conftest.c  >&5
/usr/bin/ld: /usr/lib/gcc/x86_64-linux-gnu/13/../../../x86_64-linux-gnu/Scrt1.o: in function `_start':
(.text+0x1b): undefined reference to `main'
collect2: error: ld returned 1 exit status
configure:14300: $? = 1
configure: failed program was:
| /* confdefs.h */
| #define PACKAGE_NAME "libsecp256k1"
| #define PACKAGE_TARNAME "libsecp256k1"
| #define PACKAGE_VERSION "0.1.0-pre"
| #define PACKAGE_STRING "libsecp256k1 0.1.0-pre"
| #define PACKAGE_BUGREPORT "https://github.com/bitcoin-core/secp256k1/issues"
| #define PACKAGE_URL "https://github.com/bitcoin-core/secp256k1"
| #define PACKAGE "libsecp256k1"
| #define VERSION "0.1.0-pre"
| #define HAVE_STDIO_H 1
| #define HAVE_STDLIB_H 1
| #define HAVE_STRING_H 1
| #define HAVE_INTTYPES_H 1
| #define HAVE_STDINT_H 1
| #define HAVE_STRINGS_H 1
| #define HAVE_SYS_STAT_H 1
| #define HAVE_SYS_TYPES_H 1
| #define HAVE_UNISTD_H 1
| #define STDC_HEADERS 1
| #define HAVE_DLFCN_H 1
| #define LT_OBJDIR ".libs/"
| #define HAVE_VALGRIND 1
| /* end confdefs.h.  */
| void myfunc() { __builtin_clzll(1);}
configure:14307: result: no
configure:14581: ******
configure:14583: WARNING: experimental build
configure:14585: Experimental features do not have stable APIs or properties, and may not be safe for production use.
configure:14587: Building NUMS generator module: yes
configure:14589: Building range proof module: yes
configure:14591: Building key whitelisting module: yes
configure:14593: Building surjection proof module: yes
configure:14595: Building MuSig module: yes
configure:14597: Building ECDSA sign-to-contract module: yes
configure:14599: Building ECDSA adaptor signatures module: no
configure:14601: ******
configure:14933: checking that generated files are newer than configure
configure:14939: result: done
configure:15050: creating ./config.status

## ---------------------- ##
## Running config.status. ##
## ---------------------- ##

This file was extended by libsecp256k1 config.status 0.1.0-pre, which was
generated by GNU Autoconf 2.71.  Invocation command line was

  CONFIG_FILES    = 
  CONFIG_HEADERS  = 
  CONFIG_LINKS    = 
  CONFIG_COMMANDS = 
  $ ./config.status 

on greg-Laptop

config.status:1157: creating Makefile
config.status:1157: creating libsecp256k1.pc
config.status:1157: creating src/libsecp256k1-config.h
config.status:1323: src/libsecp256k1-config.h is unchanged
config.status:1371: executing depfiles commands
config.status:1371: executing libtool commands

## ---------------- ##
## Cache variables. ##
## ---------------- ##

ac_cv_build=x86_64-pc-linux-gnu
ac_cv_c_compiler_gnu=yes
ac_cv_env_CCASFLAGS_set=
ac_cv_env_CCASFLAGS_value=
ac_cv_env_CCAS_set=
ac_cv_env_CCAS_value=
ac_cv_env_CC_set=set
ac_cv_env_CC_value=cc
ac_cv_env_CFLAGS_set=set
ac_cv_env_CFLAGS_value=-std=c99
ac_cv_env_CPPFLAGS_set=
ac_cv_env_CPPFLAGS_value=
ac_cv_env_LDFLAGS_set=set
ac_cv_env_LDFLAGS_value=' -O0 -ggdb'
ac_cv_env_LIBS_set=
ac_cv_env_LIBS_value=
ac_cv_env_LT_SYS_LIBRARY_PATH_set=
ac_cv_env_LT_SYS_LIBRARY_PATH_value=
ac_cv_env_build_alias_set=
ac_cv_env_build_alias_value=
ac_cv_env_host_alias_set=
ac_cv_env_host_alias_value=
ac_cv_env_target_alias_set=
ac_cv_env_target_alias_value=
ac_cv_header_dlfcn_h=yes
ac_cv_header_inttypes_h=yes
ac_cv_header_stdint_h=yes
ac_cv_header_stdio_h=yes
ac_cv_header_stdlib_h=yes
ac_cv_header_string_h=yes
ac_cv_header_strings_h=yes
ac_cv_header_sys_stat_h=yes
ac_cv_header_sys_types_h=yes
ac_cv_header_unistd_h=yes
ac_cv_host=x86_64-pc-linux-gnu
ac_cv_objext=o
ac_cv_path_EGREP='/usr/bin/grep -E'
ac_cv_path_FGREP='/usr/bin/grep -F'
ac_cv_path_GREP=/usr/bin/grep
ac_cv_path_SED=/usr/bin/sed
ac_cv_path_install='/usr/bin/install -c'
ac_cv_path_lt_DD=/usr/bin/dd
ac_cv_path_mkdir=/usr/bin/mkdir
ac_cv_prog_AWK=mawk
ac_cv_prog_ac_ct_CC=cc
ac_cv_prog_ac_ct_FILECMD=file
ac_cv_prog_ac_ct_MANIFEST_TOOL=mt
ac_cv_prog_ac_ct_OBJDUMP=objdump
ac_cv_prog_ac_ct_RANLIB=ranlib
ac_cv_prog_ac_ct_STRIP=strip
ac_cv_prog_cc_c11=no
ac_cv_prog_cc_c99=
ac_cv_prog_cc_g=yes
ac_cv_prog_cc_stdc=
ac_cv_prog_make_make_set=yes
am_cv_CCAS_dependencies_compiler_type=none
am_cv_CC_dependencies_compiler_type=none
am_cv_ar_interface=ar
am_cv_make_support_nested_variables=yes
am_cv_prog_cc_c_o=yes
lt_cv_ar_at_file=@
lt_cv_deplibs_check_method=pass_all
lt_cv_file_magic_cmd='$MAGIC_CMD'
lt_cv_file_magic_test_file=
lt_cv_ld_reload_flag=-r
lt_cv_nm_interface='BSD nm'
lt_cv_objdir=.libs
lt_cv_path_LD='/usr/bin/ld -m elf_x86_64'
lt_cv_path_NM='/usr/bin/nm -B'
lt_cv_path_mainfest_tool=no
lt_cv_prog_compiler_c_o=yes
lt_cv_prog_compiler_pic='-fPIC -DPIC'
lt_cv_prog_compiler_pic_works=yes
lt_cv_prog_compiler_rtti_exceptions=no
lt_cv_prog_compiler_static_works=yes
lt_cv_prog_gnu_ld=yes
lt_cv_sharedlib_from_linklib_cmd='printf %s\n'
lt_cv_shlibpath_overrides_runpath=yes
lt_cv_sys_global_symbol_pipe='/usr/bin/sed -n -e '\''s/^.*[	 ]\([ABCDGIRSTW][ABCDGIRSTW]*\)[	 ][	 ]*\([_A-Za-z][_A-Za-z0-9]*\)$/\1 \2 \2/p'\'' | /usr/bin/sed '\''/ __gnu_lto/d'\'''
lt_cv_sys_global_symbol_to_c_name_address='/usr/bin/sed -n -e '\''s/^: \(.*\) .*$/  {"\1", (void *) 0},/p'\'' -e '\''s/^[ABCDGIRSTW][ABCDGIRSTW]* .* \(.*\)$/  {"\1", (void *) \&\1},/p'\'''
lt_cv_sys_global_symbol_to_c_name_address_lib_prefix='/usr/bin/sed -n -e '\''s/^: \(.*\) .*$/  {"\1", (void *) 0},/p'\'' -e '\''s/^[ABCDGIRSTW][ABCDGIRSTW]* .* \(lib.*\)$/  {"\1", (void *) \&\1},/p'\'' -e '\''s/^[ABCDGIRSTW][ABCDGIRSTW]* .* \(.*\)$/  {"lib\1", (void *) \&\1},/p'\'''
lt_cv_sys_global_symbol_to_cdecl='/usr/bin/sed -n -e '\''s/^T .* \(.*\)$/extern int \1();/p'\'' -e '\''s/^[ABCDGIRSTW][ABCDGIRSTW]* .* \(.*\)$/extern char \1;/p'\'''
lt_cv_sys_global_symbol_to_import=
lt_cv_sys_max_cmd_len=1572864
lt_cv_to_host_file_cmd=func_convert_file_noop
lt_cv_to_tool_file_cmd=func_convert_file_noop
lt_cv_truncate_bin='/usr/bin/dd bs=4096 count=1'

## ----------------- ##
## Output variables. ##
## ----------------- ##

ACLOCAL='${SHELL} '\''/home/greg/bitcoin-dev/cleanroom/claudelnsym/cln-lnsymmetry/external/libwally-core/src/secp256k1/build-aux/missing'\'' aclocal-1.16'
AMDEPBACKSLASH=''
AMDEP_FALSE=''
AMDEP_TRUE='#'
AMTAR='$${TAR-tar}'
AM_BACKSLASH='\'
AM_DEFAULT_V='$(AM_DEFAULT_VERBOSITY)'
AM_DEFAULT_VERBOSITY='0'
AM_V='$(V)'
AR='ar'
AS='as'
AUTOCONF='${SHELL} '\''/home/greg/bitcoin-dev/cleanroom/claudelnsym/cln-lnsymmetry/external/libwally-core/src/secp256k1/build-aux/missing'\'' autoconf'
AUTOHEADER='${SHELL} '\''/home/greg/bitcoin-dev/cleanroom/claudelnsym/cln-lnsymmetry/external/libwally-core/src/secp256k1/build-aux/missing'\'' autoheader'
AUTOMAKE='${SHELL} '\''/home/greg/bitcoin-dev/cleanroom/claudelnsym/cln-lnsymmetry/external/libwally-core/src/secp256k1/build-aux/missing'\'' automake-1.16'
AWK='mawk'
BREW=''
BUILD_WINDOWS_FALSE=''
BUILD_WINDOWS_TRUE='#'
CC='cc'
CCAS='cc'
CCASDEPMODE='depmode=none'
CCASFLAGS='-std=c99'
CCDEPMODE='depmode=none'
CFLAGS='-std=c99'
CPPFLAGS=' '
CSCOPE='cscope'
CTAGS='ctags'
CYGPATH_W='echo'
DEFS='-DHAVE_CONFIG_H'
DEPDIR='.deps'
DLLTOOL='false'
DSYMUTIL=''
DUMPBIN=''
ECHO_C=''
ECHO_N='-n'
ECHO_T=''
EGREP='/usr/bin/grep -E'
ENABLE_COVERAGE_FALSE=''
ENABLE_COVERAGE_TRUE='#'
ENABLE_MODULE_ECDH_FALSE='#'
ENABLE_MODULE_ECDH_TRUE=''
ENABLE_MODULE_ECDSA_ADAPTOR_FALSE=''
ENABLE_MODULE_ECDSA_ADAPTOR_TRUE='#'
ENABLE_MODULE_ECDSA_S2C_FALSE='#'
ENABLE_MODULE_ECDSA_S2C_TRUE=''
ENABLE_MODULE_EXTRAKEYS_FALSE='#'
ENABLE_MODULE_EXTRAKEYS_TRUE=''
ENABLE_MODULE_GENERATOR_FALSE='#'
ENABLE_MODULE_GENERATOR_TRUE=''
ENABLE_MODULE_MUSIG_FALSE='#'
ENABLE_MODULE_MUSIG_TRUE=''
ENABLE_MODULE_RANGEPROOF_FALSE='#'
ENABLE_MODULE_RANGEPROOF_TRUE=''
ENABLE_MODULE_RECOVERY_FALSE='#'
ENABLE_MODULE_RECOVERY_TRUE=''
ENABLE_MODULE_SCHNORRSIG_FALSE='#'
ENABLE_MODULE_SCHNORRSIG_TRUE=''
ENABLE_MODULE_SURJECTIONPROOF_FALSE='#'
ENABLE_MODULE_SURJECTIONPROOF_TRUE=''
ENABLE_MODULE_WHITELIST_FALSE='#'
ENABLE_MODULE_WHITELIST_TRUE=''
ETAGS='etags'
EXEEXT=''
FGREP='/usr/bin/grep -F'
FILECMD='file'
GREP='/usr/bin/grep'
INSTALL_DATA='${INSTALL} -m 644'
INSTALL_PROGRAM='${INSTALL}'
INSTALL_SCRIPT='${INSTALL}'
INSTALL_STRIP_PROGRAM='$(install_sh) -c -s'
LD='/usr/bin/ld -m elf_x86_64 -m elf_x86_64'
LDFLAGS=' -O0 -ggdb'
LIBOBJS=''
LIBS=''
LIBTOOL='$(SHELL) $(top_builddir)/libtool'
LIB_VERSION_AGE='0'
LIB_VERSION_CURRENT='0'
LIB_VERSION_REVISION='0'
LIPO=''
LN_S='ln -s'
LTLIBOBJS=''
LT_SYS_LIBRARY_PATH=''
MAKEINFO='${SHELL} '\''/home/greg/bitcoin-dev/cleanroom/claudelnsym/cln-lnsymmetry/external/libwally-core/src/secp256k1/build-aux/missing'\'' makeinfo'
MANIFEST_TOOL=':'
MKDIR_P='/usr/bin/mkdir -p'
NM='/usr/bin/nm -B'
NMEDIT=''
OBJDUMP='objdump'
OBJEXT='o'
OTOOL64=''
OTOOL=''
PACKAGE='libsecp256k1'
PACKAGE_BUGREPORT='https://github.com/bitcoin-core/secp256k1/issues'
PACKAGE_NAME='libsecp256k1'
PACKAGE_STRING='libsecp256k1 0.1.0-pre'
PACKAGE_TARNAME='libsecp256k1'
PACKAGE_URL='https://github.com/bitcoin-core/secp256k1'
PACKAGE_VERSION='0.1.0-pre'
PATH_SEPARATOR=':'
PORT=''
RANLIB='ranlib'
SECP_CFLAGS='-O2  -std=c89 -pedantic -Wno-long-long -Wnested-externs -Wshadow -Wstrict-prototypes -Wundef -Wno-overlength-strings -Wall -Wno-unused-function -Wextra -Wcast-align -Wcast-align=strict -fvisibility=hidden '
SECP_INCLUDES=' '
SECP_LIBS=''
SECP_TEST_INCLUDES=''
SECP_TEST_LIBS=''
SED='/usr/bin/sed'
SET_MAKE=''
SHELL='/bin/bash'
STRIP='strip'
USE_ASM_ARM_FALSE=''
USE_ASM_ARM_TRUE='#'
USE_BENCHMARK_FALSE=''
USE_BENCHMARK_TRUE='#'
USE_EXAMPLES_FALSE=''
USE_EXAMPLES_TRUE='#'
USE_EXHAUSTIVE_TESTS_FALSE=''
USE_EXHAUSTIVE_TESTS_TRUE='#'
USE_EXTERNAL_ASM_FALSE=''
USE_EXTERNAL_ASM_TRUE='#'
USE_REDUCED_SURJECTION_PROOF_SIZE_FALSE=''
USE_REDUCED_SURJECTION_PROOF_SIZE_TRUE='#'
USE_TESTS_FALSE=''
USE_TESTS_TRUE='#'
VALGRIND_ENABLED_FALSE='#'
VALGRIND_ENABLED_TRUE=''
VERSION='0.1.0-pre'
ac_ct_AR=''
ac_ct_CC='cc'
ac_ct_DUMPBIN=''
am__EXEEXT_FALSE=''
am__EXEEXT_TRUE='#'
am__fastdepCCAS_FALSE=''
am__fastdepCCAS_TRUE='#'
am__fastdepCC_FALSE=''
am__fastdepCC_TRUE='#'
am__include='include'
am__isrc=' -I$(srcdir)'
am__leading_dot='.'
am__nodep=''
am__quote=''
am__tar='$${TAR-tar} chof - "$$tardir"'
am__untar='$${TAR-tar} xf -'
bindir='${exec_prefix}/bin'
build='x86_64-pc-linux-gnu'
build_alias=''
build_cpu='x86_64'
build_os='linux-gnu'
build_vendor='pc'
datadir='${datarootdir}'
datarootdir='${prefix}/share'
docdir='${datarootdir}/doc/${PACKAGE_TARNAME}'
dvidir='${docdir}'
exec_prefix='${prefix}'
host='x86_64-pc-linux-gnu'
host_alias=''
host_cpu='x86_64'
host_os='linux-gnu'
host_vendor='pc'
htmldir='${docdir}'
includedir='${prefix}/include'
infodir='${datarootdir}/info'
install_sh='${SHELL} /home/greg/bitcoin-dev/cleanroom/claudelnsym/cln-lnsymmetry/external/libwally-core/src/secp256k1/build-aux/install-sh'
libdir='/'
libexecdir='${exec_prefix}/libexec'
localedir='${datarootdir}/locale'
localstatedir='${prefix}/var'
mandir='${datarootdir}/man'
mkdir_p='$(MKDIR_P)'
oldincludedir='/usr/include'
pdfdir='${docdir}'
prefix='/'
program_transform_name='s,x,x,'
psdir='${docdir}'
runstatedir='${localstatedir}/run'
sbindir='${exec_prefix}/sbin'
sharedstatedir='${prefix}/com'
sysconfdir='${prefix}/etc'
target_alias=''

## ----------- ##
## confdefs.h. ##
## ----------- ##

/* confdefs.h */
#define PACKAGE_NAME "libsecp256k1"
#define PACKAGE_TARNAME "libsecp256k1"
#define PACKAGE_VERSION "0.1.0-pre"
#define PACKAGE_STRING "libsecp256k1 0.1.0-pre"
#define PACKAGE_BUGREPORT "https://github.com/bitcoin-core/secp256k1/issues"
#define PACKAGE_URL "https://github.com/bitcoin-core/secp256k1"
#define PACKAGE "libsecp256k1"
#define VERSION "0.1.0-pre"
#define HAVE_STDIO_H 1
#define HAVE_STDLIB_H 1
#define HAVE_STRING_H 1
#define HAVE_INTTYPES_H 1
#define HAVE_STDINT_H 1
#define HAVE_STRINGS_H 1
#define HAVE_SYS_STAT_H 1
#define HAVE_SYS_TYPES_H 1
#define HAVE_UNISTD_H 1
#define STDC_HEADERS 1
#define HAVE_DLFCN_H 1
#define LT_OBJDIR ".libs/"
#define HAVE_VALGRIND 1
#define ECMULT_WINDOW_SIZE 15
#define ECMULT_GEN_PREC_BITS 4
#define ENABLE_MODULE_ECDH 1
#define ENABLE_MODULE_MUSIG 1
#define ENABLE_MODULE_RECOVERY 1
#define ENABLE_MODULE_GENERATOR 1
#define ENABLE_MODULE_RANGEPROOF 1
#define ENABLE_MODULE_WHITELIST 1
#define ENABLE_MODULE_SURJECTIONPROOF 1
#define ENABLE_MODULE_SCHNORRSIG 1
#define ENABLE_MODULE_EXTRAKEYS 1
#define ENABLE_MODULE_ECDSA_S2C 1

configure: exit 0
