This file contains any messages produced by compilers while
running configure, to aid debugging if configure makes a mistake.

It was created by package-unused configure version-unused, which was
generated by GNU Autoconf 2.69.  Invocation command line was

  $ ../../libbacktrace/configure CC=cc --enable-static=yes --enable-shared=no --prefix=/ --libdir=/

## --------- ##
## Platform. ##
## --------- ##

hostname = greg-Laptop
uname -m = x86_64
uname -r = 6.8.0-90-generic
uname -s = Linux
uname -v = #91-Ubuntu SMP PREEMPT_DYNAMIC Tue Nov 18 14:14:30 UTC 2025

/usr/bin/uname -p = x86_64
/bin/uname -X     = unknown

/bin/arch              = x86_64
/usr/bin/arch -k       = unknown
/usr/convex/getsysinfo = unknown
/usr/bin/hostinfo      = unknown
/bin/machine           = unknown
/usr/bin/oslevel       = unknown
/bin/universe          = unknown

PATH: /home/greg/go/bin
PATH: /usr/lib/ccache
PATH: /home/greg/.local/bin
PATH: /home/greg/.cargo/bin
PATH: /home/greg/.local/bin
PATH: /home/greg/.config/guix/current/bin
PATH: /usr/local/sbin
PATH: /usr/local/bin
PATH: /usr/sbin
PATH: /usr/bin
PATH: /sbin
PATH: /bin
PATH: /usr/games
PATH: /usr/local/games
PATH: /snap/bin
PATH: /snap/bin


## ----------- ##
## Core tests. ##
## ----------- ##

configure:2378: checking build system type
configure:2392: result: x86_64-pc-linux-gnu
configure:2412: checking host system type
configure:2425: result: x86_64-pc-linux-gnu
configure:2445: checking target system type
configure:2458: result: x86_64-pc-linux-gnu
configure:2538: checking for gcc
configure:2565: result: cc
configure:2794: checking for C compiler version
configure:2803: cc --version >&5
cc (Ubuntu 13.3.0-6ubuntu2~24.04) 13.3.0
Copyright (C) 2023 Free Software Foundation, Inc.
This is free software; see the source for copying conditions.  There is NO
warranty; not even for MERCHANTABILITY or FITNESS FOR A PARTICULAR PURPOSE.

configure:2814: $? = 0
configure:2803: cc -v >&5
Using built-in specs.
COLLECT_GCC=/usr/bin/cc
COLLECT_LTO_WRAPPER=/usr/libexec/gcc/x86_64-linux-gnu/13/lto-wrapper
OFFLOAD_TARGET_NAMES=nvptx-none:amdgcn-amdhsa
OFFLOAD_TARGET_DEFAULT=1
Target: x86_64-linux-gnu
Configured with: ../src/configure -v --with-pkgversion='Ubuntu 13.3.0-6ubuntu2~24.04' --with-bugurl=file:///usr/share/doc/gcc-13/README.Bugs --enable-languages=c,ada,c++,go,d,fortran,objc,obj-c++,m2 --prefix=/usr --with-gcc-major-version-only --program-suffix=-13 --program-prefix=x86_64-linux-gnu- --enable-shared --enable-linker-build-id --libexecdir=/usr/libexec --without-included-gettext --enable-threads=posix --libdir=/usr/lib --enable-nls --enable-bootstrap --enable-clocale=gnu --enable-libstdcxx-debug --enable-libstdcxx-time=yes --with-default-libstdcxx-abi=new --enable-libstdcxx-backtrace --enable-gnu-unique-object --disable-vtable-verify --enable-plugin --enable-default-pie --with-system-zlib --enable-libphobos-checking=release --with-target-system-zlib=auto --enable-objc-gc=auto --enable-multiarch --disable-werror --enable-cet --with-arch-32=i686 --with-abi=m64 --with-multilib-list=m32,m64,mx32 --enable-multilib --with-tune=generic --enable-offload-targets=nvptx-none=/build/gcc-13-fG75Ri/gcc-13-13.3.0/debian/tmp-nvptx/usr,amdgcn-amdhsa=/build/gcc-13-fG75Ri/gcc-13-13.3.0/debian/tmp-gcn/usr --enable-offload-defaulted --without-cuda-driver --enable-checking=release --build=x86_64-linux-gnu --host=x86_64-linux-gnu --target=x86_64-linux-gnu --with-build-config=bootstrap-lto-lean --enable-link-serialization=2
Thread model: posix
Supported LTO compression algorithms: zlib zstd
gcc version 13.3.0 (Ubuntu 13.3.0-6ubuntu2~24.04) 
... rest of stderr output deleted ...
configure:2814: $? = 0
configure:2803: cc -V >&5
cc: error: unrecognized command-line option '-V'
cc: fatal error: no input files
compilation terminated.
configure:2814: $? = 1
configure:2803: cc -qversion >&5
cc: error: unrecognized command-line option '-qversion'; did you mean '--version'?
cc: fatal error: no input files
compilation terminated.
configure:2814: $? = 1
configure:2834: checking whether the C compiler works
configure:2856: cc    conftest.c  >&5
configure:2860: $? = 0
configure:2908: result: yes
configure:2911: checking for C compiler default output file name
configure:2913: result: a.out
configure:2919: checking for suffix of executables
configure:2926: cc -o conftest    conftest.c  >&5
configure:2930: $? = 0
configure:2952: result: 
configure:2974: checking whether we are cross compiling
configure:2982: cc -o conftest    conftest.c  >&5
configure:2986: $? = 0
configure:2993: ./conftest
configure:2997: $? = 0
configure:3012: result: no
configure:3017: checking for suffix of object files
configure:3039: cc -c   conftest.c >&5
configure:3043: $? = 0
configure:3064: result: o
configure:3068: checking whether we are using the GNU C compiler
configure:3087: cc -c   conftest.c >&5
configure:3087: $? = 0
configure:3096: result: yes
configure:3105: checking whether cc accepts -g
configure:3125: cc -c -g  conftest.c >&5
configure:3125: $? = 0
configure:3166: result: yes
configure:3183: checking for cc option to accept ISO C89
configure:3246: cc  -c -g -O2  conftest.c >&5
configure:3246: $? = 0
configure:3259: result: none needed
configure:3284: checking whether cc understands -c and -o together
configure:3306: cc -c conftest.c -o conftest2.o
configure:3309: $? = 0
configure:3306: cc -c conftest.c -o conftest2.o
configure:3309: $? = 0
configure:3321: result: yes
configure:3344: checking how to run the C preprocessor
configure:3375: cc -E  conftest.c
configure:3375: $? = 0
configure:3389: cc -E  conftest.c
conftest.c:9:10: fatal error: ac_nonexistent.h: No such file or directory
    9 | #include <ac_nonexistent.h>
      |          ^~~~~~~~~~~~~~~~~~
compilation terminated.
configure:3389: $? = 1
configure: failed program was:
| /* confdefs.h */
| #define PACKAGE_NAME "package-unused"
| #define PACKAGE_TARNAME "libbacktrace"
| #define PACKAGE_VERSION "version-unused"
| #define PACKAGE_STRING "package-unused version-unused"
| #define PACKAGE_BUGREPORT ""
| #define PACKAGE_URL ""
| /* end confdefs.h.  */
| #include <ac_nonexistent.h>
configure:3414: result: cc -E
configure:3434: cc -E  conftest.c
configure:3434: $? = 0
configure:3448: cc -E  conftest.c
conftest.c:9:10: fatal error: ac_nonexistent.h: No such file or directory
    9 | #include <ac_nonexistent.h>
      |          ^~~~~~~~~~~~~~~~~~
compilation terminated.
configure:3448: $? = 1
configure: failed program was:
| /* confdefs.h */
| #define PACKAGE_NAME "package-unused"
| #define PACKAGE_TARNAME "libbacktrace"
| #define PACKAGE_VERSION "version-unused"
| #define PACKAGE_STRING "package-unused version-unused"
| #define PACKAGE_BUGREPORT ""
| #define PACKAGE_URL ""
| /* end confdefs.h.  */
| #include <ac_nonexistent.h>
configure:3477: checking for grep that handles long lines and -e
configure:3535: result: /usr/bin/grep
configure:3540: checking for egrep
configure:3602: result: /usr/bin/grep -E
configure:3607: checking for ANSI C header files
configure:3627: cc -c -g -O2  conftest.c >&5
configure:3627: $? = 0
configure:3700: cc -o conftest -g -O2   conftest.c  >&5
configure:3700: $? = 0
configure:3700: ./conftest
configure:3700: $? = 0
configure:3711: result: yes
configure:3724: checking for sys/types.h
configure:3724: cc -c -g -O2  conftest.c >&5
configure:3724: $? = 0
configure:3724: result: yes
configure:3724: checking for sys/stat.h
configure:3724: cc -c -g -O2  conftest.c >&5
configure:3724: $? = 0
configure:3724: result: yes
configure:3724: checking for stdlib.h
configure:3724: cc -c -g -O2  conftest.c >&5
configure:3724: $? = 0
configure:3724: result: yes
configure:3724: checking for string.h
configure:3724: cc -c -g -O2  conftest.c >&5
configure:3724: $? = 0
configure:3724: result: yes
configure:3724: checking for memory.h
configure:3724: cc -c -g -O2  conftest.c >&5
configure:3724: $? = 0
configure:3724: result: yes
configure:3724: checking for strings.h
configure:3724: cc -c -g -O2  conftest.c >&5
configure:3724: $? = 0
configure:3724: result: yes
configure:3724: checking for inttypes.h
configure:3724: cc -c -g -O2  conftest.c >&5
configure:3724: $? = 0
configure:3724: result: yes
configure:3724: checking for stdint.h
configure:3724: cc -c -g -O2  conftest.c >&5
configure:3724: $? = 0
configure:3724: result: yes
configure:3724: checking for unistd.h
configure:3724: cc -c -g -O2  conftest.c >&5
configure:3724: $? = 0
configure:3724: result: yes
configure:3737: checking minix/config.h usability
configure:3737: cc -c -g -O2  conftest.c >&5
conftest.c:52:10: fatal error: minix/config.h: No such file or directory
   52 | #include <minix/config.h>
      |          ^~~~~~~~~~~~~~~~
compilation terminated.
configure:3737: $? = 1
configure: failed program was:
| /* confdefs.h */
| #define PACKAGE_NAME "package-unused"
| #define PACKAGE_TARNAME "libbacktrace"
| #define PACKAGE_VERSION "version-unused"
| #define PACKAGE_STRING "package-unused version-unused"
| #define PACKAGE_BUGREPORT ""
| #define PACKAGE_URL ""
| #define STDC_HEADERS 1
| #define HAVE_SYS_TYPES_H 1
| #define HAVE_SYS_STAT_H 1
| #define HAVE_STDLIB_H 1
| #define HAVE_STRING_H 1
| #define HAVE_MEMORY_H 1
| #define HAVE_STRINGS_H 1
| #define HAVE_INTTYPES_H 1
| #define HAVE_STDINT_H 1
| #define HAVE_UNISTD_H 1
| /* end confdefs.h.  */
| #include <stdio.h>
| #ifdef HAVE_SYS_TYPES_H
| # include <sys/types.h>
| #endif
| #ifdef HAVE_SYS_STAT_H
| # include <sys/stat.h>
| #endif
| #ifdef STDC_HEADERS
| # include <stdlib.h>
| # include <stddef.h>
| #else
| # ifdef HAVE_STDLIB_H
| #  include <stdlib.h>
| # endif
| #endif
| #ifdef HAVE_STRING_H
| # if !defined STDC_HEADERS && defined HAVE_MEMORY_H
| #  include <memory.h>
| # endif
| # include <string.h>
| #endif
| #ifdef HAVE_STRINGS_H
| # include <strings.h>
| #endif
| #ifdef HAVE_INTTYPES_H
| # include <inttypes.h>
| #endif
| #ifdef HAVE_STDINT_H
| # include <stdint.h>
| #endif
| #ifdef HAVE_UNISTD_H
| # include <unistd.h>
| #endif
| #include <minix/config.h>
configure:3737: result: no
configure:3737: checking minix/config.h presence
configure:3737: cc -E  conftest.c
conftest.c:19:10: fatal error: minix/config.h: No such file or directory
   19 | #include <minix/config.h>
      |          ^~~~~~~~~~~~~~~~
compilation terminated.
configure:3737: $? = 1
configure: failed program was:
| /* confdefs.h */
| #define PACKAGE_NAME "package-unused"
| #define PACKAGE_TARNAME "libbacktrace"
| #define PACKAGE_VERSION "version-unused"
| #define PACKAGE_STRING "package-unused version-unused"
| #define PACKAGE_BUGREPORT ""
| #define PACKAGE_URL ""
| #define STDC_HEADERS 1
| #define HAVE_SYS_TYPES_H 1
| #define HAVE_SYS_STAT_H 1
| #define HAVE_STDLIB_H 1
| #define HAVE_STRING_H 1
| #define HAVE_MEMORY_H 1
| #define HAVE_STRINGS_H 1
| #define HAVE_INTTYPES_H 1
| #define HAVE_STDINT_H 1
| #define HAVE_UNISTD_H 1
| /* end confdefs.h.  */
| #include <minix/config.h>
configure:3737: result: no
configure:3737: checking for minix/config.h
configure:3737: result: no
configure:3758: checking whether it is safe to define __EXTENSIONS__
configure:3776: cc -c -g -O2  conftest.c >&5
configure:3776: $? = 0
configure:3783: result: yes
configure:3859: checking for a BSD-compatible install
configure:3927: result: /usr/bin/install -c
configure:3938: checking whether build environment is sane
configure:3993: result: yes
configure:4141: checking for a thread-safe mkdir -p
configure:4180: result: /usr/bin/mkdir -p
configure:4187: checking for gawk
configure:4217: result: no
configure:4187: checking for mawk
configure:4203: found /usr/bin/mawk
configure:4214: result: mawk
configure:4225: checking whether make sets $(MAKE)
configure:4247: result: yes
configure:4276: checking whether make supports nested variables
configure:4293: result: yes
configure:4412: checking whether to enable maintainer-specific portions of Makefiles
configure:4421: result: no
configure:4495: checking for gcc
configure:4522: result: cc
configure:4751: checking for C compiler version
configure:4760: cc --version >&5
cc (Ubuntu 13.3.0-6ubuntu2~24.04) 13.3.0
Copyright (C) 2023 Free Software Foundation, Inc.
This is free software; see the source for copying conditions.  There is NO
warranty; not even for MERCHANTABILITY or FITNESS FOR A PARTICULAR PURPOSE.

configure:4771: $? = 0
configure:4760: cc -v >&5
Using built-in specs.
COLLECT_GCC=/usr/bin/cc
COLLECT_LTO_WRAPPER=/usr/libexec/gcc/x86_64-linux-gnu/13/lto-wrapper
OFFLOAD_TARGET_NAMES=nvptx-none:amdgcn-amdhsa
OFFLOAD_TARGET_DEFAULT=1
Target: x86_64-linux-gnu
Configured with: ../src/configure -v --with-pkgversion='Ubuntu 13.3.0-6ubuntu2~24.04' --with-bugurl=file:///usr/share/doc/gcc-13/README.Bugs --enable-languages=c,ada,c++,go,d,fortran,objc,obj-c++,m2 --prefix=/usr --with-gcc-major-version-only --program-suffix=-13 --program-prefix=x86_64-linux-gnu- --enable-shared --enable-linker-build-id --libexecdir=/usr/libexec --without-included-gettext --enable-threads=posix --libdir=/usr/lib --enable-nls --enable-bootstrap --enable-clocale=gnu --enable-libstdcxx-debug --enable-libstdcxx-time=yes --with-default-libstdcxx-abi=new --enable-libstdcxx-backtrace --enable-gnu-unique-object --disable-vtable-verify --enable-plugin --enable-default-pie --with-system-zlib --enable-libphobos-checking=release --with-target-system-zlib=auto --enable-objc-gc=auto --enable-multiarch --disable-werror --enable-cet --with-arch-32=i686 --with-abi=m64 --with-multilib-list=m32,m64,mx32 --enable-multilib --with-tune=generic --enable-offload-targets=nvptx-none=/build/gcc-13-fG75Ri/gcc-13-13.3.0/debian/tmp-nvptx/usr,amdgcn-amdhsa=/build/gcc-13-fG75Ri/gcc-13-13.3.0/debian/tmp-gcn/usr --enable-offload-defaulted --without-cuda-driver --enable-checking=release --build=x86_64-linux-gnu --host=x86_64-linux-gnu --target=x86_64-linux-gnu --with-build-config=bootstrap-lto-lean --enable-link-serialization=2
Thread model: posix
Supported LTO compression algorithms: zlib zstd
gcc version 13.3.0 (Ubuntu 13.3.0-6ubuntu2~24.04) 
... rest of stderr output deleted ...
configure:4771: $? = 0
configure:4760: cc -V >&5
cc: error: unrecognized command-line option '-V'
cc: fatal error: no input files
compilation terminated.
configure:4771: $? = 1
configure:4760: cc -qversion >&5
cc: error: unrecognized command-line option '-qversion'; did you mean '--version'?
cc: fatal error: no input files
compilation terminated.
configure:4771: $? = 1
configure:4775: checking whether we are using the GNU C compiler
configure:4803: result: yes
configure:4812: checking whether cc accepts -g
configure:4873: result: yes
configure:4890: checking for cc option to accept ISO C89
configure:4966: result: none needed
configure:4991: checking whether cc understands -c and -o together
configure:5028: result: yes
configure:5092: checking for ranlib
configure:5108: found /usr/bin/ranlib
configure:5119: result: ranlib
configure:5146: checking for gawk
configure:5173: result: mawk
configure:5190: checking for dwz
configure:5220: result: no
configure:5280: checking how to print strings
configure:5307: result: printf
configure:5328: checking for a sed that does not truncate output
configure:5392: result: /usr/bin/sed
configure:5410: checking for fgrep
configure:5472: result: /usr/bin/grep -F
configure:5507: checking for ld used by cc
configure:5574: result: /usr/bin/ld
configure:5581: checking if the linker (/usr/bin/ld) is GNU ld
configure:5596: result: yes
configure:5608: checking for BSD- or MS-compatible name lister (nm)
configure:5657: result: /usr/bin/nm -B
configure:5787: checking the name lister (/usr/bin/nm -B) interface
configure:5794: cc -c -g -O2  conftest.c >&5
configure:5797: /usr/bin/nm -B "conftest.o"
configure:5800: output
0000000000000000 B some_variable
configure:5807: result: BSD nm
configure:5810: checking whether ln -s works
configure:5814: result: yes
configure:5822: checking the maximum length of command line arguments
configure:5947: result: 1572864
configure:5964: checking whether the shell understands some XSI constructs
configure:5974: result: yes
configure:5978: checking whether the shell understands "+="
configure:5984: result: yes
configure:6019: checking for /usr/bin/ld option to reload object files
configure:6026: result: -r
configure:6095: checking for objdump
configure:6111: found /usr/bin/objdump
configure:6122: result: objdump
configure:6154: checking how to recognize dependent libraries
configure:6355: result: pass_all
configure:6415: checking for ar
configure:6431: found /usr/bin/ar
configure:6442: result: ar
configure:6520: checking for strip
configure:6536: found /usr/bin/strip
configure:6547: result: strip
configure:6619: checking for ranlib
configure:6646: result: ranlib
configure:6748: checking command to parse /usr/bin/nm -B output from cc object
configure:6866: cc -c -g -O2  conftest.c >&5
configure:6869: $? = 0
configure:6873: /usr/bin/nm -B conftest.o \| sed -n -e 's/^.*[ ]\([ABCDGIRSTW][ABCDGIRSTW]*\)[ ][ ]*\([_A-Za-z][_A-Za-z0-9]*\)$/\1 \2 \2/p' \> conftest.nm
configure:6876: $? = 0
configure:6930: cc -o conftest -g -O2   conftest.c conftstm.o >&5
configure:6933: $? = 0
configure:6971: result: ok
configure:7066: cc -c -g -O2  conftest.c >&5
configure:7069: $? = 0
configure:7821: checking for dlfcn.h
configure:7821: cc -c -g -O2  conftest.c >&5
configure:7821: $? = 0
configure:7821: result: yes
configure:7978: checking for objdir
configure:7993: result: .libs
configure:8264: checking if cc supports -fno-rtti -fno-exceptions
configure:8282: cc -c -g -O2  -fno-rtti -fno-exceptions conftest.c >&5
cc1: warning: command-line option '-fno-rtti' is valid for C++/D/ObjC++ but not for C
configure:8286: $? = 0
configure:8299: result: no
configure:8319: checking for cc option to produce PIC
configure:8605: result: -fPIC -DPIC
configure:8617: checking if cc PIC flag -fPIC -DPIC works
configure:8635: cc -c -g -O2  -fPIC -DPIC -DPIC conftest.c >&5
configure:8639: $? = 0
configure:8652: result: yes
configure:8676: checking if cc static flag -static works
configure:8704: result: yes
configure:8719: checking if cc supports -c -o file.o
configure:8740: cc -c -g -O2  -o out/conftest2.o conftest.c >&5
configure:8744: $? = 0
configure:8766: result: yes
configure:8774: checking if cc supports -c -o file.o
configure:8821: result: yes
configure:8854: checking whether the cc linker (/usr/bin/ld -m elf_x86_64) supports shared libraries
configure:9925: result: yes
configure:10170: checking dynamic linker characteristics
configure:10616: cc -o conftest -g -O2   -Wl,-rpath -Wl,/foo conftest.c  >&5
configure:10616: $? = 0
configure:10838: result: GNU/Linux ld.so
configure:10945: checking how to hardcode library paths into programs
configure:10970: result: immediate
configure:11510: checking whether stripping libraries is possible
configure:11515: result: yes
configure:11550: checking if libtool supports shared libraries
configure:11552: result: yes
configure:11555: checking whether to build shared libraries
configure:11576: result: no
configure:11579: checking whether to build static libraries
configure:11583: result: yes
configure:11627: checking for special C compiler options needed for large files
configure:11672: result: no
configure:11678: checking for _FILE_OFFSET_BITS value needed for large files
configure:11703: cc -c -g -O2  conftest.c >&5
configure:11703: $? = 0
configure:11735: result: no
configure:11828: checking unwind.h usability
configure:11828: cc -c -g -O2  conftest.c >&5
configure:11828: $? = 0
configure:11828: result: yes
configure:11828: checking unwind.h presence
configure:11828: cc -E  conftest.c
configure:11828: $? = 0
configure:11828: result: yes
configure:11828: checking for unwind.h
configure:11828: result: yes
configure:11830: checking for _Unwind_Backtrace
configure:11830: cc -o conftest -g -O2   conftest.c  >&5
configure:11830: $? = 0
configure:11830: result: yes
configure:11851: checking for -funwind-tables option
configure:11869: cc -c -g -O2 -funwind-tables  conftest.c >&5
configure:11869: $? = 0
configure:11877: result: yes
configure:11882: checking for -frandom-seed=string option
configure:11900: cc -c -g -O2 -frandom-seed=conftest.lo  conftest.c >&5
configure:11900: $? = 0
configure:11908: result: yes
configure:11935: checking whether cc supports -W
configure:11952: cc -c -W  conftest.c >&5
configure:11952: $? = 0
configure:11961: result: yes
configure:11935: checking whether cc supports -Wall
configure:11952: cc -c -Wall  conftest.c >&5
configure:11952: $? = 0
configure:11961: result: yes
configure:11935: checking whether cc supports -Wwrite-strings
configure:11952: cc -c -Wwrite-strings  conftest.c >&5
configure:11952: $? = 0
configure:11961: result: yes
configure:11935: checking whether cc supports -Wstrict-prototypes
configure:11952: cc -c -Wstrict-prototypes  conftest.c >&5
conftest.c:28:1: warning: function declaration isn't a prototype [-Wstrict-prototypes]
   28 | main ()
      | ^~~~
configure:11952: $? = 0
configure:11961: result: yes
configure:11935: checking whether cc supports -Wmissing-prototypes
configure:11952: cc -c -Wmissing-prototypes  conftest.c >&5
configure:11952: $? = 0
configure:11961: result: yes
configure:11935: checking whether cc supports -Wold-style-definition
configure:11952: cc -c -Wold-style-definition  conftest.c >&5
conftest.c: In function 'main':
conftest.c:28:1: warning: old-style function definition [-Wold-style-definition]
   28 | main ()
      | ^~~~
configure:11952: $? = 0
configure:11961: result: yes
configure:11935: checking whether cc supports -Wmissing-format-attribute
configure:11952: cc -c -Wmissing-format-attribute  conftest.c >&5
configure:11952: $? = 0
configure:11961: result: yes
configure:11935: checking whether cc supports -Wcast-qual
configure:11952: cc -c -Wcast-qual  conftest.c >&5
configure:11952: $? = 0
configure:11961: result: yes
configure:12027: checking for _Unwind_GetIPInfo
configure:12042: cc -o conftest -g -O2 -Werror-implicit-function-declaration   conftest.c  >&5
configure:12042: $? = 0
configure:12050: result: yes
configure:12070: checking __sync extensions
configure:12094: cc -o conftest -g -O2   conftest.c  >&5
configure:12094: $? = 0
configure:12103: result: yes
configure:12115: checking __atomic extensions
configure:12135: cc -o conftest -g -O2   conftest.c  >&5
configure:12135: $? = 0
configure:12144: result: yes
configure:12155: checking output filetype
configure:12172: cc -c -g -O2  conftest.c >&5
configure:12172: $? = 0
configure:12183: result: elf64
configure:12254: checking sys/mman.h usability
configure:12254: cc -c -g -O2  conftest.c >&5
configure:12254: $? = 0
configure:12254: result: yes
configure:12254: checking sys/mman.h presence
configure:12254: cc -E  conftest.c
configure:12254: $? = 0
configure:12254: result: yes
configure:12254: checking for sys/mman.h
configure:12254: result: yes
configure:12279: checking for mmap
configure:12279: cc -o conftest -g -O2   conftest.c  >&5
configure:12279: $? = 0
configure:12279: result: yes
configure:12302: cc -E  conftest.c
configure:12302: $? = 0
configure:12321: checking link.h usability
configure:12321: cc -c -g -O2  conftest.c >&5
configure:12321: $? = 0
configure:12321: result: yes
configure:12321: checking link.h presence
configure:12321: cc -E  conftest.c
configure:12321: $? = 0
configure:12321: result: yes
configure:12321: checking for link.h
configure:12321: result: yes
configure:12356: checking for dl_iterate_phdr
configure:12356: cc -o conftest -g -O2   conftest.c  >&5
configure:12356: $? = 0
configure:12356: result: yes
configure:12374: checking mach-o/dyld.h usability
configure:12374: cc -c -g -O2  conftest.c >&5
conftest.c:67:10: fatal error: mach-o/dyld.h: No such file or directory
   67 | #include <mach-o/dyld.h>
      |          ^~~~~~~~~~~~~~~
compilation terminated.
configure:12374: $? = 1
configure: failed program was:
| /* confdefs.h */
| #define PACKAGE_NAME "package-unused"
| #define PACKAGE_TARNAME "libbacktrace"
| #define PACKAGE_VERSION "version-unused"
| #define PACKAGE_STRING "package-unused version-unused"
| #define PACKAGE_BUGREPORT ""
| #define PACKAGE_URL ""
| #define STDC_HEADERS 1
| #define HAVE_SYS_TYPES_H 1
| #define HAVE_SYS_STAT_H 1
| #define HAVE_STDLIB_H 1
| #define HAVE_STRING_H 1
| #define HAVE_MEMORY_H 1
| #define HAVE_STRINGS_H 1
| #define HAVE_INTTYPES_H 1
| #define HAVE_STDINT_H 1
| #define HAVE_UNISTD_H 1
| #define __EXTENSIONS__ 1
| #define _ALL_SOURCE 1
| #define _GNU_SOURCE 1
| #define _POSIX_PTHREAD_SEMANTICS 1
| #define _TANDEM_SOURCE 1
| #define HAVE_DLFCN_H 1
| #define LT_OBJDIR ".libs/"
| #define HAVE_GETIPINFO 1
| #define HAVE_SYNC_FUNCTIONS 1
| #define HAVE_ATOMIC_FUNCTIONS 1
| #define BACKTRACE_ELF_SIZE 64
| #define BACKTRACE_XCOFF_SIZE unused
| #define HAVE_SYS_MMAN_H 1
| #define HAVE_LINK_H 1
| #define HAVE_DL_ITERATE_PHDR 1
| /* end confdefs.h.  */
| #include <stdio.h>
| #ifdef HAVE_SYS_TYPES_H
| # include <sys/types.h>
| #endif
| #ifdef HAVE_SYS_STAT_H
| # include <sys/stat.h>
| #endif
| #ifdef STDC_HEADERS
| # include <stdlib.h>
| # include <stddef.h>
| #else
| # ifdef HAVE_STDLIB_H
| #  include <stdlib.h>
| # endif
| #endif
| #ifdef HAVE_STRING_H
| # if !defined STDC_HEADERS && defined HAVE_MEMORY_H
| #  include <memory.h>
| # endif
| # include <string.h>
| #endif
| #ifdef HAVE_STRINGS_H
| # include <strings.h>
| #endif
| #ifdef HAVE_INTTYPES_H
| # include <inttypes.h>
| #endif
| #ifdef HAVE_STDINT_H
| # include <stdint.h>
| #endif
| #ifdef HAVE_UNISTD_H
| # include <unistd.h>
| #endif
| #include <mach-o/dyld.h>
configure:12374: result: no
configure:12374: checking mach-o/dyld.h presence
configure:12374: cc -E  conftest.c
conftest.c:34:10: fatal error: mach-o/dyld.h: No such file or directory
   34 | #include <mach-o/dyld.h>
      |          ^~~~~~~~~~~~~~~
compilation terminated.
configure:12374: $? = 1
configure: failed program was:
| /* confdefs.h */
| #define PACKAGE_NAME "package-unused"
| #define PACKAGE_TARNAME "libbacktrace"
| #define PACKAGE_VERSION "version-unused"
| #define PACKAGE_STRING "package-unused version-unused"
| #define PACKAGE_BUGREPORT ""
| #define PACKAGE_URL ""
| #define STDC_HEADERS 1
| #define HAVE_SYS_TYPES_H 1
| #define HAVE_SYS_STAT_H 1
| #define HAVE_STDLIB_H 1
| #define HAVE_STRING_H 1
| #define HAVE_MEMORY_H 1
| #define HAVE_STRINGS_H 1
| #define HAVE_INTTYPES_H 1
| #define HAVE_STDINT_H 1
| #define HAVE_UNISTD_H 1
| #define __EXTENSIONS__ 1
| #define _ALL_SOURCE 1
| #define _GNU_SOURCE 1
| #define _POSIX_PTHREAD_SEMANTICS 1
| #define _TANDEM_SOURCE 1
| #define HAVE_DLFCN_H 1
| #define LT_OBJDIR ".libs/"
| #define HAVE_GETIPINFO 1
| #define HAVE_SYNC_FUNCTIONS 1
| #define HAVE_ATOMIC_FUNCTIONS 1
| #define BACKTRACE_ELF_SIZE 64
| #define BACKTRACE_XCOFF_SIZE unused
| #define HAVE_SYS_MMAN_H 1
| #define HAVE_LINK_H 1
| #define HAVE_DL_ITERATE_PHDR 1
| /* end confdefs.h.  */
| #include <mach-o/dyld.h>
configure:12374: result: no
configure:12374: checking for mach-o/dyld.h
configure:12374: result: no
configure:12388: checking sys/ldr.h usability
configure:12388: cc -c -g -O2  conftest.c >&5
conftest.c:67:10: fatal error: sys/ldr.h: No such file or directory
   67 | #include <sys/ldr.h>
      |          ^~~~~~~~~~~
compilation terminated.
configure:12388: $? = 1
configure: failed program was:
| /* confdefs.h */
| #define PACKAGE_NAME "package-unused"
| #define PACKAGE_TARNAME "libbacktrace"
| #define PACKAGE_VERSION "version-unused"
| #define PACKAGE_STRING "package-unused version-unused"
| #define PACKAGE_BUGREPORT ""
| #define PACKAGE_URL ""
| #define STDC_HEADERS 1
| #define HAVE_SYS_TYPES_H 1
| #define HAVE_SYS_STAT_H 1
| #define HAVE_STDLIB_H 1
| #define HAVE_STRING_H 1
| #define HAVE_MEMORY_H 1
| #define HAVE_STRINGS_H 1
| #define HAVE_INTTYPES_H 1
| #define HAVE_STDINT_H 1
| #define HAVE_UNISTD_H 1
| #define __EXTENSIONS__ 1
| #define _ALL_SOURCE 1
| #define _GNU_SOURCE 1
| #define _POSIX_PTHREAD_SEMANTICS 1
| #define _TANDEM_SOURCE 1
| #define HAVE_DLFCN_H 1
| #define LT_OBJDIR ".libs/"
| #define HAVE_GETIPINFO 1
| #define HAVE_SYNC_FUNCTIONS 1
| #define HAVE_ATOMIC_FUNCTIONS 1
| #define BACKTRACE_ELF_SIZE 64
| #define BACKTRACE_XCOFF_SIZE unused
| #define HAVE_SYS_MMAN_H 1
| #define HAVE_LINK_H 1
| #define HAVE_DL_ITERATE_PHDR 1
| /* end confdefs.h.  */
| #include <stdio.h>
| #ifdef HAVE_SYS_TYPES_H
| # include <sys/types.h>
| #endif
| #ifdef HAVE_SYS_STAT_H
| # include <sys/stat.h>
| #endif
| #ifdef STDC_HEADERS
| # include <stdlib.h>
| # include <stddef.h>
| #else
| # ifdef HAVE_STDLIB_H
| #  include <stdlib.h>
| # endif
| #endif
| #ifdef HAVE_STRING_H
| # if !defined STDC_HEADERS && defined HAVE_MEMORY_H
| #  include <memory.h>
| # endif
| # include <string.h>
| #endif
| #ifdef HAVE_STRINGS_H
| # include <strings.h>
| #endif
| #ifdef HAVE_INTTYPES_H
| # include <inttypes.h>
| #endif
| #ifdef HAVE_STDINT_H
| # include <stdint.h>
| #endif
| #ifdef HAVE_UNISTD_H
| # include <unistd.h>
| #endif
| #include <sys/ldr.h>
configure:12388: result: no
configure:12388: checking sys/ldr.h presence
configure:12388: cc -E  conftest.c
conftest.c:34:10: fatal error: sys/ldr.h: No such file or directory
   34 | #include <sys/ldr.h>
      |          ^~~~~~~~~~~
compilation terminated.
configure:12388: $? = 1
configure: failed program was:
| /* confdefs.h */
| #define PACKAGE_NAME "package-unused"
| #define PACKAGE_TARNAME "libbacktrace"
| #define PACKAGE_VERSION "version-unused"
| #define PACKAGE_STRING "package-unused version-unused"
| #define PACKAGE_BUGREPORT ""
| #define PACKAGE_URL ""
| #define STDC_HEADERS 1
| #define HAVE_SYS_TYPES_H 1
| #define HAVE_SYS_STAT_H 1
| #define HAVE_STDLIB_H 1
| #define HAVE_STRING_H 1
| #define HAVE_MEMORY_H 1
| #define HAVE_STRINGS_H 1
| #define HAVE_INTTYPES_H 1
| #define HAVE_STDINT_H 1
| #define HAVE_UNISTD_H 1
| #define __EXTENSIONS__ 1
| #define _ALL_SOURCE 1
| #define _GNU_SOURCE 1
| #define _POSIX_PTHREAD_SEMANTICS 1
| #define _TANDEM_SOURCE 1
| #define HAVE_DLFCN_H 1
| #define LT_OBJDIR ".libs/"
| #define HAVE_GETIPINFO 1
| #define HAVE_SYNC_FUNCTIONS 1
| #define HAVE_ATOMIC_FUNCTIONS 1
| #define BACKTRACE_ELF_SIZE 64
| #define BACKTRACE_XCOFF_SIZE unused
| #define HAVE_SYS_MMAN_H 1
| #define HAVE_LINK_H 1
| #define HAVE_DL_ITERATE_PHDR 1
| /* end confdefs.h.  */
| #include <sys/ldr.h>
configure:12388: result: no
configure:12388: checking for sys/ldr.h
configure:12388: result: no
configure:12440: checking for fcntl
configure:12440: cc -o conftest -g -O2   conftest.c  >&5
configure:12440: $? = 0
configure:12440: result: yes
configure:12454: checking whether strnlen is declared
configure:12454: cc -c -g -O2  conftest.c >&5
configure:12454: $? = 0
configure:12454: result: yes
configure:12464: checking whether getpagesize is declared
configure:12464: cc -c -g -O2  conftest.c >&5
configure:12464: $? = 0
configure:12464: result: yes
configure:12478: checking for lstat
configure:12478: cc -o conftest -g -O2   conftest.c  >&5
configure:12478: $? = 0
configure:12478: result: yes
configure:12478: checking for readlink
configure:12478: cc -o conftest -g -O2   conftest.c  >&5
configure:12478: $? = 0
configure:12478: result: yes
configure:12495: checking for getexecname
configure:12495: cc -o conftest -g -O2   conftest.c  >&5
/usr/bin/ld: /tmp/cchKfSnl.o: in function `main':
/home/greg/bitcoin-dev/cleanroom/claudelnsym/cln-lnsymmetry/external/x86_64-linux-gnu/libbacktrace-build/conftest.c:73:(.text.startup+0xb): undefined reference to `getexecname'
collect2: error: ld returned 1 exit status
configure:12495: $? = 1
configure: failed program was:
| /* confdefs.h */
| #define PACKAGE_NAME "package-unused"
| #define PACKAGE_TARNAME "libbacktrace"
| #define PACKAGE_VERSION "version-unused"
| #define PACKAGE_STRING "package-unused version-unused"
| #define PACKAGE_BUGREPORT ""
| #define PACKAGE_URL ""
| #define STDC_HEADERS 1
| #define HAVE_SYS_TYPES_H 1
| #define HAVE_SYS_STAT_H 1
| #define HAVE_STDLIB_H 1
| #define HAVE_STRING_H 1
| #define HAVE_MEMORY_H 1
| #define HAVE_STRINGS_H 1
| #define HAVE_INTTYPES_H 1
| #define HAVE_STDINT_H 1
| #define HAVE_UNISTD_H 1
| #define __EXTENSIONS__ 1
| #define _ALL_SOURCE 1
| #define _GNU_SOURCE 1
| #define _POSIX_PTHREAD_SEMANTICS 1
| #define _TANDEM_SOURCE 1
| #define HAVE_DLFCN_H 1
| #define LT_OBJDIR ".libs/"
| #define HAVE_GETIPINFO 1
| #define HAVE_SYNC_FUNCTIONS 1
| #define HAVE_ATOMIC_FUNCTIONS 1
| #define BACKTRACE_ELF_SIZE 64
| #define BACKTRACE_XCOFF_SIZE unused
| #define HAVE_SYS_MMAN_H 1
| #define HAVE_LINK_H 1
| #define HAVE_DL_ITERATE_PHDR 1
| #define HAVE_FCNTL 1
| #define HAVE_DECL_STRNLEN 1
| #define HAVE_DECL_GETPAGESIZE 1
| #define HAVE_LSTAT 1
| #define HAVE_READLINK 1
| /* end confdefs.h.  */
| /* Define getexecname to an innocuous variant, in case <limits.h> declares getexecname.
|    For example, HP-UX 11i <limits.h> declares gettimeofday.  */
| #define getexecname innocuous_getexecname
| 
| /* System header to define __stub macros and hopefully few prototypes,
|     which can conflict with char getexecname (); below.
|     Prefer <limits.h> to <assert.h> if __STDC__ is defined, since
|     <limits.h> exists even on freestanding compilers.  */
| 
| #ifdef __STDC__
| # include <limits.h>
| #else
| # include <assert.h>
| #endif
| 
| #undef getexecname
| 
| /* Override any GCC internal prototype to avoid an error.
|    Use char because int might match the return type of a GCC
|    builtin and then its argument prototype would still apply.  */
| #ifdef __cplusplus
| extern "C"
| #endif
| char getexecname ();
| /* The GNU C library defines this for functions which it implements
|     to always fail with ENOSYS.  Some functions are actually named
|     something starting with __ and the normal name is an alias.  */
| #if defined __stub_getexecname || defined __stub___getexecname
| choke me
| #endif
| 
| int
| main ()
| {
| return getexecname ();
|   ;
|   return 0;
| }
configure:12495: result: no
configure:12511: checking for KERN_PROC
configure:12530: cc -c -g -O2  conftest.c >&5
conftest.c:41:10: fatal error: sys/sysctl.h: No such file or directory
   41 | #include <sys/sysctl.h>
      |          ^~~~~~~~~~~~~~
compilation terminated.
configure:12530: $? = 1
configure: failed program was:
| /* confdefs.h */
| #define PACKAGE_NAME "package-unused"
| #define PACKAGE_TARNAME "libbacktrace"
| #define PACKAGE_VERSION "version-unused"
| #define PACKAGE_STRING "package-unused version-unused"
| #define PACKAGE_BUGREPORT ""
| #define PACKAGE_URL ""
| #define STDC_HEADERS 1
| #define HAVE_SYS_TYPES_H 1
| #define HAVE_SYS_STAT_H 1
| #define HAVE_STDLIB_H 1
| #define HAVE_STRING_H 1
| #define HAVE_MEMORY_H 1
| #define HAVE_STRINGS_H 1
| #define HAVE_INTTYPES_H 1
| #define HAVE_STDINT_H 1
| #define HAVE_UNISTD_H 1
| #define __EXTENSIONS__ 1
| #define _ALL_SOURCE 1
| #define _GNU_SOURCE 1
| #define _POSIX_PTHREAD_SEMANTICS 1
| #define _TANDEM_SOURCE 1
| #define HAVE_DLFCN_H 1
| #define LT_OBJDIR ".libs/"
| #define HAVE_GETIPINFO 1
| #define HAVE_SYNC_FUNCTIONS 1
| #define HAVE_ATOMIC_FUNCTIONS 1
| #define BACKTRACE_ELF_SIZE 64
| #define BACKTRACE_XCOFF_SIZE unused
| #define HAVE_SYS_MMAN_H 1
| #define HAVE_LINK_H 1
| #define HAVE_DL_ITERATE_PHDR 1
| #define HAVE_FCNTL 1
| #define HAVE_DECL_STRNLEN 1
| #define HAVE_DECL_GETPAGESIZE 1
| #define HAVE_LSTAT 1
| #define HAVE_READLINK 1
| /* end confdefs.h.  */
| 
| #include <sys/types.h>
| #include <sys/sysctl.h>
| 
| int
| main ()
| {
| int mib0 = CTL_KERN; int mib1 = KERN_PROC; int mib2 = KERN_PROC_PATHNAME;
|   ;
|   return 0;
| }
configure:12537: result: no
configure:12545: checking for KERN_PROG_ARGS
configure:12564: cc -c -g -O2  conftest.c >&5
conftest.c:41:10: fatal error: sys/sysctl.h: No such file or directory
   41 | #include <sys/sysctl.h>
      |          ^~~~~~~~~~~~~~
compilation terminated.
configure:12564: $? = 1
configure: failed program was:
| /* confdefs.h */
| #define PACKAGE_NAME "package-unused"
| #define PACKAGE_TARNAME "libbacktrace"
| #define PACKAGE_VERSION "version-unused"
| #define PACKAGE_STRING "package-unused version-unused"
| #define PACKAGE_BUGREPORT ""
| #define PACKAGE_URL ""
| #define STDC_HEADERS 1
| #define HAVE_SYS_TYPES_H 1
| #define HAVE_SYS_STAT_H 1
| #define HAVE_STDLIB_H 1
| #define HAVE_STRING_H 1
| #define HAVE_MEMORY_H 1
| #define HAVE_STRINGS_H 1
| #define HAVE_INTTYPES_H 1
| #define HAVE_STDINT_H 1
| #define HAVE_UNISTD_H 1
| #define __EXTENSIONS__ 1
| #define _ALL_SOURCE 1
| #define _GNU_SOURCE 1
| #define _POSIX_PTHREAD_SEMANTICS 1
| #define _TANDEM_SOURCE 1
| #define HAVE_DLFCN_H 1
| #define LT_OBJDIR ".libs/"
| #define HAVE_GETIPINFO 1
| #define HAVE_SYNC_FUNCTIONS 1
| #define HAVE_ATOMIC_FUNCTIONS 1
| #define BACKTRACE_ELF_SIZE 64
| #define BACKTRACE_XCOFF_SIZE unused
| #define HAVE_SYS_MMAN_H 1
| #define HAVE_LINK_H 1
| #define HAVE_DL_ITERATE_PHDR 1
| #define HAVE_FCNTL 1
| #define HAVE_DECL_STRNLEN 1
| #define HAVE_DECL_GETPAGESIZE 1
| #define HAVE_LSTAT 1
| #define HAVE_READLINK 1
| /* end confdefs.h.  */
| 
| #include <sys/types.h>
| #include <sys/sysctl.h>
| 
| int
| main ()
| {
| int mib0 = CTL_KERN; int mib1 = KERN_PROC_ARGS; int mib2 = KERN_PROC_PATHNAME;
|   ;
|   return 0;
| }
configure:12571: result: no
configure:12582: checking for clock_gettime
configure:12582: cc -o conftest -g -O2   conftest.c  >&5
configure:12582: $? = 0
configure:12582: result: yes
configure:12643: checking whether -pthread is supported
configure:12654: cc -c -g -O2 -pthread  conftest.c >&5
configure:12654: $? = 0
configure:12662: result: yes
configure:12679: checking whether -gdwarf-5 is supported
configure:12697: cc -o conftest -g -O2 -gdwarf-5   conftest.c  >&5
configure:12697: $? = 0
configure:12706: result: yes
configure:12717: checking for compress in -lz
configure:12742: cc -o conftest -g -O2   conftest.c -lz   >&5
configure:12742: $? = 0
configure:12751: result: yes
configure:12768: checking whether --compress-debug-sections is supported
configure:12786: cc -o conftest -g -O2   -Wl,--compress-debug-sections=zlib-gnu conftest.c  >&5
configure:12786: $? = 0
configure:12795: result: yes
configure:12809: checking for objcopy
configure:12825: found /usr/bin/objcopy
configure:12836: result: objcopy
configure:12846: checking for readelf
configure:12862: found /usr/bin/readelf
configure:12873: result: readelf
configure:12881: checking whether objcopy supports debuglink
configure:12896: result: yes
configure:12910: checking for dsymutil
configure:12926: found /usr/bin/dsymutil
configure:12937: result: dsymutil
configure:12957: checking for nm
configure:12984: result: /usr/bin/nm -B
configure:12995: checking for xz
configure:13011: found /usr/bin/xz
configure:13022: result: xz
configure:13040: checking for comm
configure:13056: found /usr/bin/comm
configure:13067: result: comm
configure:13093: checking for lzma_auto_decoder in -llzma
configure:13118: cc -o conftest -g -O2   conftest.c -llzma   >&5
/usr/bin/ld: cannot find -llzma: No such file or directory
collect2: error: ld returned 1 exit status
configure:13118: $? = 1
configure: failed program was:
| /* confdefs.h */
| #define PACKAGE_NAME "package-unused"
| #define PACKAGE_TARNAME "libbacktrace"
| #define PACKAGE_VERSION "version-unused"
| #define PACKAGE_STRING "package-unused version-unused"
| #define PACKAGE_BUGREPORT ""
| #define PACKAGE_URL ""
| #define STDC_HEADERS 1
| #define HAVE_SYS_TYPES_H 1
| #define HAVE_SYS_STAT_H 1
| #define HAVE_STDLIB_H 1
| #define HAVE_STRING_H 1
| #define HAVE_MEMORY_H 1
| #define HAVE_STRINGS_H 1
| #define HAVE_INTTYPES_H 1
| #define HAVE_STDINT_H 1
| #define HAVE_UNISTD_H 1
| #define __EXTENSIONS__ 1
| #define _ALL_SOURCE 1
| #define _GNU_SOURCE 1
| #define _POSIX_PTHREAD_SEMANTICS 1
| #define _TANDEM_SOURCE 1
| #define HAVE_DLFCN_H 1
| #define LT_OBJDIR ".libs/"
| #define HAVE_GETIPINFO 1
| #define HAVE_SYNC_FUNCTIONS 1
| #define HAVE_ATOMIC_FUNCTIONS 1
| #define BACKTRACE_ELF_SIZE 64
| #define BACKTRACE_XCOFF_SIZE unused
| #define HAVE_SYS_MMAN_H 1
| #define HAVE_LINK_H 1
| #define HAVE_DL_ITERATE_PHDR 1
| #define HAVE_FCNTL 1
| #define HAVE_DECL_STRNLEN 1
| #define HAVE_DECL_GETPAGESIZE 1
| #define HAVE_LSTAT 1
| #define HAVE_READLINK 1
| #define HAVE_CLOCK_GETTIME 1
| #define HAVE_ZLIB 1
| /* end confdefs.h.  */
| 
| /* Override any GCC internal prototype to avoid an error.
|    Use char because int might match the return type of a GCC
|    builtin and then its argument prototype would still apply.  */
| #ifdef __cplusplus
| extern "C"
| #endif
| char lzma_auto_decoder ();
| int
| main ()
| {
| return lzma_auto_decoder ();
|   ;
|   return 0;
| }
configure:13127: result: no
configure:13144: checking whether tests can run
configure:13163: cc -o conftest -g -O2   conftest.c  >&5
configure:13163: $? = 0
configure:13163: ./conftest
configure:13163: $? = 0
configure:13173: result: yes
configure:13300: checking that generated files are newer than configure
configure:13306: result: done
configure:13377: creating ./config.status

## ---------------------- ##
## Running config.status. ##
## ---------------------- ##

This file was extended by package-unused config.status version-unused, which was
generated by GNU Autoconf 2.69.  Invocation command line was

  CONFIG_FILES    = 
  CONFIG_HEADERS  = 
  CONFIG_LINKS    = 
  CONFIG_COMMANDS = 
  $ ./config.status 

on greg-Laptop

config.status:1149: creating Makefile
config.status:1149: creating backtrace-supported.h
config.status:1149: creating install-debuginfo-for-buildid.sh
config.status:1149: creating config.h
config.status:1315: config.h is unchanged
config.status:1363: executing libtool commands
config.status:1363: executing default commands

## ---------------- ##
## Cache variables. ##
## ---------------- ##

ac_cv_build=x86_64-pc-linux-gnu
ac_cv_c_compiler_gnu=yes
ac_cv_env_CC_set=set
ac_cv_env_CC_value=cc
ac_cv_env_CFLAGS_set=
ac_cv_env_CFLAGS_value=
ac_cv_env_CPPFLAGS_set=
ac_cv_env_CPPFLAGS_value=
ac_cv_env_CPP_set=
ac_cv_env_CPP_value=
ac_cv_env_DSYMUTIL_set=
ac_cv_env_DSYMUTIL_value=
ac_cv_env_LDFLAGS_set=
ac_cv_env_LDFLAGS_value=
ac_cv_env_LIBS_set=
ac_cv_env_LIBS_value=
ac_cv_env_NM_set=
ac_cv_env_NM_value=
ac_cv_env_OBJCOPY_set=
ac_cv_env_OBJCOPY_value=
ac_cv_env_build_alias_set=
ac_cv_env_build_alias_value=
ac_cv_env_host_alias_set=
ac_cv_env_host_alias_value=
ac_cv_env_target_alias_set=
ac_cv_env_target_alias_value=
ac_cv_func__Unwind_Backtrace=yes
ac_cv_func_clock_gettime=yes
ac_cv_func_dl_iterate_phdr=yes
ac_cv_func_fcntl=yes
ac_cv_func_getexecname=no
ac_cv_func_lstat=yes
ac_cv_func_mmap=yes
ac_cv_func_readlink=yes
ac_cv_have_decl_getpagesize=yes
ac_cv_have_decl_strnlen=yes
ac_cv_header_dlfcn_h=yes
ac_cv_header_inttypes_h=yes
ac_cv_header_link_h=yes
ac_cv_header_mach_o_dyld_h=no
ac_cv_header_memory_h=yes
ac_cv_header_minix_config_h=no
ac_cv_header_stdc=yes
ac_cv_header_stdint_h=yes
ac_cv_header_stdlib_h=yes
ac_cv_header_string_h=yes
ac_cv_header_strings_h=yes
ac_cv_header_sys_ldr_h=no
ac_cv_header_sys_mman_h=yes
ac_cv_header_sys_stat_h=yes
ac_cv_header_sys_types_h=yes
ac_cv_header_unistd_h=yes
ac_cv_header_unwind_h=yes
ac_cv_host=x86_64-pc-linux-gnu
ac_cv_lib_lzma_lzma_auto_decoder=no
ac_cv_lib_z_compress=yes
ac_cv_objext=o
ac_cv_path_EGREP='/usr/bin/grep -E'
ac_cv_path_FGREP='/usr/bin/grep -F'
ac_cv_path_GREP=/usr/bin/grep
ac_cv_path_SED=/usr/bin/sed
ac_cv_path_install='/usr/bin/install -c'
ac_cv_path_mkdir=/usr/bin/mkdir
ac_cv_prog_AWK=mawk
ac_cv_prog_COMM=comm
ac_cv_prog_CPP='cc -E'
ac_cv_prog_DSYMUTIL=dsymutil
ac_cv_prog_NM='/usr/bin/nm -B'
ac_cv_prog_OBJCOPY=objcopy
ac_cv_prog_READELF=readelf
ac_cv_prog_XZ=xz
ac_cv_prog_ac_ct_AR=ar
ac_cv_prog_ac_ct_CC=cc
ac_cv_prog_ac_ct_OBJDUMP=objdump
ac_cv_prog_ac_ct_RANLIB=ranlib
ac_cv_prog_ac_ct_STRIP=strip
ac_cv_prog_cc_c89=
ac_cv_prog_cc_g=yes
ac_cv_prog_make_make_set=yes
ac_cv_safe_to_define___extensions__=yes
ac_cv_sys_file_offset_bits=no
ac_cv_sys_largefile_CC=no
ac_cv_target=x86_64-pc-linux-gnu
acx_cv_prog_cc_warning__W=yes
acx_cv_prog_cc_warning__Wall=yes
acx_cv_prog_cc_warning__Wcast_qual=yes
acx_cv_prog_cc_warning__Wmissing_format_attribute=yes
acx_cv_prog_cc_warning__Wmissing_prototypes=yes
acx_cv_prog_cc_warning__Wold_style_definition=yes
acx_cv_prog_cc_warning__Wstrict_prototypes=yes
acx_cv_prog_cc_warning__Wwrite_strings=yes
am_cv_make_support_nested_variables=yes
am_cv_prog_cc_c_o=yes
libbacktrace_cv_c_random_seed_string=yes
libbacktrace_cv_c_unwind_tables=yes
libbacktrace_cv_lib_dwarf5=yes
libbacktrace_cv_objcopy_debuglink=yes
libbacktrace_cv_proc=no
libbacktrace_cv_procargs=no
libbacktrace_cv_sys_atomic=yes
libbacktrace_cv_sys_filetype=elf64
libbacktrace_cv_sys_native=yes
libbacktrace_cv_sys_sync=yes
libgo_cv_ld_compress=yes
libgo_cv_lib_pthread=yes
lt_cv_deplibs_check_method=pass_all
lt_cv_file_magic_cmd='$MAGIC_CMD'
lt_cv_file_magic_test_file=
lt_cv_ld_reload_flag=-r
lt_cv_nm_interface='BSD nm'
lt_cv_objdir=.libs
lt_cv_path_LD=/usr/bin/ld
lt_cv_path_NM='/usr/bin/nm -B'
lt_cv_prog_compiler_c_o=yes
lt_cv_prog_compiler_pic_works=yes
lt_cv_prog_compiler_rtti_exceptions=no
lt_cv_prog_compiler_static_works=yes
lt_cv_prog_gnu_ld=yes
lt_cv_shlibpath_overrides_runpath=yes
lt_cv_sys_global_symbol_pipe='sed -n -e '\''s/^.*[	 ]\([ABCDGIRSTW][ABCDGIRSTW]*\)[	 ][	 ]*\([_A-Za-z][_A-Za-z0-9]*\)$/\1 \2 \2/p'\'''
lt_cv_sys_global_symbol_to_c_name_address='sed -n -e '\''s/^: \([^ ]*\) $/  {\"\1\", (void *) 0},/p'\'' -e '\''s/^[ABCDGIRSTW]* \([^ ]*\) \([^ ]*\)$/  {"\2", (void *) \&\2},/p'\'''
lt_cv_sys_global_symbol_to_c_name_address_lib_prefix='sed -n -e '\''s/^: \([^ ]*\) $/  {\"\1\", (void *) 0},/p'\'' -e '\''s/^[ABCDGIRSTW]* \([^ ]*\) \(lib[^ ]*\)$/  {"\2", (void *) \&\2},/p'\'' -e '\''s/^[ABCDGIRSTW]* \([^ ]*\) \([^ ]*\)$/  {"lib\2", (void *) \&\2},/p'\'''
lt_cv_sys_global_symbol_to_cdecl='sed -n -e '\''s/^T .* \(.*\)$/extern int \1();/p'\'' -e '\''s/^[ABCDGIRSTW]* .* \(.*\)$/extern char \1;/p'\'''
lt_cv_sys_max_cmd_len=1572864

## ----------------- ##
## Output variables. ##
## ----------------- ##

ACLOCAL='${SHELL} /home/greg/bitcoin-dev/cleanroom/claudelnsym/cln-lnsymmetry/external/libbacktrace/missing aclocal-1.15'
ALLOC_FILE='mmap.lo'
AMTAR='$${TAR-tar}'
AM_BACKSLASH='\'
AM_DEFAULT_V='$(AM_DEFAULT_VERBOSITY)'
AM_DEFAULT_VERBOSITY='1'
AM_V='$(V)'
AR='ar'
AUTOCONF='${SHELL} /home/greg/bitcoin-dev/cleanroom/claudelnsym/cln-lnsymmetry/external/libbacktrace/missing autoconf'
AUTOHEADER='${SHELL} /home/greg/bitcoin-dev/cleanroom/claudelnsym/cln-lnsymmetry/external/libbacktrace/missing autoheader'
AUTOMAKE='${SHELL} /home/greg/bitcoin-dev/cleanroom/claudelnsym/cln-lnsymmetry/external/libbacktrace/missing automake-1.15'
AWK='mawk'
BACKTRACE_FILE='backtrace.lo simple.lo'
BACKTRACE_SUPPORTED='1'
BACKTRACE_SUPPORTS_DATA='1'
BACKTRACE_SUPPORTS_THREADS='1'
BACKTRACE_USES_MALLOC='0'
CC='cc'
CFLAGS='-g -O2'
CLOCK_GETTIME_LINK=''
COMM='comm'
CPP='cc -E'
CPPFLAGS=''
CYGPATH_W='echo'
DEFS='-DHAVE_CONFIG_H'
DSYMUTIL='dsymutil'
DUMPBIN=''
DWZ=''
ECHO_C=''
ECHO_N='-n'
ECHO_T=''
EGREP='/usr/bin/grep -E'
EXEEXT=''
EXTRA_FLAGS='-funwind-tables -frandom-seed=$@'
FGREP='/usr/bin/grep -F'
FORMAT_FILE='elf.lo'
GREP='/usr/bin/grep'
HAVE_COMM_FALSE='#'
HAVE_COMM_TRUE=''
HAVE_COMPRESSED_DEBUG_FALSE='#'
HAVE_COMPRESSED_DEBUG_TRUE=''
HAVE_DWARF5_FALSE='#'
HAVE_DWARF5_TRUE=''
HAVE_DWZ_FALSE=''
HAVE_DWZ_TRUE='#'
HAVE_ELF_FALSE='#'
HAVE_ELF_TRUE=''
HAVE_LIBLZMA_FALSE=''
HAVE_LIBLZMA_TRUE='#'
HAVE_MINIDEBUG_FALSE='#'
HAVE_MINIDEBUG_TRUE=''
HAVE_OBJCOPY_DEBUGLINK_FALSE='#'
HAVE_OBJCOPY_DEBUGLINK_TRUE=''
HAVE_PTHREAD_FALSE='#'
HAVE_PTHREAD_TRUE=''
HAVE_XZ_FALSE='#'
HAVE_XZ_TRUE=''
HAVE_ZLIB_FALSE='#'
HAVE_ZLIB_TRUE=''
INSTALL_DATA='${INSTALL} -m 644'
INSTALL_PROGRAM='${INSTALL}'
INSTALL_SCRIPT='${INSTALL}'
INSTALL_STRIP_PROGRAM='$(install_sh) -c -s'
LD='/usr/bin/ld -m elf_x86_64'
LDFLAGS=''
LIBOBJS=''
LIBS=''
LIBTOOL='$(SHELL) $(top_builddir)/libtool'
LIPO=''
LN_S='ln -s'
LTLIBOBJS=''
MAINT='#'
MAINTAINER_MODE_FALSE=''
MAINTAINER_MODE_TRUE='#'
MAKEINFO='${SHELL} /home/greg/bitcoin-dev/cleanroom/claudelnsym/cln-lnsymmetry/external/libbacktrace/missing makeinfo'
MKDIR_P='/usr/bin/mkdir -p'
NATIVE_FALSE='#'
NATIVE_TRUE=''
NM='/usr/bin/nm -B'
NMEDIT=''
OBJCOPY='objcopy'
OBJDUMP='objdump'
OBJEXT='o'
OTOOL64=''
OTOOL=''
PACKAGE='libbacktrace'
PACKAGE_BUGREPORT=''
PACKAGE_NAME='package-unused'
PACKAGE_STRING='package-unused version-unused'
PACKAGE_TARNAME='libbacktrace'
PACKAGE_URL=''
PACKAGE_VERSION='version-unused'
PATH_SEPARATOR=':'
PIC_FLAG=''
PTHREAD_CFLAGS='-pthread'
RANLIB='ranlib'
READELF='readelf'
SED='/usr/bin/sed'
SET_MAKE=''
SHELL='/bin/bash'
STRIP='strip'
USE_DSYMUTIL_FALSE=''
USE_DSYMUTIL_TRUE='#'
VERSION='version-unused'
VIEW_FILE='mmapio.lo'
WARN_FLAGS='-W -Wall -Wwrite-strings -Wstrict-prototypes -Wmissing-prototypes -Wold-style-definition -Wmissing-format-attribute -Wcast-qual'
XZ='xz'
ac_ct_CC='cc'
ac_ct_DUMPBIN=''
am__EXEEXT_FALSE=''
am__EXEEXT_TRUE='#'
am__isrc=' -I$(srcdir)'
am__leading_dot='.'
am__tar='$${TAR-tar} chof - "$$tardir"'
am__untar='$${TAR-tar} xf -'
bindir='${exec_prefix}/bin'
build='x86_64-pc-linux-gnu'
build_alias=''
build_cpu='x86_64'
build_os='linux-gnu'
build_vendor='pc'
datadir='${datarootdir}'
datarootdir='${prefix}/share'
docdir='${datarootdir}/doc/${PACKAGE_TARNAME}'
dvidir='${docdir}'
exec_prefix='${prefix}'
host='x86_64-pc-linux-gnu'
host_alias=''
host_cpu='x86_64'
host_os='linux-gnu'
host_vendor='pc'
htmldir='${docdir}'
includedir='${prefix}/include'
infodir='${datarootdir}/info'
install_sh='${SHELL} /home/greg/bitcoin-dev/cleanroom/claudelnsym/cln-lnsymmetry/external/libbacktrace/install-sh'
libdir='/'
libexecdir='${exec_prefix}/libexec'
libtool_VERSION='1:0:0'
localedir='${datarootdir}/locale'
localstatedir='${prefix}/var'
mandir='${datarootdir}/man'
mkdir_p='$(MKDIR_P)'
multi_basedir=''
oldincludedir='/usr/include'
pdfdir='${docdir}'
prefix='/'
program_transform_name='s,x,x,'
psdir='${docdir}'
sbindir='${exec_prefix}/sbin'
sharedstatedir='${prefix}/com'
sysconfdir='${prefix}/etc'
target='x86_64-pc-linux-gnu'
target_alias=''
target_cpu='x86_64'
target_os='linux-gnu'
target_vendor='pc'

## ----------- ##
## confdefs.h. ##
## ----------- ##

/* confdefs.h */
#define PACKAGE_NAME "package-unused"
#define PACKAGE_TARNAME "libbacktrace"
#define PACKAGE_VERSION "version-unused"
#define PACKAGE_STRING "package-unused version-unused"
#define PACKAGE_BUGREPORT ""
#define PACKAGE_URL ""
#define STDC_HEADERS 1
#define HAVE_SYS_TYPES_H 1
#define HAVE_SYS_STAT_H 1
#define HAVE_STDLIB_H 1
#define HAVE_STRING_H 1
#define HAVE_MEMORY_H 1
#define HAVE_STRINGS_H 1
#define HAVE_INTTYPES_H 1
#define HAVE_STDINT_H 1
#define HAVE_UNISTD_H 1
#define __EXTENSIONS__ 1
#define _ALL_SOURCE 1
#define _GNU_SOURCE 1
#define _POSIX_PTHREAD_SEMANTICS 1
#define _TANDEM_SOURCE 1
#define HAVE_DLFCN_H 1
#define LT_OBJDIR ".libs/"
#define HAVE_GETIPINFO 1
#define HAVE_SYNC_FUNCTIONS 1
#define HAVE_ATOMIC_FUNCTIONS 1
#define BACKTRACE_ELF_SIZE 64
#define BACKTRACE_XCOFF_SIZE unused
#define HAVE_SYS_MMAN_H 1
#define HAVE_LINK_H 1
#define HAVE_DL_ITERATE_PHDR 1
#define HAVE_FCNTL 1
#define HAVE_DECL_STRNLEN 1
#define HAVE_DECL_GETPAGESIZE 1
#define HAVE_LSTAT 1
#define HAVE_READLINK 1
#define HAVE_CLOCK_GETTIME 1
#define HAVE_ZLIB 1

configure: exit 0
