This file contains any messages produced by compilers while
running configure, to aid debugging if configure makes a mistake.

It was created by libwallycore configure 0.8.5, which was
generated by GNU Autoconf 2.71.  Invocation command line was

  $ ../../libwally-core/configure CC=cc --enable-static=yes --enable-module-recovery --enable-module-extrakeys --enable-module-schnorrsig --enable-module-musig --enable-elements --enable-shared=no --prefix=/ --libdir=/ --enable-debug

## --------- ##
## Platform. ##
## --------- ##

hostname = greg-Laptop
uname -m = x86_64
uname -r = 6.8.0-90-generic
uname -s = Linux
uname -v = #91-Ubuntu SMP PREEMPT_DYNAMIC Tue Nov 18 14:14:30 UTC 2025

/usr/bin/uname -p = x86_64
/bin/uname -X     = unknown

/bin/arch              = x86_64
/usr/bin/arch -k       = unknown
/usr/convex/getsysinfo = unknown
/usr/bin/hostinfo      = unknown
/bin/machine           = unknown
/usr/bin/oslevel       = unknown
/bin/universe          = unknown

PATH: /home/greg/go/bin/
PATH: /usr/lib/ccache/
PATH: /home/greg/.local/bin/
PATH: /home/greg/.cargo/bin/
PATH: /home/greg/.local/bin/
PATH: /home/greg/.config/guix/current/bin/
PATH: /usr/local/sbin/
PATH: /usr/local/bin/
PATH: /usr/sbin/
PATH: /usr/bin/
PATH: /sbin/
PATH: /bin/
PATH: /usr/games/
PATH: /usr/local/games/
PATH: /snap/bin/
PATH: /snap/bin/


## ----------- ##
## Core tests. ##
## ----------- ##

configure:2667: looking for aux files: ltmain.sh ar-lib compile missing install-sh config.guess config.sub
configure:2680:  trying ../../libwally-core/tools/build-aux/
configure:2709:   ../../libwally-core/tools/build-aux/ltmain.sh found
configure:2709:   ../../libwally-core/tools/build-aux/ar-lib found
configure:2709:   ../../libwally-core/tools/build-aux/compile found
configure:2709:   ../../libwally-core/tools/build-aux/missing found
configure:2691:   ../../libwally-core/tools/build-aux/install-sh found
configure:2709:   ../../libwally-core/tools/build-aux/config.guess found
configure:2709:   ../../libwally-core/tools/build-aux/config.sub found
configure:2832: checking build system type
configure:2847: result: x86_64-pc-linux-gnu
configure:2867: checking host system type
configure:2881: result: x86_64-pc-linux-gnu
configure:2953: checking for a BSD-compatible install
configure:3026: result: /usr/bin/install -c
configure:3037: checking whether build environment is sane
configure:3092: result: yes
configure:3251: checking for a race-free mkdir -p
configure:3295: result: /usr/bin/mkdir -p
configure:3302: checking for gawk
configure:3337: result: no
configure:3302: checking for mawk
configure:3323: found /usr/bin/mawk
configure:3334: result: mawk
configure:3345: checking whether make sets $(MAKE)
configure:3368: result: yes
configure:3398: checking whether make supports nested variables
configure:3416: result: yes
configure:3565: checking whether make supports nested variables
configure:3583: result: yes
configure:3657: checking for gcc
configure:3689: result: cc
configure:4042: checking for C compiler version
configure:4051: cc --version >&5
cc (Ubuntu 13.3.0-6ubuntu2~24.04) 13.3.0
Copyright (C) 2023 Free Software Foundation, Inc.
This is free software; see the source for copying conditions.  There is NO
warranty; not even for MERCHANTABILITY or FITNESS FOR A PARTICULAR PURPOSE.

configure:4062: $? = 0
configure:4051: cc -v >&5
Using built-in specs.
COLLECT_GCC=/usr/bin/cc
COLLECT_LTO_WRAPPER=/usr/libexec/gcc/x86_64-linux-gnu/13/lto-wrapper
OFFLOAD_TARGET_NAMES=nvptx-none:amdgcn-amdhsa
OFFLOAD_TARGET_DEFAULT=1
Target: x86_64-linux-gnu
Configured with: ../src/configure -v --with-pkgversion='Ubuntu 13.3.0-6ubuntu2~24.04' --with-bugurl=file:///usr/share/doc/gcc-13/README.Bugs --enable-languages=c,ada,c++,go,d,fortran,objc,obj-c++,m2 --prefix=/usr --with-gcc-major-version-only --program-suffix=-13 --program-prefix=x86_64-linux-gnu- --enable-shared --enable-linker-build-id --libexecdir=/usr/libexec --without-included-gettext --enable-threads=posix --libdir=/usr/lib --enable-nls --enable-bootstrap --enable-clocale=gnu --enable-libstdcxx-debug --enable-libstdcxx-time=yes --with-default-libstdcxx-abi=new --enable-libstdcxx-backtrace --enable-gnu-unique-object --disable-vtable-verify --enable-plugin --enable-default-pie --with-system-zlib --enable-libphobos-checking=release --with-target-system-zlib=auto --enable-objc-gc=auto --enable-multiarch --disable-werror --enable-cet --with-arch-32=i686 --with-abi=m64 --with-multilib-list=m32,m64,mx32 --enable-multilib --with-tune=generic --enable-offload-targets=nvptx-none=/build/gcc-13-fG75Ri/gcc-13-13.3.0/debian/tmp-nvptx/usr,amdgcn-amdhsa=/build/gcc-13-fG75Ri/gcc-13-13.3.0/debian/tmp-gcn/usr --enable-offload-defaulted --without-cuda-driver --enable-checking=release --build=x86_64-linux-gnu --host=x86_64-linux-gnu --target=x86_64-linux-gnu --with-build-config=bootstrap-lto-lean --enable-link-serialization=2
Thread model: posix
Supported LTO compression algorithms: zlib zstd
gcc version 13.3.0 (Ubuntu 13.3.0-6ubuntu2~24.04) 
... rest of stderr output deleted ...
configure:4062: $? = 0
configure:4051: cc -V >&5
cc: error: unrecognized command-line option '-V'
cc: fatal error: no input files
compilation terminated.
configure:4062: $? = 1
configure:4051: cc -qversion >&5
cc: error: unrecognized command-line option '-qversion'; did you mean '--version'?
cc: fatal error: no input files
compilation terminated.
configure:4062: $? = 1
configure:4051: cc -version >&5
cc: error: unrecognized command-line option '-version'
cc: fatal error: no input files
compilation terminated.
configure:4062: $? = 1
configure:4082: checking whether the C compiler works
configure:4104: cc -std=c99   conftest.c  >&5
configure:4108: $? = 0
configure:4158: result: yes
configure:4161: checking for C compiler default output file name
configure:4163: result: a.out
configure:4169: checking for suffix of executables
configure:4176: cc -o conftest -std=c99   conftest.c  >&5
configure:4180: $? = 0
configure:4203: result: 
configure:4225: checking whether we are cross compiling
configure:4233: cc -o conftest -std=c99   conftest.c  >&5
configure:4237: $? = 0
configure:4244: ./conftest
configure:4248: $? = 0
configure:4263: result: no
configure:4268: checking for suffix of object files
configure:4291: cc -c -std=c99  conftest.c >&5
configure:4295: $? = 0
configure:4317: result: o
configure:4321: checking whether the compiler supports GNU C
configure:4341: cc -c -std=c99  conftest.c >&5
configure:4341: $? = 0
configure:4351: result: yes
configure:4362: checking whether cc accepts -g
configure:4383: cc -c -g  conftest.c >&5
configure:4383: $? = 0
configure:4427: result: yes
configure:4447: checking for cc option to enable C11 features
configure:4462: cc  -c -std=c99  conftest.c >&5
conftest.c:167:3: error: #error "Compiler does not advertise C11 conformance"
  167 | # error "Compiler does not advertise C11 conformance"
      |   ^~~~~
conftest.c:198:12: error: 'syntax' undeclared here (not in a function)
  198 | #define u8 syntax error!
      |            ^~~~~~
conftest.c:199:29: note: in expansion of macro 'u8'
  199 | char const utf8_literal[] = u8"happens to be ASCII" "another string";
      |                             ^~
conftest.c:198:19: error: expected ',' or ';' before 'error'
  198 | #define u8 syntax error!
      |                   ^~~~~
conftest.c:199:29: note: in expansion of macro 'u8'
  199 | char const utf8_literal[] = u8"happens to be ASCII" "another string";
      |                             ^~
configure:4462: $? = 1
configure: failed program was:
| /* confdefs.h */
| #define PACKAGE_NAME "libwallycore"
| #define PACKAGE_TARNAME "libwallycore"
| #define PACKAGE_VERSION "0.8.5"
| #define PACKAGE_STRING "libwallycore 0.8.5"
| #define PACKAGE_BUGREPORT ""
| #define PACKAGE_URL ""
| #define PACKAGE "libwallycore"
| #define VERSION "0.8.5"
| /* end confdefs.h.  */
| 
| /* Does the compiler advertise C89 conformance?
|    Do not test the value of __STDC__, because some compilers set it to 0
|    while being otherwise adequately conformant. */
| #if !defined __STDC__
| # error "Compiler does not advertise C89 conformance"
| #endif
| 
| #include <stddef.h>
| #include <stdarg.h>
| struct stat;
| /* Most of the following tests are stolen from RCS 5.7 src/conf.sh.  */
| struct buf { int x; };
| struct buf * (*rcsopen) (struct buf *, struct stat *, int);
| static char *e (p, i)
|      char **p;
|      int i;
| {
|   return p[i];
| }
| static char *f (char * (*g) (char **, int), char **p, ...)
| {
|   char *s;
|   va_list v;
|   va_start (v,p);
|   s = g (p, va_arg (v,int));
|   va_end (v);
|   return s;
| }
| 
| /* OSF 4.0 Compaq cc is some sort of almost-ANSI by default.  It has
|    function prototypes and stuff, but not \xHH hex character constants.
|    These do not provoke an error unfortunately, instead are silently treated
|    as an "x".  The following induces an error, until -std is added to get
|    proper ANSI mode.  Curiously \x00 != x always comes out true, for an
|    array size at least.  It is necessary to write \x00 == 0 to get something
|    that is true only with -std.  */
| int osf4_cc_array ['\x00' == 0 ? 1 : -1];
| 
| /* IBM C 6 for AIX is almost-ANSI by default, but it replaces macro parameters
|    inside strings and character constants.  */
| #define FOO(x) 'x'
| int xlc6_cc_array[FOO(a) == 'x' ? 1 : -1];
| 
| int test (int i, double x);
| struct s1 {int (*f) (int a);};
| struct s2 {int (*f) (double a);};
| int pairnames (int, char **, int *(*)(struct buf *, struct stat *, int),
|                int, int);
| 
| // Does the compiler advertise C99 conformance?
| #if !defined __STDC_VERSION__ || __STDC_VERSION__ < 199901L
| # error "Compiler does not advertise C99 conformance"
| #endif
| 
| #include <stdbool.h>
| extern int puts (const char *);
| extern int printf (const char *, ...);
| extern int dprintf (int, const char *, ...);
| extern void *malloc (size_t);
| 
| // Check varargs macros.  These examples are taken from C99 6.10.3.5.
| // dprintf is used instead of fprintf to avoid needing to declare
| // FILE and stderr.
| #define debug(...) dprintf (2, __VA_ARGS__)
| #define showlist(...) puts (#__VA_ARGS__)
| #define report(test,...) ((test) ? puts (#test) : printf (__VA_ARGS__))
| static void
| test_varargs_macros (void)
| {
|   int x = 1234;
|   int y = 5678;
|   debug ("Flag");
|   debug ("X = %d\n", x);
|   showlist (The first, second, and third items.);
|   report (x>y, "x is %d but y is %d", x, y);
| }
| 
| // Check long long types.
| #define BIG64 18446744073709551615ull
| #define BIG32 4294967295ul
| #define BIG_OK (BIG64 / BIG32 == 4294967297ull && BIG64 % BIG32 == 0)
| #if !BIG_OK
|   #error "your preprocessor is broken"
| #endif
| #if BIG_OK
| #else
|   #error "your preprocessor is broken"
| #endif
| static long long int bignum = -9223372036854775807LL;
| static unsigned long long int ubignum = BIG64;
| 
| struct incomplete_array
| {
|   int datasize;
|   double data[];
| };
| 
| struct named_init {
|   int number;
|   const wchar_t *name;
|   double average;
| };
| 
| typedef const char *ccp;
| 
| static inline int
| test_restrict (ccp restrict text)
| {
|   // See if C++-style comments work.
|   // Iterate through items via the restricted pointer.
|   // Also check for declarations in for loops.
|   for (unsigned int i = 0; *(text+i) != '\0'; ++i)
|     continue;
|   return 0;
| }
| 
| // Check varargs and va_copy.
| static bool
| test_varargs (const char *format, ...)
| {
|   va_list args;
|   va_start (args, format);
|   va_list args_copy;
|   va_copy (args_copy, args);
| 
|   const char *str = "";
|   int number = 0;
|   float fnumber = 0;
| 
|   while (*format)
|     {
|       switch (*format++)
| 	{
| 	case 's': // string
| 	  str = va_arg (args_copy, const char *);
| 	  break;
| 	case 'd': // int
| 	  number = va_arg (args_copy, int);
| 	  break;
| 	case 'f': // float
| 	  fnumber = va_arg (args_copy, double);
| 	  break;
| 	default:
| 	  break;
| 	}
|     }
|   va_end (args_copy);
|   va_end (args);
| 
|   return *str && number && fnumber;
| }
| 
| 
| // Does the compiler advertise C11 conformance?
| #if !defined __STDC_VERSION__ || __STDC_VERSION__ < 201112L
| # error "Compiler does not advertise C11 conformance"
| #endif
| 
| // Check _Alignas.
| char _Alignas (double) aligned_as_double;
| char _Alignas (0) no_special_alignment;
| extern char aligned_as_int;
| char _Alignas (0) _Alignas (int) aligned_as_int;
| 
| // Check _Alignof.
| enum
| {
|   int_alignment = _Alignof (int),
|   int_array_alignment = _Alignof (int[100]),
|   char_alignment = _Alignof (char)
| };
| _Static_assert (0 < -_Alignof (int), "_Alignof is signed");
| 
| // Check _Noreturn.
| int _Noreturn does_not_return (void) { for (;;) continue; }
| 
| // Check _Static_assert.
| struct test_static_assert
| {
|   int x;
|   _Static_assert (sizeof (int) <= sizeof (long int),
|                   "_Static_assert does not work in struct");
|   long int y;
| };
| 
| // Check UTF-8 literals.
| #define u8 syntax error!
| char const utf8_literal[] = u8"happens to be ASCII" "another string";
| 
| // Check duplicate typedefs.
| typedef long *long_ptr;
| typedef long int *long_ptr;
| typedef long_ptr long_ptr;
| 
| // Anonymous structures and unions -- taken from C11 6.7.2.1 Example 1.
| struct anonymous
| {
|   union {
|     struct { int i; int j; };
|     struct { int k; long int l; } w;
|   };
|   int m;
| } v1;
| 
| 
| int
| main (int argc, char **argv)
| {
|   int ok = 0;
|   
| ok |= (argc == 0 || f (e, argv, 0) != argv[0] || f (e, argv, 1) != argv[1]);
| 
|   
|   // Check bool.
|   _Bool success = false;
|   success |= (argc != 0);
| 
|   // Check restrict.
|   if (test_restrict ("String literal") == 0)
|     success = true;
|   char *restrict newvar = "Another string";
| 
|   // Check varargs.
|   success &= test_varargs ("s, d' f .", "string", 65, 34.234);
|   test_varargs_macros ();
| 
|   // Check flexible array members.
|   struct incomplete_array *ia =
|     malloc (sizeof (struct incomplete_array) + (sizeof (double) * 10));
|   ia->datasize = 10;
|   for (int i = 0; i < ia->datasize; ++i)
|     ia->data[i] = i * 1.234;
| 
|   // Check named initializers.
|   struct named_init ni = {
|     .number = 34,
|     .name = L"Test wide string",
|     .average = 543.34343,
|   };
| 
|   ni.number = 58;
| 
|   int dynamic_array[ni.number];
|   dynamic_array[0] = argv[0][0];
|   dynamic_array[ni.number - 1] = 543;
| 
|   // work around unused variable warnings
|   ok |= (!success || bignum == 0LL || ubignum == 0uLL || newvar[0] == 'x'
| 	 || dynamic_array[ni.number - 1] != 543);
| 
|   
|   _Static_assert ((offsetof (struct anonymous, i)
| 		   == offsetof (struct anonymous, w.k)),
| 		  "Anonymous union alignment botch");
|   v1.i = 2;
|   v1.w.k = 5;
|   ok |= v1.i != 5;
| 
|   return ok;
| }
| 
configure:4462: cc -std=gnu11 -c -std=c99  conftest.c >&5
conftest.c:167:3: error: #error "Compiler does not advertise C11 conformance"
  167 | # error "Compiler does not advertise C11 conformance"
      |   ^~~~~
conftest.c:198:12: error: 'syntax' undeclared here (not in a function)
  198 | #define u8 syntax error!
      |            ^~~~~~
conftest.c:199:29: note: in expansion of macro 'u8'
  199 | char const utf8_literal[] = u8"happens to be ASCII" "another string";
      |                             ^~
conftest.c:198:19: error: expected ',' or ';' before 'error'
  198 | #define u8 syntax error!
      |                   ^~~~~
conftest.c:199:29: note: in expansion of macro 'u8'
  199 | char const utf8_literal[] = u8"happens to be ASCII" "another string";
      |                             ^~
configure:4462: $? = 1
configure: failed program was:
| /* confdefs.h */
| #define PACKAGE_NAME "libwallycore"
| #define PACKAGE_TARNAME "libwallycore"
| #define PACKAGE_VERSION "0.8.5"
| #define PACKAGE_STRING "libwallycore 0.8.5"
| #define PACKAGE_BUGREPORT ""
| #define PACKAGE_URL ""
| #define PACKAGE "libwallycore"
| #define VERSION "0.8.5"
| /* end confdefs.h.  */
| 
| /* Does the compiler advertise C89 conformance?
|    Do not test the value of __STDC__, because some compilers set it to 0
|    while being otherwise adequately conformant. */
| #if !defined __STDC__
| # error "Compiler does not advertise C89 conformance"
| #endif
| 
| #include <stddef.h>
| #include <stdarg.h>
| struct stat;
| /* Most of the following tests are stolen from RCS 5.7 src/conf.sh.  */
| struct buf { int x; };
| struct buf * (*rcsopen) (struct buf *, struct stat *, int);
| static char *e (p, i)
|      char **p;
|      int i;
| {
|   return p[i];
| }
| static char *f (char * (*g) (char **, int), char **p, ...)
| {
|   char *s;
|   va_list v;
|   va_start (v,p);
|   s = g (p, va_arg (v,int));
|   va_end (v);
|   return s;
| }
| 
| /* OSF 4.0 Compaq cc is some sort of almost-ANSI by default.  It has
|    function prototypes and stuff, but not \xHH hex character constants.
|    These do not provoke an error unfortunately, instead are silently treated
|    as an "x".  The following induces an error, until -std is added to get
|    proper ANSI mode.  Curiously \x00 != x always comes out true, for an
|    array size at least.  It is necessary to write \x00 == 0 to get something
|    that is true only with -std.  */
| int osf4_cc_array ['\x00' == 0 ? 1 : -1];
| 
| /* IBM C 6 for AIX is almost-ANSI by default, but it replaces macro parameters
|    inside strings and character constants.  */
| #define FOO(x) 'x'
| int xlc6_cc_array[FOO(a) == 'x' ? 1 : -1];
| 
| int test (int i, double x);
| struct s1 {int (*f) (int a);};
| struct s2 {int (*f) (double a);};
| int pairnames (int, char **, int *(*)(struct buf *, struct stat *, int),
|                int, int);
| 
| // Does the compiler advertise C99 conformance?
| #if !defined __STDC_VERSION__ || __STDC_VERSION__ < 199901L
| # error "Compiler does not advertise C99 conformance"
| #endif
| 
| #include <stdbool.h>
| extern int puts (const char *);
| extern int printf (const char *, ...);
| extern int dprintf (int, const char *, ...);
| extern void *malloc (size_t);
| 
| // Check varargs macros.  These examples are taken from C99 6.10.3.5.
| // dprintf is used instead of fprintf to avoid needing to declare
| // FILE and stderr.
| #define debug(...) dprintf (2, __VA_ARGS__)
| #define showlist(...) puts (#__VA_ARGS__)
| #define report(test,...) ((test) ? puts (#test) : printf (__VA_ARGS__))
| static void
| test_varargs_macros (void)
| {
|   int x = 1234;
|   int y = 5678;
|   debug ("Flag");
|   debug ("X = %d\n", x);
|   showlist (The first, second, and third items.);
|   report (x>y, "x is %d but y is %d", x, y);
| }
| 
| // Check long long types.
| #define BIG64 18446744073709551615ull
| #define BIG32 4294967295ul
| #define BIG_OK (BIG64 / BIG32 == 4294967297ull && BIG64 % BIG32 == 0)
| #if !BIG_OK
|   #error "your preprocessor is broken"
| #endif
| #if BIG_OK
| #else
|   #error "your preprocessor is broken"
| #endif
| static long long int bignum = -9223372036854775807LL;
| static unsigned long long int ubignum = BIG64;
| 
| struct incomplete_array
| {
|   int datasize;
|   double data[];
| };
| 
| struct named_init {
|   int number;
|   const wchar_t *name;
|   double average;
| };
| 
| typedef const char *ccp;
| 
| static inline int
| test_restrict (ccp restrict text)
| {
|   // See if C++-style comments work.
|   // Iterate through items via the restricted pointer.
|   // Also check for declarations in for loops.
|   for (unsigned int i = 0; *(text+i) != '\0'; ++i)
|     continue;
|   return 0;
| }
| 
| // Check varargs and va_copy.
| static bool
| test_varargs (const char *format, ...)
| {
|   va_list args;
|   va_start (args, format);
|   va_list args_copy;
|   va_copy (args_copy, args);
| 
|   const char *str = "";
|   int number = 0;
|   float fnumber = 0;
| 
|   while (*format)
|     {
|       switch (*format++)
| 	{
| 	case 's': // string
| 	  str = va_arg (args_copy, const char *);
| 	  break;
| 	case 'd': // int
| 	  number = va_arg (args_copy, int);
| 	  break;
| 	case 'f': // float
| 	  fnumber = va_arg (args_copy, double);
| 	  break;
| 	default:
| 	  break;
| 	}
|     }
|   va_end (args_copy);
|   va_end (args);
| 
|   return *str && number && fnumber;
| }
| 
| 
| // Does the compiler advertise C11 conformance?
| #if !defined __STDC_VERSION__ || __STDC_VERSION__ < 201112L
| # error "Compiler does not advertise C11 conformance"
| #endif
| 
| // Check _Alignas.
| char _Alignas (double) aligned_as_double;
| char _Alignas (0) no_special_alignment;
| extern char aligned_as_int;
| char _Alignas (0) _Alignas (int) aligned_as_int;
| 
| // Check _Alignof.
| enum
| {
|   int_alignment = _Alignof (int),
|   int_array_alignment = _Alignof (int[100]),
|   char_alignment = _Alignof (char)
| };
| _Static_assert (0 < -_Alignof (int), "_Alignof is signed");
| 
| // Check _Noreturn.
| int _Noreturn does_not_return (void) { for (;;) continue; }
| 
| // Check _Static_assert.
| struct test_static_assert
| {
|   int x;
|   _Static_assert (sizeof (int) <= sizeof (long int),
|                   "_Static_assert does not work in struct");
|   long int y;
| };
| 
| // Check UTF-8 literals.
| #define u8 syntax error!
| char const utf8_literal[] = u8"happens to be ASCII" "another string";
| 
| // Check duplicate typedefs.
| typedef long *long_ptr;
| typedef long int *long_ptr;
| typedef long_ptr long_ptr;
| 
| // Anonymous structures and unions -- taken from C11 6.7.2.1 Example 1.
| struct anonymous
| {
|   union {
|     struct { int i; int j; };
|     struct { int k; long int l; } w;
|   };
|   int m;
| } v1;
| 
| 
| int
| main (int argc, char **argv)
| {
|   int ok = 0;
|   
| ok |= (argc == 0 || f (e, argv, 0) != argv[0] || f (e, argv, 1) != argv[1]);
| 
|   
|   // Check bool.
|   _Bool success = false;
|   success |= (argc != 0);
| 
|   // Check restrict.
|   if (test_restrict ("String literal") == 0)
|     success = true;
|   char *restrict newvar = "Another string";
| 
|   // Check varargs.
|   success &= test_varargs ("s, d' f .", "string", 65, 34.234);
|   test_varargs_macros ();
| 
|   // Check flexible array members.
|   struct incomplete_array *ia =
|     malloc (sizeof (struct incomplete_array) + (sizeof (double) * 10));
|   ia->datasize = 10;
|   for (int i = 0; i < ia->datasize; ++i)
|     ia->data[i] = i * 1.234;
| 
|   // Check named initializers.
|   struct named_init ni = {
|     .number = 34,
|     .name = L"Test wide string",
|     .average = 543.34343,
|   };
| 
|   ni.number = 58;
| 
|   int dynamic_array[ni.number];
|   dynamic_array[0] = argv[0][0];
|   dynamic_array[ni.number - 1] = 543;
| 
|   // work around unused variable warnings
|   ok |= (!success || bignum == 0LL || ubignum == 0uLL || newvar[0] == 'x'
| 	 || dynamic_array[ni.number - 1] != 543);
| 
|   
|   _Static_assert ((offsetof (struct anonymous, i)
| 		   == offsetof (struct anonymous, w.k)),
| 		  "Anonymous union alignment botch");
|   v1.i = 2;
|   v1.w.k = 5;
|   ok |= v1.i != 5;
| 
|   return ok;
| }
| 
configure:4475: result: unsupported
configure:4493: checking for cc option to enable C99 features
configure:4508: cc  -c -std=c99  conftest.c >&5
configure:4508: $? = 0
configure:4526: result: none needed
configure:4596: checking whether cc understands -c and -o together
configure:4619: cc -c conftest.c -o conftest2.o
configure:4622: $? = 0
configure:4619: cc -c conftest.c -o conftest2.o
configure:4622: $? = 0
configure:4634: result: yes
configure:4654: checking whether make supports the include directive
configure:4669: make -f confmf.GNU && cat confinc.out
make[1]: Entering directory '/home/greg/bitcoin-dev/cleanroom/claudelnsym/cln-lnsymmetry/external/x86_64-linux-gnu/libwally-core-build'
make[1]: Leaving directory '/home/greg/bitcoin-dev/cleanroom/claudelnsym/cln-lnsymmetry/external/x86_64-linux-gnu/libwally-core-build'
this is the am__doit target
configure:4672: $? = 0
configure:4691: result: yes (GNU style)
configure:4717: checking dependency style of cc
configure:4829: result: gcc3
configure:4900: checking for ar
configure:4921: found /usr/bin/ar
configure:4932: result: ar
configure:4958: checking the archiver (ar) interface
configure:4975: cc -c -std=c99  conftest.c >&5
configure:4975: $? = 0
configure:4978: ar cru libconftest.a conftest.o >&5
ar: `u' modifier ignored since `D' is the default (see `U')
configure:4981: $? = 0
configure:5009: result: ar
configure:5077: checking how to print strings
configure:5104: result: printf
configure:5125: checking for a sed that does not truncate output
configure:5195: result: /usr/bin/sed
configure:5213: checking for grep that handles long lines and -e
configure:5277: result: /usr/bin/grep
configure:5282: checking for egrep
configure:5350: result: /usr/bin/grep -E
configure:5355: checking for fgrep
configure:5423: result: /usr/bin/grep -F
configure:5459: checking for ld used by cc
configure:5527: result: /usr/bin/ld
configure:5534: checking if the linker (/usr/bin/ld) is GNU ld
configure:5550: result: yes
configure:5562: checking for BSD- or MS-compatible name lister (nm)
configure:5617: result: /usr/bin/nm -B
configure:5757: checking the name lister (/usr/bin/nm -B) interface
configure:5765: cc -c -std=c99  conftest.c >&5
configure:5768: /usr/bin/nm -B "conftest.o"
configure:5771: output
0000000000000000 B some_variable
configure:5778: result: BSD nm
configure:5781: checking whether ln -s works
configure:5785: result: yes
configure:5793: checking the maximum length of command line arguments
configure:5925: result: 1572864
configure:5973: checking how to convert x86_64-pc-linux-gnu file names to x86_64-pc-linux-gnu format
configure:6014: result: func_convert_file_noop
configure:6021: checking how to convert x86_64-pc-linux-gnu file names to toolchain format
configure:6042: result: func_convert_file_noop
configure:6049: checking for /usr/bin/ld option to reload object files
configure:6057: result: -r
configure:6136: checking for file
configure:6157: found /usr/bin/file
configure:6168: result: file
configure:6244: checking for objdump
configure:6265: found /usr/bin/objdump
configure:6276: result: objdump
configure:6308: checking how to recognize dependent libraries
configure:6509: result: pass_all
configure:6599: checking for dlltool
configure:6634: result: no
configure:6664: checking how to associate runtime and link libraries
configure:6692: result: printf %s\n
configure:6842: checking for archiver @FILE support
configure:6860: cc -c -std=c99  conftest.c >&5
configure:6860: $? = 0
configure:6864: ar cr libconftest.a @conftest.lst >&5
configure:6867: $? = 0
configure:6872: ar cr libconftest.a @conftest.lst >&5
ar: conftest.o: No such file or directory
configure:6875: $? = 1
configure:6887: result: @
configure:6950: checking for strip
configure:6971: found /usr/bin/strip
configure:6982: result: strip
configure:7059: checking for ranlib
configure:7080: found /usr/bin/ranlib
configure:7091: result: ranlib
configure:7193: checking command to parse /usr/bin/nm -B output from cc object
configure:7347: cc -c -std=c99  conftest.c >&5
configure:7350: $? = 0
configure:7354: /usr/bin/nm -B conftest.o | /usr/bin/sed -n -e 's/^.*[	 ]\([ABCDGIRSTW][ABCDGIRSTW]*\)[	 ][	 ]*\([_A-Za-z][_A-Za-z0-9]*\)$/\1 \2 \2/p' | /usr/bin/sed '/ __gnu_lto/d' > conftest.nm
configure:7420: cc -o conftest -std=c99   conftest.c conftstm.o >&5
configure:7423: $? = 0
configure:7461: result: ok
configure:7508: checking for sysroot
configure:7539: result: no
configure:7546: checking for a working dd
configure:7590: result: /usr/bin/dd
configure:7594: checking how to truncate binary pipes
configure:7610: result: /usr/bin/dd bs=4096 count=1
configure:7747: cc -c -std=c99  conftest.c >&5
configure:7750: $? = 0
configure:7947: checking for mt
configure:7968: found /usr/bin/mt
configure:7979: result: mt
configure:8002: checking if mt is a manifest tool
configure:8009: mt '-?'
configure:8017: result: no
configure:8742: checking for stdio.h
configure:8742: cc -c -std=c99  conftest.c >&5
configure:8742: $? = 0
configure:8742: result: yes
configure:8742: checking for stdlib.h
configure:8742: cc -c -std=c99  conftest.c >&5
configure:8742: $? = 0
configure:8742: result: yes
configure:8742: checking for string.h
configure:8742: cc -c -std=c99  conftest.c >&5
configure:8742: $? = 0
configure:8742: result: yes
configure:8742: checking for inttypes.h
configure:8742: cc -c -std=c99  conftest.c >&5
configure:8742: $? = 0
configure:8742: result: yes
configure:8742: checking for stdint.h
configure:8742: cc -c -std=c99  conftest.c >&5
configure:8742: $? = 0
configure:8742: result: yes
configure:8742: checking for strings.h
configure:8742: cc -c -std=c99  conftest.c >&5
configure:8742: $? = 0
configure:8742: result: yes
configure:8742: checking for sys/stat.h
configure:8742: cc -c -std=c99  conftest.c >&5
configure:8742: $? = 0
configure:8742: result: yes
configure:8742: checking for sys/types.h
configure:8742: cc -c -std=c99  conftest.c >&5
configure:8742: $? = 0
configure:8742: result: yes
configure:8742: checking for unistd.h
configure:8742: cc -c -std=c99  conftest.c >&5
configure:8742: $? = 0
configure:8742: result: yes
configure:8767: checking for dlfcn.h
configure:8767: cc -c -std=c99  conftest.c >&5
configure:8767: $? = 0
configure:8767: result: yes
configure:9025: checking for objdir
configure:9041: result: .libs
configure:9305: checking if cc supports -fno-rtti -fno-exceptions
configure:9324: cc -c -std=c99  -fno-rtti -fno-exceptions conftest.c >&5
cc1: warning: command-line option '-fno-rtti' is valid for C++/D/ObjC++ but not for C
configure:9328: $? = 0
configure:9341: result: no
configure:9705: checking for cc option to produce PIC
configure:9713: result: -fPIC -DPIC
configure:9721: checking if cc PIC flag -fPIC -DPIC works
configure:9740: cc -c -std=c99  -fPIC -DPIC -DPIC conftest.c >&5
configure:9744: $? = 0
configure:9757: result: yes
configure:9786: checking if cc static flag -static works
configure:9815: result: yes
configure:9830: checking if cc supports -c -o file.o
configure:9852: cc -c -std=c99  -o out/conftest2.o conftest.c >&5
configure:9856: $? = 0
configure:9878: result: yes
configure:9886: checking if cc supports -c -o file.o
configure:9934: result: yes
configure:9967: checking whether the cc linker (/usr/bin/ld -m elf_x86_64) supports shared libraries
configure:11241: result: yes
configure:11482: checking dynamic linker characteristics
configure:12064: cc -o conftest -std=c99   -Wl,-rpath -Wl,/foo conftest.c  >&5
configure:12064: $? = 0
configure:12315: result: GNU/Linux ld.so
configure:12437: checking how to hardcode library paths into programs
configure:12462: result: immediate
configure:13014: checking whether stripping libraries is possible
configure:13023: result: yes
configure:13065: checking if libtool supports shared libraries
configure:13067: result: yes
configure:13070: checking whether to build shared libraries
configure:13095: result: no
configure:13098: checking whether to build static libraries
configure:13102: result: yes
configure:13147: checking for gsed
configure:13180: result: no
configure:13305: checking whether byte ordering is bigendian
configure:13321: cc -c -std=c99  conftest.c >&5
conftest.c:24:16: error: unknown type name 'not'
   24 |                not a universal capable compiler
      |                ^~~
conftest.c:24:22: error: expected '=', ',', ';', 'asm' or '__attribute__' before 'universal'
   24 |                not a universal capable compiler
      |                      ^~~~~~~~~
conftest.c:24:22: error: unknown type name 'universal'
configure:13321: $? = 1
configure: failed program was:
| /* confdefs.h */
| #define PACKAGE_NAME "libwallycore"
| #define PACKAGE_TARNAME "libwallycore"
| #define PACKAGE_VERSION "0.8.5"
| #define PACKAGE_STRING "libwallycore 0.8.5"
| #define PACKAGE_BUGREPORT ""
| #define PACKAGE_URL ""
| #define PACKAGE "libwallycore"
| #define VERSION "0.8.5"
| #define HAVE_STDIO_H 1
| #define HAVE_STDLIB_H 1
| #define HAVE_STRING_H 1
| #define HAVE_INTTYPES_H 1
| #define HAVE_STDINT_H 1
| #define HAVE_STRINGS_H 1
| #define HAVE_SYS_STAT_H 1
| #define HAVE_SYS_TYPES_H 1
| #define HAVE_UNISTD_H 1
| #define STDC_HEADERS 1
| #define HAVE_DLFCN_H 1
| #define LT_OBJDIR ".libs/"
| /* end confdefs.h.  */
| #ifndef __APPLE_CC__
| 	       not a universal capable compiler
| 	     #endif
| 	     typedef int dummy;
| 
configure:13367: cc -c -std=c99  conftest.c >&5
conftest.c: In function 'main':
conftest.c:30:15: error: unknown type name 'bogus'
   30 |               bogus endian macros
      |               ^~~~~
conftest.c:30:28: error: expected '=', ',', ';', 'asm' or '__attribute__' before 'macros'
   30 |               bogus endian macros
      |                            ^~~~~~
configure:13367: $? = 1
configure: failed program was:
| /* confdefs.h */
| #define PACKAGE_NAME "libwallycore"
| #define PACKAGE_TARNAME "libwallycore"
| #define PACKAGE_VERSION "0.8.5"
| #define PACKAGE_STRING "libwallycore 0.8.5"
| #define PACKAGE_BUGREPORT ""
| #define PACKAGE_URL ""
| #define PACKAGE "libwallycore"
| #define VERSION "0.8.5"
| #define HAVE_STDIO_H 1
| #define HAVE_STDLIB_H 1
| #define HAVE_STRING_H 1
| #define HAVE_INTTYPES_H 1
| #define HAVE_STDINT_H 1
| #define HAVE_STRINGS_H 1
| #define HAVE_SYS_STAT_H 1
| #define HAVE_SYS_TYPES_H 1
| #define HAVE_UNISTD_H 1
| #define STDC_HEADERS 1
| #define HAVE_DLFCN_H 1
| #define LT_OBJDIR ".libs/"
| /* end confdefs.h.  */
| #include <sys/types.h>
| 	     #include <sys/param.h>
| 
| int
| main (void)
| {
| #if ! (defined BYTE_ORDER && defined BIG_ENDIAN 		     && defined LITTLE_ENDIAN && BYTE_ORDER && BIG_ENDIAN 		     && LITTLE_ENDIAN)
| 	      bogus endian macros
| 	     #endif
| 
|   ;
|   return 0;
| }
configure:13413: cc -c -std=c99  conftest.c >&5
conftest.c: In function 'main':
conftest.c:29:15: error: unknown type name 'bogus'
   29 |               bogus endian macros
      |               ^~~~~
conftest.c:29:28: error: expected '=', ',', ';', 'asm' or '__attribute__' before 'macros'
   29 |               bogus endian macros
      |                            ^~~~~~
configure:13413: $? = 1
configure: failed program was:
| /* confdefs.h */
| #define PACKAGE_NAME "libwallycore"
| #define PACKAGE_TARNAME "libwallycore"
| #define PACKAGE_VERSION "0.8.5"
| #define PACKAGE_STRING "libwallycore 0.8.5"
| #define PACKAGE_BUGREPORT ""
| #define PACKAGE_URL ""
| #define PACKAGE "libwallycore"
| #define VERSION "0.8.5"
| #define HAVE_STDIO_H 1
| #define HAVE_STDLIB_H 1
| #define HAVE_STRING_H 1
| #define HAVE_INTTYPES_H 1
| #define HAVE_STDINT_H 1
| #define HAVE_STRINGS_H 1
| #define HAVE_SYS_STAT_H 1
| #define HAVE_SYS_TYPES_H 1
| #define HAVE_UNISTD_H 1
| #define STDC_HEADERS 1
| #define HAVE_DLFCN_H 1
| #define LT_OBJDIR ".libs/"
| /* end confdefs.h.  */
| #include <limits.h>
| 
| int
| main (void)
| {
| #if ! (defined _LITTLE_ENDIAN || defined _BIG_ENDIAN)
| 	      bogus endian macros
| 	     #endif
| 
|   ;
|   return 0;
| }
configure:13508: cc -o conftest -std=c99   conftest.c  >&5
configure:13508: $? = 0
configure:13508: ./conftest
configure:13508: $? = 0
configure:13520: result: no
configure:13538: checking for inline
configure:13555: cc -c -std=c99  conftest.c >&5
configure:13555: $? = 0
configure:13564: result: inline
configure:13582: checking for size_t
configure:13582: cc -c -std=c99  conftest.c >&5
configure:13582: $? = 0
configure:13582: cc -c -std=c99  conftest.c >&5
conftest.c: In function 'main':
conftest.c:54:21: error: expected expression before ')' token
   54 | if (sizeof ((size_t)))
      |                     ^
configure:13582: $? = 1
configure: failed program was:
| /* confdefs.h */
| #define PACKAGE_NAME "libwallycore"
| #define PACKAGE_TARNAME "libwallycore"
| #define PACKAGE_VERSION "0.8.5"
| #define PACKAGE_STRING "libwallycore 0.8.5"
| #define PACKAGE_BUGREPORT ""
| #define PACKAGE_URL ""
| #define PACKAGE "libwallycore"
| #define VERSION "0.8.5"
| #define HAVE_STDIO_H 1
| #define HAVE_STDLIB_H 1
| #define HAVE_STRING_H 1
| #define HAVE_INTTYPES_H 1
| #define HAVE_STDINT_H 1
| #define HAVE_STRINGS_H 1
| #define HAVE_SYS_STAT_H 1
| #define HAVE_SYS_TYPES_H 1
| #define HAVE_UNISTD_H 1
| #define STDC_HEADERS 1
| #define HAVE_DLFCN_H 1
| #define LT_OBJDIR ".libs/"
| /* end confdefs.h.  */
| #include <stddef.h>
| #ifdef HAVE_STDIO_H
| # include <stdio.h>
| #endif
| #ifdef HAVE_STDLIB_H
| # include <stdlib.h>
| #endif
| #ifdef HAVE_STRING_H
| # include <string.h>
| #endif
| #ifdef HAVE_INTTYPES_H
| # include <inttypes.h>
| #endif
| #ifdef HAVE_STDINT_H
| # include <stdint.h>
| #endif
| #ifdef HAVE_STRINGS_H
| # include <strings.h>
| #endif
| #ifdef HAVE_SYS_TYPES_H
| # include <sys/types.h>
| #endif
| #ifdef HAVE_SYS_STAT_H
| # include <sys/stat.h>
| #endif
| #ifdef HAVE_UNISTD_H
| # include <unistd.h>
| #endif
| int
| main (void)
| {
| if (sizeof ((size_t)))
| 	    return 0;
|   ;
|   return 0;
| }
configure:13582: result: yes
configure:13592: checking for uint64_t
configure:13592: cc -c -std=c99  conftest.c >&5
configure:13592: $? = 0
configure:13592: result: yes
configure:13604: checking for uint32_t
configure:13604: cc -c -std=c99  conftest.c >&5
configure:13604: $? = 0
configure:13604: result: yes
configure:13616: checking for uint16_t
configure:13616: cc -c -std=c99  conftest.c >&5
configure:13616: $? = 0
configure:13616: result: yes
configure:13626: checking for uint8_t
configure:13626: cc -c -std=c99  conftest.c >&5
configure:13626: $? = 0
configure:13626: result: yes
configure:13640: checking whether C compiler accepts -O0
configure:13660: cc -c -std=c99  -O0  conftest.c >&5
configure:13660: $? = 0
configure:13669: result: yes
configure:13682: checking whether C compiler accepts -ggdb
configure:13702: cc -c -std=c99  -ggdb  conftest.c >&5
configure:13702: $? = 0
configure:13711: result: yes
configure:13720: checking whether the linker accepts -O0
configure:13740: cc -o conftest -std=c99    -O0 conftest.c  >&5
configure:13740: $? = 0
configure:13750: result: yes
configure:13759: checking whether the linker accepts -ggdb
configure:13779: cc -o conftest -std=c99   -O0  -ggdb conftest.c  >&5
configure:13779: $? = 0
configure:13789: result: yes
configure:14153: checking whether C compiler accepts -DBUILD_ELEMENTS=1
configure:14173: cc -c -std=c99  -DBUILD_ELEMENTS=1  conftest.c >&5
configure:14173: $? = 0
configure:14182: result: yes
configure:14322: checking whether C compiler accepts -flax-vector-conversions
configure:14342: cc -c -std=c99  -flax-vector-conversions  conftest.c >&5
configure:14342: $? = 0
configure:14351: result: yes
configure:14360: checking whether C compiler accepts -fno-strict-aliasing
configure:14380: cc -c -std=c99  -fno-strict-aliasing  conftest.c >&5
configure:14380: $? = 0
configure:14389: result: yes
configure:14398: checking whether C compiler accepts -fno-builtin
configure:14418: cc -c -std=c99  -fno-builtin  conftest.c >&5
configure:14418: $? = 0
configure:14427: result: yes
configure:14437: checking whether C compiler accepts -Wformat-nonliteral
configure:14457: cc -c -std=c99  -Wformat-nonliteral  conftest.c >&5
configure:14457: $? = 0
configure:14466: result: yes
configure:14475: checking whether C compiler accepts -Wformat-security
configure:14495: cc -c -std=c99  -Wformat-security  conftest.c >&5
configure:14495: $? = 0
configure:14504: result: yes
configure:14513: checking whether C compiler accepts -Wformat
configure:14533: cc -c -std=c99  -Wformat  conftest.c >&5
configure:14533: $? = 0
configure:14542: result: yes
configure:14551: checking whether C compiler accepts -Wstrict-prototypes
configure:14571: cc -c -std=c99  -Wstrict-prototypes  conftest.c >&5
configure:14571: $? = 0
configure:14580: result: yes
configure:14589: checking whether C compiler accepts -Wshadow
configure:14609: cc -c -std=c99  -Wshadow  conftest.c >&5
configure:14609: $? = 0
configure:14618: result: yes
configure:14627: checking whether C compiler accepts -Wnested-externs
configure:14647: cc -c -std=c99  -Wnested-externs  conftest.c >&5
configure:14647: $? = 0
configure:14656: result: yes
configure:14665: checking whether C compiler accepts -Wcast-align
configure:14685: cc -c -std=c99  -Wcast-align  conftest.c >&5
configure:14685: $? = 0
configure:14694: result: yes
configure:14703: checking whether C compiler accepts -Wpedantic
configure:14723: cc -c -std=c99  -Wpedantic  conftest.c >&5
configure:14723: $? = 0
configure:14732: result: yes
configure:14741: checking whether C compiler accepts -Wextra
configure:14761: cc -c -std=c99  -Wextra  conftest.c >&5
configure:14761: $? = 0
configure:14770: result: yes
configure:14779: checking whether C compiler accepts -Wall
configure:14799: cc -c -std=c99  -Wall  conftest.c >&5
configure:14799: $? = 0
configure:14808: result: yes
configure:14819: checking whether C compiler accepts -D_DEFAULT_SOURCE=1
configure:14839: cc -c -std=c99  -D_DEFAULT_SOURCE=1  conftest.c >&5
configure:14839: $? = 0
configure:14848: result: yes
configure:14859: checking whether C compiler accepts -Wno-unused-function
configure:14879: cc -c -std=c99  -Wno-unused-function  conftest.c >&5
configure:14879: $? = 0
configure:14888: result: yes
configure:14897: checking whether C compiler accepts -Wno-long-long
configure:14917: cc -c -std=c99  -Wno-long-long  conftest.c >&5
configure:14917: $? = 0
configure:14926: result: yes
configure:14935: checking whether C compiler accepts -Wno-overlength-strings
configure:14955: cc -c -std=c99  -Wno-overlength-strings  conftest.c >&5
configure:14955: $? = 0
configure:14964: result: yes
configure:14973: checking whether C compiler accepts -Wno-variadic-macros
configure:14993: cc -c -std=c99  -Wno-variadic-macros  conftest.c >&5
configure:14993: $? = 0
configure:15002: result: yes
configure:15172: checking whether C compiler accepts -Wno-shadow
configure:15192: cc -c -std=c99  -Wno-shadow  conftest.c >&5
configure:15192: $? = 0
configure:15201: result: yes
configure:15210: checking whether C compiler accepts -Wno-self-assign
configure:15230: cc -c -std=c99  -Wno-self-assign  conftest.c >&5
configure:15230: $? = 0
configure:15239: result: yes
configure:15248: checking whether C compiler accepts -Wno-missing-field-initializers
configure:15268: cc -c -std=c99  -Wno-missing-field-initializers  conftest.c >&5
configure:15268: $? = 0
configure:15277: result: yes
configure:15306: checking whether C compiler accepts -fvisibility=hidden
configure:15326: cc -c -std=c99  -fvisibility=hidden  conftest.c >&5
configure:15326: $? = 0
configure:15335: result: yes
configure:15355: cc -o conftest -std=c99   -O0 -ggdb conftest.c  >&5
configure:15355: $? = 0
configure:15355: ./conftest
configure:15355: $? = 0
configure:15375: cc -c -std=c99  conftest.c >&5
configure:15375: $? = 0
configure:15395: cc -o conftest -std=c99   -O0 -ggdb conftest.c  >&5
configure:15395: $? = 0
configure:15415: cc -o conftest -std=c99   -O0 -ggdb conftest.c  >&5
conftest.c: In function 'main':
conftest.c:30:8: warning: implicit declaration of function 'posix_memalign' [-Wimplicit-function-declaration]
   30 | return posix_memalign(NULL,0,0)
      |        ^~~~~~~~~~~~~~
configure:15415: $? = 0
configure:15424: checking for memset_s
configure:15424: cc -o conftest -std=c99   -O0 -ggdb conftest.c  >&5
/usr/bin/ld: /tmp/ccS0Jb9x.o: in function `main':
/home/greg/bitcoin-dev/cleanroom/claudelnsym/cln-lnsymmetry/external/x86_64-linux-gnu/libwally-core-build/conftest.c:54:(.text+0xe): undefined reference to `memset_s'
collect2: error: ld returned 1 exit status
configure:15424: $? = 1
configure: failed program was:
| /* confdefs.h */
| #define PACKAGE_NAME "libwallycore"
| #define PACKAGE_TARNAME "libwallycore"
| #define PACKAGE_VERSION "0.8.5"
| #define PACKAGE_STRING "libwallycore 0.8.5"
| #define PACKAGE_BUGREPORT ""
| #define PACKAGE_URL ""
| #define PACKAGE "libwallycore"
| #define VERSION "0.8.5"
| #define HAVE_STDIO_H 1
| #define HAVE_STDLIB_H 1
| #define HAVE_STRING_H 1
| #define HAVE_INTTYPES_H 1
| #define HAVE_STDINT_H 1
| #define HAVE_STRINGS_H 1
| #define HAVE_SYS_STAT_H 1
| #define HAVE_SYS_TYPES_H 1
| #define HAVE_UNISTD_H 1
| #define STDC_HEADERS 1
| #define HAVE_DLFCN_H 1
| #define LT_OBJDIR ".libs/"
| #define HAVE_UNALIGNED_ACCESS 1
| #define HAVE_ATTRIBUTE_WEAK 1
| #define HAVE_MMAP 1
| #define HAVE_POSIX_MEMALIGN 1
| /* end confdefs.h.  */
| /* Define memset_s to an innocuous variant, in case <limits.h> declares memset_s.
|    For example, HP-UX 11i <limits.h> declares gettimeofday.  */
| #define memset_s innocuous_memset_s
| 
| /* System header to define __stub macros and hopefully few prototypes,
|    which can conflict with char memset_s (); below.  */
| 
| #include <limits.h>
| #undef memset_s
| 
| /* Override any GCC internal prototype to avoid an error.
|    Use char because int might match the return type of a GCC
|    builtin and then its argument prototype would still apply.  */
| #ifdef __cplusplus
| extern "C"
| #endif
| char memset_s ();
| /* The GNU C library defines this for functions which it implements
|     to always fail with ENOSYS.  Some functions are actually named
|     something starting with __ and the normal name is an alias.  */
| #if defined __stub_memset_s || defined __stub___memset_s
| choke me
| #endif
| 
| int
| main (void)
| {
| return memset_s ();
|   ;
|   return 0;
| }
configure:15424: result: no
configure:15430: checking for explicit_bzero
configure:15430: cc -o conftest -std=c99   -O0 -ggdb conftest.c  >&5
configure:15430: $? = 0
configure:15430: result: yes
configure:15436: checking for explicit_memset
configure:15436: cc -o conftest -std=c99   -O0 -ggdb conftest.c  >&5
/usr/bin/ld: /tmp/ccNNsZze.o: in function `main':
/home/greg/bitcoin-dev/cleanroom/claudelnsym/cln-lnsymmetry/external/x86_64-linux-gnu/libwally-core-build/conftest.c:55:(.text+0xe): undefined reference to `explicit_memset'
collect2: error: ld returned 1 exit status
configure:15436: $? = 1
configure: failed program was:
| /* confdefs.h */
| #define PACKAGE_NAME "libwallycore"
| #define PACKAGE_TARNAME "libwallycore"
| #define PACKAGE_VERSION "0.8.5"
| #define PACKAGE_STRING "libwallycore 0.8.5"
| #define PACKAGE_BUGREPORT ""
| #define PACKAGE_URL ""
| #define PACKAGE "libwallycore"
| #define VERSION "0.8.5"
| #define HAVE_STDIO_H 1
| #define HAVE_STDLIB_H 1
| #define HAVE_STRING_H 1
| #define HAVE_INTTYPES_H 1
| #define HAVE_STDINT_H 1
| #define HAVE_STRINGS_H 1
| #define HAVE_SYS_STAT_H 1
| #define HAVE_SYS_TYPES_H 1
| #define HAVE_UNISTD_H 1
| #define STDC_HEADERS 1
| #define HAVE_DLFCN_H 1
| #define LT_OBJDIR ".libs/"
| #define HAVE_UNALIGNED_ACCESS 1
| #define HAVE_ATTRIBUTE_WEAK 1
| #define HAVE_MMAP 1
| #define HAVE_POSIX_MEMALIGN 1
| #define HAVE_EXPLICIT_BZERO 1
| /* end confdefs.h.  */
| /* Define explicit_memset to an innocuous variant, in case <limits.h> declares explicit_memset.
|    For example, HP-UX 11i <limits.h> declares gettimeofday.  */
| #define explicit_memset innocuous_explicit_memset
| 
| /* System header to define __stub macros and hopefully few prototypes,
|    which can conflict with char explicit_memset (); below.  */
| 
| #include <limits.h>
| #undef explicit_memset
| 
| /* Override any GCC internal prototype to avoid an error.
|    Use char because int might match the return type of a GCC
|    builtin and then its argument prototype would still apply.  */
| #ifdef __cplusplus
| extern "C"
| #endif
| char explicit_memset ();
| /* The GNU C library defines this for functions which it implements
|     to always fail with ENOSYS.  Some functions are actually named
|     something starting with __ and the normal name is an alias.  */
| #if defined __stub_explicit_memset || defined __stub___explicit_memset
| choke me
| #endif
| 
| int
| main (void)
| {
| return explicit_memset ();
|   ;
|   return 0;
| }
configure:15436: result: no
configure:15445: checking whether we can use inline asm code
configure:15463: cc -o conftest -std=c99   -O0 -ggdb conftest.c  >&5
configure:15463: $? = 0
configure:15465: result: yes
configure:15479: checking for byteswap.h,
configure:15479: cc -c -std=c99  conftest.c >&5
conftest.c:57:10: fatal error: byteswap.h,: No such file or directory
   57 | #include <byteswap.h,>
      |          ^~~~~~~~~~~~~
compilation terminated.
configure:15479: $? = 1
configure: failed program was:
| /* confdefs.h */
| #define PACKAGE_NAME "libwallycore"
| #define PACKAGE_TARNAME "libwallycore"
| #define PACKAGE_VERSION "0.8.5"
| #define PACKAGE_STRING "libwallycore 0.8.5"
| #define PACKAGE_BUGREPORT ""
| #define PACKAGE_URL ""
| #define PACKAGE "libwallycore"
| #define VERSION "0.8.5"
| #define HAVE_STDIO_H 1
| #define HAVE_STDLIB_H 1
| #define HAVE_STRING_H 1
| #define HAVE_INTTYPES_H 1
| #define HAVE_STDINT_H 1
| #define HAVE_STRINGS_H 1
| #define HAVE_SYS_STAT_H 1
| #define HAVE_SYS_TYPES_H 1
| #define HAVE_UNISTD_H 1
| #define STDC_HEADERS 1
| #define HAVE_DLFCN_H 1
| #define LT_OBJDIR ".libs/"
| #define HAVE_UNALIGNED_ACCESS 1
| #define HAVE_ATTRIBUTE_WEAK 1
| #define HAVE_MMAP 1
| #define HAVE_POSIX_MEMALIGN 1
| #define HAVE_EXPLICIT_BZERO 1
| #define HAVE_INLINE_ASM 1
| /* end confdefs.h.  */
| #include <stddef.h>
| #ifdef HAVE_STDIO_H
| # include <stdio.h>
| #endif
| #ifdef HAVE_STDLIB_H
| # include <stdlib.h>
| #endif
| #ifdef HAVE_STRING_H
| # include <string.h>
| #endif
| #ifdef HAVE_INTTYPES_H
| # include <inttypes.h>
| #endif
| #ifdef HAVE_STDINT_H
| # include <stdint.h>
| #endif
| #ifdef HAVE_STRINGS_H
| # include <strings.h>
| #endif
| #ifdef HAVE_SYS_TYPES_H
| # include <sys/types.h>
| #endif
| #ifdef HAVE_SYS_STAT_H
| # include <sys/stat.h>
| #endif
| #ifdef HAVE_UNISTD_H
| # include <unistd.h>
| #endif
| #include <byteswap.h,>
configure:15479: result: no
configure:15485: checking for sys/mman.h
configure:15485: cc -c -std=c99  conftest.c >&5
configure:15485: $? = 0
configure:15485: result: yes
configure:15507: checking how to run the C preprocessor
configure:15533: cc -E  conftest.c
configure:15533: $? = 0
configure:15548: cc -E  conftest.c
conftest.c:30:10: fatal error: ac_nonexistent.h: No such file or directory
   30 | #include <ac_nonexistent.h>
      |          ^~~~~~~~~~~~~~~~~~
compilation terminated.
configure:15548: $? = 1
configure: failed program was:
| /* confdefs.h */
| #define PACKAGE_NAME "libwallycore"
| #define PACKAGE_TARNAME "libwallycore"
| #define PACKAGE_VERSION "0.8.5"
| #define PACKAGE_STRING "libwallycore 0.8.5"
| #define PACKAGE_BUGREPORT ""
| #define PACKAGE_URL ""
| #define PACKAGE "libwallycore"
| #define VERSION "0.8.5"
| #define HAVE_STDIO_H 1
| #define HAVE_STDLIB_H 1
| #define HAVE_STRING_H 1
| #define HAVE_INTTYPES_H 1
| #define HAVE_STDINT_H 1
| #define HAVE_STRINGS_H 1
| #define HAVE_SYS_STAT_H 1
| #define HAVE_SYS_TYPES_H 1
| #define HAVE_UNISTD_H 1
| #define STDC_HEADERS 1
| #define HAVE_DLFCN_H 1
| #define LT_OBJDIR ".libs/"
| #define HAVE_UNALIGNED_ACCESS 1
| #define HAVE_ATTRIBUTE_WEAK 1
| #define HAVE_MMAP 1
| #define HAVE_POSIX_MEMALIGN 1
| #define HAVE_EXPLICIT_BZERO 1
| #define HAVE_INLINE_ASM 1
| #define HAVE_SYS_MMAN_H 1
| /* end confdefs.h.  */
| #include <ac_nonexistent.h>
configure:15575: result: cc -E
configure:15589: cc -E  conftest.c
configure:15589: $? = 0
configure:15604: cc -E  conftest.c
conftest.c:30:10: fatal error: ac_nonexistent.h: No such file or directory
   30 | #include <ac_nonexistent.h>
      |          ^~~~~~~~~~~~~~~~~~
compilation terminated.
configure:15604: $? = 1
configure: failed program was:
| /* confdefs.h */
| #define PACKAGE_NAME "libwallycore"
| #define PACKAGE_TARNAME "libwallycore"
| #define PACKAGE_VERSION "0.8.5"
| #define PACKAGE_STRING "libwallycore 0.8.5"
| #define PACKAGE_BUGREPORT ""
| #define PACKAGE_URL ""
| #define PACKAGE "libwallycore"
| #define VERSION "0.8.5"
| #define HAVE_STDIO_H 1
| #define HAVE_STDLIB_H 1
| #define HAVE_STRING_H 1
| #define HAVE_INTTYPES_H 1
| #define HAVE_STDINT_H 1
| #define HAVE_STRINGS_H 1
| #define HAVE_SYS_STAT_H 1
| #define HAVE_SYS_TYPES_H 1
| #define HAVE_UNISTD_H 1
| #define STDC_HEADERS 1
| #define HAVE_DLFCN_H 1
| #define LT_OBJDIR ".libs/"
| #define HAVE_UNALIGNED_ACCESS 1
| #define HAVE_ATTRIBUTE_WEAK 1
| #define HAVE_MMAP 1
| #define HAVE_POSIX_MEMALIGN 1
| #define HAVE_EXPLICIT_BZERO 1
| #define HAVE_INLINE_ASM 1
| #define HAVE_SYS_MMAN_H 1
| /* end confdefs.h.  */
| #include <ac_nonexistent.h>
configure:15795: checking whether cc is Clang
configure:15822: result: no
configure:15887: checking whether pthreads work with "-pthread" and "-lpthread"
configure:15998: cc -o conftest -std=c99 -pthread   -O0 -ggdb conftest.c -lpthread  >&5
configure:15998: $? = 0
configure:16008: result: yes
configure:16131: checking for joinable pthread attribute
configure:16150: cc -o conftest -std=c99 -pthread   -O0 -ggdb conftest.c -lpthread  >&5
configure:16150: $? = 0
configure:16159: result: PTHREAD_CREATE_JOINABLE
configure:16172: checking whether more special flags are required for pthreads
configure:16186: result: no
configure:16195: checking for PTHREAD_PRIO_INHERIT
configure:16213: cc -o conftest -std=c99 -pthread   -O0 -ggdb conftest.c -lpthread  >&5
configure:16213: $? = 0
configure:16223: result: yes
configure:16408: checking for asm/page.h
configure:16408: cc -c -std=c99  conftest.c >&5
conftest.c:60:10: fatal error: asm/page.h: No such file or directory
   60 | #include <asm/page.h>
      |          ^~~~~~~~~~~~
compilation terminated.
configure:16408: $? = 1
configure: failed program was:
| /* confdefs.h */
| #define PACKAGE_NAME "libwallycore"
| #define PACKAGE_TARNAME "libwallycore"
| #define PACKAGE_VERSION "0.8.5"
| #define PACKAGE_STRING "libwallycore 0.8.5"
| #define PACKAGE_BUGREPORT ""
| #define PACKAGE_URL ""
| #define PACKAGE "libwallycore"
| #define VERSION "0.8.5"
| #define HAVE_STDIO_H 1
| #define HAVE_STDLIB_H 1
| #define HAVE_STRING_H 1
| #define HAVE_INTTYPES_H 1
| #define HAVE_STDINT_H 1
| #define HAVE_STRINGS_H 1
| #define HAVE_SYS_STAT_H 1
| #define HAVE_SYS_TYPES_H 1
| #define HAVE_UNISTD_H 1
| #define STDC_HEADERS 1
| #define HAVE_DLFCN_H 1
| #define LT_OBJDIR ".libs/"
| #define HAVE_UNALIGNED_ACCESS 1
| #define HAVE_ATTRIBUTE_WEAK 1
| #define HAVE_MMAP 1
| #define HAVE_POSIX_MEMALIGN 1
| #define HAVE_EXPLICIT_BZERO 1
| #define HAVE_INLINE_ASM 1
| #define HAVE_SYS_MMAN_H 1
| #define HAVE_PTHREAD_PRIO_INHERIT 1
| #define HAVE_PTHREAD 1
| /* end confdefs.h.  */
| #include <stddef.h>
| #ifdef HAVE_STDIO_H
| # include <stdio.h>
| #endif
| #ifdef HAVE_STDLIB_H
| # include <stdlib.h>
| #endif
| #ifdef HAVE_STRING_H
| # include <string.h>
| #endif
| #ifdef HAVE_INTTYPES_H
| # include <inttypes.h>
| #endif
| #ifdef HAVE_STDINT_H
| # include <stdint.h>
| #endif
| #ifdef HAVE_STRINGS_H
| # include <strings.h>
| #endif
| #ifdef HAVE_SYS_TYPES_H
| # include <sys/types.h>
| #endif
| #ifdef HAVE_SYS_STAT_H
| # include <sys/stat.h>
| #endif
| #ifdef HAVE_UNISTD_H
| # include <unistd.h>
| #endif
| #include <asm/page.h>
configure:16408: result: no
configure:16469: checking for python3
configure:16492: found /usr/bin/python3
configure:16504: result: /usr/bin/python3
configure:16520: checking for a version of Python >= '2.1.0'
configure:16546: result: yes
configure:16554: checking for a version of Python >= '2.7.0'
configure:16560: result: yes
configure:16577: checking for the distutils Python package
configure:16581: result: yes
configure:16595: checking for Python include path
configure:16611: result: -I/usr/include/python3.12
configure:16617: checking for Python library path
configure:16692: result: -L/usr/lib/x86_64-linux-gnu -lpython3.12
configure:16698: checking for Python site-packages path
configure:16704: result: /usr/lib/python3/dist-packages
configure:16710: checking python extra libraries
configure:16717: result: -ldl -lm
configure:16723: checking python extra linking flags
configure:16734: result: -Xlinker -export-dynamic -Wl,-O1 -Wl,-Bsymbolic-functions
configure:16740: checking consistency of all components of python development environment
configure:16768: cc -o conftest -std=c99  -I/usr/include/python3.12  -O0 -ggdb -Xlinker -export-dynamic -Wl,-O1 -Wl,-Bsymbolic-functions conftest.c  -L/usr/lib/x86_64-linux-gnu -lpython3.12 -ldl -lm -ldl -lm >&5
configure:16768: $? = 0
configure:16787: result: yes
configure:16849: checking for swig
configure:16872: found /usr/bin/swig
configure:16884: result: /usr/bin/swig
configure:17403: checking for java
configure:17424: found /usr/bin/java
configure:17435: result: java
configure:17450: checking for javac
configure:17485: result: no
configure:17497: checking for jar
configure:17532: result: no
configure:17736: checking that generated files are newer than configure
configure:17742: result: done
configure:17830: creating ./config.status

## ---------------------- ##
## Running config.status. ##
## ---------------------- ##

This file was extended by libwallycore config.status 0.8.5, which was
generated by GNU Autoconf 2.71.  Invocation command line was

  CONFIG_FILES    = 
  CONFIG_HEADERS  = 
  CONFIG_LINKS    = 
  CONFIG_COMMANDS = 
  $ ./config.status 

on greg-Laptop

config.status:1171: creating Makefile
config.status:1171: creating src/Makefile
config.status:1171: creating src/wallycore.pc
config.status:1171: creating src/config.h
config.status:1337: src/config.h is unchanged
config.status:1385: executing depfiles commands
config.status:1462: cd src       && sed -e '/# am--include-marker/d' Makefile         | make -f - am--depfiles
make[1]: Entering directory '/home/greg/bitcoin-dev/cleanroom/claudelnsym/cln-lnsymmetry/external/x86_64-linux-gnu/libwally-core-build/src'
make[1]: Nothing to be done for 'am--depfiles'.
make[1]: Leaving directory '/home/greg/bitcoin-dev/cleanroom/claudelnsym/cln-lnsymmetry/external/x86_64-linux-gnu/libwally-core-build/src'
config.status:1467: $? = 0
config.status:1385: executing libtool commands
configure:20047: === configuring in src/secp256k1 (/home/greg/bitcoin-dev/cleanroom/claudelnsym/cln-lnsymmetry/external/x86_64-linux-gnu/libwally-core-build/src/secp256k1)
configure:20108: running /bin/bash ../../../../libwally-core/src/secp256k1/configure --disable-option-checking '--prefix=/'  'CC=cc' '--enable-static=yes' '--enable-module-recovery' '--enable-module-extrakeys' '--enable-module-schnorrsig' '--enable-module-musig' '--enable-elements' '--enable-shared=no' '--libdir=/' '--enable-debug' 'CFLAGS=-std=c99' 'PYTHON_VERSION=3' '--disable-shared' '--with-pic' '--with-bignum=no' '--enable-experimental' '--enable-module-ecdh' '--enable-module-recovery' '--enable-module-ecdsa-s2c' '--enable-module-rangeproof' '--enable-module-surjectionproof' '--enable-module-whitelist' '--enable-module-generator' '--disable-tests' '--enable-openssl-tests=no' '--enable-exhaustive-tests=no' '--enable-benchmark=no' '--disable-dependency-tracking' '--with-asm=no' --cache-file=/dev/null --srcdir=../../../../libwally-core/src/secp256k1

## ---------------- ##
## Cache variables. ##
## ---------------- ##

ac_cv_build=x86_64-pc-linux-gnu
ac_cv_c_bigendian=no
ac_cv_c_compiler_gnu=yes
ac_cv_c_inline=inline
ac_cv_c_uint16_t=yes
ac_cv_c_uint32_t=yes
ac_cv_c_uint64_t=yes
ac_cv_c_uint8_t=yes
ac_cv_env_CC_set=set
ac_cv_env_CC_value=cc
ac_cv_env_CFLAGS_set=set
ac_cv_env_CFLAGS_value=-std=c99
ac_cv_env_CPPFLAGS_set=
ac_cv_env_CPPFLAGS_value=
ac_cv_env_CPP_set=
ac_cv_env_CPP_value=
ac_cv_env_LDFLAGS_set=
ac_cv_env_LDFLAGS_value=
ac_cv_env_LIBS_set=
ac_cv_env_LIBS_value=
ac_cv_env_LT_SYS_LIBRARY_PATH_set=
ac_cv_env_LT_SYS_LIBRARY_PATH_value=
ac_cv_env_PYTHON_VERSION_set=set
ac_cv_env_PYTHON_VERSION_value=3
ac_cv_env_build_alias_set=
ac_cv_env_build_alias_value=
ac_cv_env_host_alias_set=
ac_cv_env_host_alias_value=
ac_cv_env_target_alias_set=
ac_cv_env_target_alias_value=
ac_cv_func_explicit_bzero=yes
ac_cv_func_explicit_memset=no
ac_cv_func_memset_s=no
ac_cv_header_asm_page_h=no
ac_cv_header_byteswap_h_=no
ac_cv_header_dlfcn_h=yes
ac_cv_header_inttypes_h=yes
ac_cv_header_stdint_h=yes
ac_cv_header_stdio_h=yes
ac_cv_header_stdlib_h=yes
ac_cv_header_string_h=yes
ac_cv_header_strings_h=yes
ac_cv_header_sys_mman_h=yes
ac_cv_header_sys_stat_h=yes
ac_cv_header_sys_types_h=yes
ac_cv_header_unistd_h=yes
ac_cv_host=x86_64-pc-linux-gnu
ac_cv_objext=o
ac_cv_path_EGREP='/usr/bin/grep -E'
ac_cv_path_FGREP='/usr/bin/grep -F'
ac_cv_path_GREP=/usr/bin/grep
ac_cv_path_PYTHON=/usr/bin/python3
ac_cv_path_SED=/usr/bin/sed
ac_cv_path_SWIG=/usr/bin/swig
ac_cv_path_install='/usr/bin/install -c'
ac_cv_path_lt_DD=/usr/bin/dd
ac_cv_path_mkdir=/usr/bin/mkdir
ac_cv_prog_AWK=mawk
ac_cv_prog_CPP='cc -E'
ac_cv_prog_HAVE_GSED=no
ac_cv_prog_JAVA=java
ac_cv_prog_ac_ct_AR=ar
ac_cv_prog_ac_ct_CC=cc
ac_cv_prog_ac_ct_FILECMD=file
ac_cv_prog_ac_ct_MANIFEST_TOOL=mt
ac_cv_prog_ac_ct_OBJDUMP=objdump
ac_cv_prog_ac_ct_RANLIB=ranlib
ac_cv_prog_ac_ct_STRIP=strip
ac_cv_prog_cc_c11=no
ac_cv_prog_cc_c99=
ac_cv_prog_cc_g=yes
ac_cv_prog_cc_stdc=
ac_cv_prog_make_make_set=yes
ac_cv_type_size_t=yes
am_cv_CC_dependencies_compiler_type=gcc3
am_cv_ar_interface=ar
am_cv_make_support_nested_variables=yes
am_cv_prog_cc_c_o=yes
ax_cv_PTHREAD_CLANG=no
ax_cv_PTHREAD_JOINABLE_ATTR=PTHREAD_CREATE_JOINABLE
ax_cv_PTHREAD_PRIO_INHERIT=yes
ax_cv_PTHREAD_SPECIAL_FLAGS=no
ax_cv_check_cflags___DBUILD_ELEMENTS_1=yes
ax_cv_check_cflags___D_DEFAULT_SOURCE_1=yes
ax_cv_check_cflags___O0=yes
ax_cv_check_cflags___Wall=yes
ax_cv_check_cflags___Wcast_align=yes
ax_cv_check_cflags___Wextra=yes
ax_cv_check_cflags___Wformat=yes
ax_cv_check_cflags___Wformat_nonliteral=yes
ax_cv_check_cflags___Wformat_security=yes
ax_cv_check_cflags___Wnested_externs=yes
ax_cv_check_cflags___Wno_long_long=yes
ax_cv_check_cflags___Wno_missing_field_initializers=yes
ax_cv_check_cflags___Wno_overlength_strings=yes
ax_cv_check_cflags___Wno_self_assign=yes
ax_cv_check_cflags___Wno_shadow=yes
ax_cv_check_cflags___Wno_unused_function=yes
ax_cv_check_cflags___Wno_variadic_macros=yes
ax_cv_check_cflags___Wpedantic=yes
ax_cv_check_cflags___Wshadow=yes
ax_cv_check_cflags___Wstrict_prototypes=yes
ax_cv_check_cflags___flax_vector_conversions=yes
ax_cv_check_cflags___fno_builtin=yes
ax_cv_check_cflags___fno_strict_aliasing=yes
ax_cv_check_cflags___fvisibility_hidden=yes
ax_cv_check_cflags___ggdb=yes
ax_cv_check_ldflags___O0=yes
ax_cv_check_ldflags___ggdb=yes
lt_cv_ar_at_file=@
lt_cv_deplibs_check_method=pass_all
lt_cv_file_magic_cmd='$MAGIC_CMD'
lt_cv_file_magic_test_file=
lt_cv_ld_reload_flag=-r
lt_cv_nm_interface='BSD nm'
lt_cv_objdir=.libs
lt_cv_path_LD=/usr/bin/ld
lt_cv_path_NM='/usr/bin/nm -B'
lt_cv_path_mainfest_tool=no
lt_cv_prog_compiler_c_o=yes
lt_cv_prog_compiler_pic='-fPIC -DPIC'
lt_cv_prog_compiler_pic_works=yes
lt_cv_prog_compiler_rtti_exceptions=no
lt_cv_prog_compiler_static_works=yes
lt_cv_prog_gnu_ld=yes
lt_cv_sharedlib_from_linklib_cmd='printf %s\n'
lt_cv_shlibpath_overrides_runpath=yes
lt_cv_sys_global_symbol_pipe='/usr/bin/sed -n -e '\''s/^.*[	 ]\([ABCDGIRSTW][ABCDGIRSTW]*\)[	 ][	 ]*\([_A-Za-z][_A-Za-z0-9]*\)$/\1 \2 \2/p'\'' | /usr/bin/sed '\''/ __gnu_lto/d'\'''
lt_cv_sys_global_symbol_to_c_name_address='/usr/bin/sed -n -e '\''s/^: \(.*\) .*$/  {"\1", (void *) 0},/p'\'' -e '\''s/^[ABCDGIRSTW][ABCDGIRSTW]* .* \(.*\)$/  {"\1", (void *) \&\1},/p'\'''
lt_cv_sys_global_symbol_to_c_name_address_lib_prefix='/usr/bin/sed -n -e '\''s/^: \(.*\) .*$/  {"\1", (void *) 0},/p'\'' -e '\''s/^[ABCDGIRSTW][ABCDGIRSTW]* .* \(lib.*\)$/  {"\1", (void *) \&\1},/p'\'' -e '\''s/^[ABCDGIRSTW][ABCDGIRSTW]* .* \(.*\)$/  {"lib\1", (void *) \&\1},/p'\'''
lt_cv_sys_global_symbol_to_cdecl='/usr/bin/sed -n -e '\''s/^T .* \(.*\)$/extern int \1();/p'\'' -e '\''s/^[ABCDGIRSTW][ABCDGIRSTW]* .* \(.*\)$/extern char \1;/p'\'''
lt_cv_sys_global_symbol_to_import=
lt_cv_sys_max_cmd_len=1572864
lt_cv_to_host_file_cmd=func_convert_file_noop
lt_cv_to_tool_file_cmd=func_convert_file_noop
lt_cv_truncate_bin='/usr/bin/dd bs=4096 count=1'

## ----------------- ##
## Output variables. ##
## ----------------- ##

ACLOCAL='${SHELL} '\''/home/greg/bitcoin-dev/cleanroom/claudelnsym/cln-lnsymmetry/external/libwally-core/tools/build-aux/missing'\'' aclocal-1.16'
AMDEPBACKSLASH='\'
AMDEP_FALSE='#'
AMDEP_TRUE=''
AMTAR='$${TAR-tar}'
AM_BACKSLASH='\'
AM_CFLAGS='-D_DEFAULT_SOURCE=1 -Wall -Wextra -Wpedantic -Wcast-align -Wnested-externs -Wshadow -Wstrict-prototypes -Wformat -Wformat-security -Wformat-nonliteral  -O0 -ggdb -DBUILD_ELEMENTS=1 -flax-vector-conversions -Wno-unused-function -Wno-long-long -Wno-overlength-strings -Wno-variadic-macros -fvisibility=hidden'
AM_DEFAULT_V='$(AM_DEFAULT_VERBOSITY)'
AM_DEFAULT_VERBOSITY='0'
AM_V='$(V)'
AR='ar'
AUTOCONF='${SHELL} '\''/home/greg/bitcoin-dev/cleanroom/claudelnsym/cln-lnsymmetry/external/libwally-core/tools/build-aux/missing'\'' autoconf'
AUTOHEADER='${SHELL} '\''/home/greg/bitcoin-dev/cleanroom/claudelnsym/cln-lnsymmetry/external/libwally-core/tools/build-aux/missing'\'' autoheader'
AUTOMAKE='${SHELL} '\''/home/greg/bitcoin-dev/cleanroom/claudelnsym/cln-lnsymmetry/external/libwally-core/tools/build-aux/missing'\'' automake-1.16'
AWK='mawk'
BUILD_ELEMENTS_FALSE='#'
BUILD_ELEMENTS_TRUE=''
BUILD_MINIMAL_FALSE=''
BUILD_MINIMAL_TRUE='#'
BUILD_STANDARD_SECP_FALSE=''
BUILD_STANDARD_SECP_TRUE='#'
CC='cc'
CCDEPMODE='depmode=gcc3'
CFLAGS='-std=c99'
CPP='cc -E'
CPPFLAGS=''
CSCOPE='cscope'
CTAGS='ctags'
CTEST_EXTRA_STATIC='$(libwallycore_la_LIBADD)'
CYGPATH_W='echo'
DEFS='-DHAVE_CONFIG_H'
DEPDIR='.deps'
DLLTOOL='false'
DSYMUTIL=''
DUMPBIN=''
ECHO_C=''
ECHO_N='-n'
ECHO_T=''
EGREP='/usr/bin/grep -E'
ETAGS='etags'
EXEEXT=''
EXPORT_ALL_FALSE=''
EXPORT_ALL_TRUE='#'
FGREP='/usr/bin/grep -F'
FILECMD='file'
GNU_SED='sed'
GREP='/usr/bin/grep'
HAVE_GSED='no'
HAVE_JAVAC_FALSE=''
HAVE_JAVAC_TRUE='#'
HAVE_JAVA_FALSE='#'
HAVE_JAVA_TRUE=''
HAVE_PYTHON_FALSE='#'
HAVE_PYTHON_TRUE=''
HAVE_YARN=''
INSTALL_DATA='${INSTALL} -m 644'
INSTALL_PROGRAM='${INSTALL}'
INSTALL_SCRIPT='${INSTALL}'
INSTALL_STRIP_PROGRAM='$(install_sh) -c -s'
IS_MINGW_FALSE=''
IS_MINGW_TRUE='#'
IS_OSX_FALSE=''
IS_OSX_TRUE='#'
JAR=''
JAVA='java'
JAVAC=''
JAVAC_TARGET='1.7'
LD='/usr/bin/ld -m elf_x86_64'
LDFLAGS=' -O0 -ggdb'
LDPATH_VAR='LD_LIBRARY_PATH'
LIBADD_SECP256K1='-Wl,secp256k1/src/libsecp256k1_la-secp256k1.o,secp256k1/src/libsecp256k1_precomputed_la-precomputed_ecmult_gen.o,secp256k1/src/libsecp256k1_precomputed_la-precomputed_ecmult.o'
LIBOBJS=''
LIBS=''
LIBTOOL='$(SHELL) $(top_builddir)/libtool'
LIPO=''
LN_S='ln -s'
LTLIBOBJS=''
LT_SYS_LIBRARY_PATH=''
MAKEINFO='${SHELL} '\''/home/greg/bitcoin-dev/cleanroom/claudelnsym/cln-lnsymmetry/external/libwally-core/tools/build-aux/missing'\'' makeinfo'
MANIFEST_TOOL=':'
MKDIR_P='/usr/bin/mkdir -p'
NM='/usr/bin/nm -B'
NMEDIT=''
NOALIAS_CFLAGS='-fno-strict-aliasing'
NOBUILTIN_CFLAGS='-fno-builtin'
NODE_GYP_DIR='Debug'
NODE_GYP_FLAGS='--debug'
NOOPT_CFLAGS='-O0'
OBJDUMP='objdump'
OBJEXT='o'
OTOOL64=''
OTOOL=''
PACKAGE='libwallycore'
PACKAGE_BUGREPORT=''
PACKAGE_NAME='libwallycore'
PACKAGE_STRING='libwallycore 0.8.5'
PACKAGE_TARNAME='libwallycore'
PACKAGE_URL=''
PACKAGE_VERSION='0.8.5'
PATH_SEPARATOR=':'
PTHREAD_CC='cc'
PTHREAD_CFLAGS='-pthread'
PTHREAD_CXX=''
PTHREAD_LIBS='-lpthread'
PYTHON='/usr/bin/python3'
PYTHON_CPPFLAGS='-I/usr/include/python3.12'
PYTHON_EXTRA_LDFLAGS='-Xlinker -export-dynamic -Wl,-O1 -Wl,-Bsymbolic-functions'
PYTHON_EXTRA_LIBS='-ldl -lm'
PYTHON_LIBS='-L/usr/lib/x86_64-linux-gnu -lpython3.12'
PYTHON_MANYLINUX_FALSE=''
PYTHON_MANYLINUX_TRUE='#'
PYTHON_SITE_PKG='/usr/lib/python3/dist-packages'
PYTHON_VERSION='3'
RANLIB='ranlib'
RUN_JAVA_TESTS_FALSE=''
RUN_JAVA_TESTS_TRUE='#'
RUN_PYTHON_TESTS_FALSE=''
RUN_PYTHON_TESTS_TRUE='#'
RUN_TESTS_FALSE='#'
RUN_TESTS_TRUE=''
SED='/usr/bin/sed'
SET_MAKE=''
SHARED_BUILD_ENABLED_FALSE=''
SHARED_BUILD_ENABLED_TRUE='#'
SHELL='/bin/bash'
STRIP='strip'
SWIG='/usr/bin/swig'
SWIG_JAVA_CPPFLAGS=''
SWIG_JAVA_OPT=''
SWIG_LIB=''
SWIG_PYTHON_CPPFLAGS=''
SWIG_PYTHON_OPT=''
SWIG_WARN_CFLAGS='-fno-strict-aliasing -Wno-shadow -Wno-self-assign -Wno-missing-field-initializers'
USE_JS_WRAPPERS_FALSE=''
USE_JS_WRAPPERS_TRUE='#'
USE_PTHREAD_FALSE='#'
USE_PTHREAD_TRUE=''
USE_SWIG_JAVA_FALSE=''
USE_SWIG_JAVA_TRUE='#'
USE_SWIG_PYTHON_FALSE=''
USE_SWIG_PYTHON_TRUE='#'
VERSION='0.8.5'
_ACJNI_JAVAC=''
ac_ct_AR='ar'
ac_ct_CC='cc'
ac_ct_DUMPBIN=''
am__EXEEXT_FALSE=''
am__EXEEXT_TRUE='#'
am__fastdepCC_FALSE='#'
am__fastdepCC_TRUE=''
am__include='include'
am__isrc=' -I$(srcdir)'
am__leading_dot='.'
am__nodep='_no'
am__quote=''
am__tar='$${TAR-tar} chof - "$$tardir"'
am__untar='$${TAR-tar} xf -'
ax_pthread_config=''
bindir='${exec_prefix}/bin'
build='x86_64-pc-linux-gnu'
build_alias=''
build_cpu='x86_64'
build_os='linux-gnu'
build_vendor='pc'
datadir='${datarootdir}'
datarootdir='${prefix}/share'
docdir='${datarootdir}/doc/${PACKAGE_TARNAME}'
dvidir='${docdir}'
exec_prefix='${prefix}'
host='x86_64-pc-linux-gnu'
host_alias=''
host_cpu='x86_64'
host_os='linux-gnu'
host_vendor='pc'
htmldir='${docdir}'
includedir='${prefix}/include'
infodir='${datarootdir}/info'
install_sh='${SHELL} /home/greg/bitcoin-dev/cleanroom/claudelnsym/cln-lnsymmetry/external/libwally-core/tools/build-aux/install-sh'
libdir='/'
libexecdir='${exec_prefix}/libexec'
localedir='${datarootdir}/locale'
localstatedir='${prefix}/var'
mandir='${datarootdir}/man'
mkdir_p='$(MKDIR_P)'
oldincludedir='/usr/include'
pdfdir='${docdir}'
prefix='/'
program_transform_name='s,x,x,'
psdir='${docdir}'
runstatedir='${localstatedir}/run'
sbindir='${exec_prefix}/sbin'
sharedstatedir='${prefix}/com'
subdirs=' src/secp256k1'
sysconfdir='${prefix}/etc'
target_alias=''

## ----------- ##
## confdefs.h. ##
## ----------- ##

/* confdefs.h */
#define PACKAGE_NAME "libwallycore"
#define PACKAGE_TARNAME "libwallycore"
#define PACKAGE_VERSION "0.8.5"
#define PACKAGE_STRING "libwallycore 0.8.5"
#define PACKAGE_BUGREPORT ""
#define PACKAGE_URL ""
#define PACKAGE "libwallycore"
#define VERSION "0.8.5"
#define HAVE_STDIO_H 1
#define HAVE_STDLIB_H 1
#define HAVE_STRING_H 1
#define HAVE_INTTYPES_H 1
#define HAVE_STDINT_H 1
#define HAVE_STRINGS_H 1
#define HAVE_SYS_STAT_H 1
#define HAVE_SYS_TYPES_H 1
#define HAVE_UNISTD_H 1
#define STDC_HEADERS 1
#define HAVE_DLFCN_H 1
#define LT_OBJDIR ".libs/"
#define HAVE_UNALIGNED_ACCESS 1
#define HAVE_ATTRIBUTE_WEAK 1
#define HAVE_MMAP 1
#define HAVE_POSIX_MEMALIGN 1
#define HAVE_EXPLICIT_BZERO 1
#define HAVE_INLINE_ASM 1
#define HAVE_SYS_MMAN_H 1
#define HAVE_PTHREAD_PRIO_INHERIT 1
#define HAVE_PTHREAD 1
#define HAVE_PYTHON "3.12"

configure: exit 0
